################################################################################
#                                                                              #
#      IAR Universal Linker V4.61L/W32                                         #
#                                                                              #
#           Link time     =  02/Apr/2011  07:24:27                             #
#           Target CPU    =  A90                                               #
#           List file     =  C:\KEYPAD335_110401_IAR_BISA\Debug\List\Keypad_11 #
#                            0330.map                                          #
#           Output file 1 =  C:\KEYPAD335_110401_IAR_BISA\Debug\Exe\Keypad_110 #
#                            330.hex                                           #
#                            Format: intel-extended                            #
#           Command line  =  C:\KEYPAD335_110401_IAR_BISA\Debug\Obj\16by2CLCD. #
#                            r90                                               #
#                            C:\KEYPAD335_110401_IAR_BISA\Debug\Obj\display.r9 #
#                            0                                                 #
#                            C:\KEYPAD335_110401_IAR_BISA\Debug\Obj\key.r90    #
#                            C:\KEYPAD335_110401_IAR_BISA\Debug\Obj\main.r90   #
#                            C:\KEYPAD335_110401_IAR_BISA\Debug\Obj\rs232_MMIt #
#                            oPANEL.r90                                        #
#                            C:\KEYPAD335_110401_IAR_BISA\Debug\Obj\util.r90   #
#                            -o                                                #
#                            C:\KEYPAD335_110401_IAR_BISA\Debug\Exe\Keypad_110 #
#                            330.hex                                           #
#                            -Fintel-extended -l                               #
#                            C:\KEYPAD335_110401_IAR_BISA\Debug\List\Keypad_11 #
#                            0330.map                                          #
#                            -xmsnio                                           #
#                            "-IC:\Program Files\IAR Systems\Embedded Workbenc #
#                            h 5.3\avr\LIB\"                                   #
#                            -f                                                #
#                            "C:\Program Files\IAR Systems\Embedded Workbench  #
#                            5.3\avr\src\template\cfgm2560.xcl"                #
#                            (-D_..X_INTVEC_SIZE=E4 -D_..X_FLASH_NEND=FFFF     #
#                            -D_..X_FLASH_END=3FFFF -D_..X_SRAM_BASE=200       #
#                            -D_..X_SRAM_TBASE=0 -D_..X_SRAM_TSIZE=0           #
#                            -D_..X_SRAM_END=21FF -D_..X_EEPROM_END=FFF        #
#                            -D_..X_EEPROM_START=0) -D_..X_HEAP_SIZE=10        #
#                            -D_..X_TINY_HEAP_SIZE=0 -D_..X_NEAR_HEAP_SIZE=0   #
#                            -D_..X_FAR_HEAP_SIZE=0 -D_..X_HUGE_HEAP_SIZE=0    #
#                            -D_..X_CSTACK_SIZE=500 -D_..X_RSTACK_SIZE=12C     #
#                            -f                                                #
#                            "C:\Program Files\IAR Systems\Embedded Workbench  #
#                            5.3\avr\src\template\cfg5s.xcl"                   #
#                            (-ca90 -w29                                       #
#                            -Z(CODE)INTVEC=0-(_..X_INTVEC_SIZE-1)             #
#                            -Z(CODE)TINY_F=_..X_FLASH_BASE-FF                 #
#                            -Z(CODE)NEAR_F=_..X_FLASH_BASE-_..X_FLASH_NEND    #
#                            -Z(CODE)SWITCH=_..X_FLASH_BASE-_..X_FLASH_NEND    #
#                            -Z(CODE)DIFUNCT=_..X_FLASH_BASE-_..X_FLASH_NEND   #
#                            -Z(CODE)CODE=_..X_FLASH_BASE-1FFFF                #
#                            -Z(CODE)FARCODE=_..X_FLASH_BASE-_..X_FLASH_END    #
#                            -P(CODE)FAR_F=[_..X_FLASH_BASE-_..X_FLASH_END]/10 #
#                            000                                               #
#                            -Z(CODE)INITTAB=_..X_FLASH_BASE-_..X_FLASH_END    #
#                            -Z(CODE)HUGE_F=_..X_FLASH_BASE-_..X_FLASH_END     #
#                            -Z(CODE)TINY_ID=_..X_FLASH_BASE-_..X_FLASH_END    #
#                            -Z(CODE)NEAR_ID=_..X_FLASH_BASE-_..X_FLASH_END    #
#                            -Z(CODE)CHECKSUM#_..X_FLASH_END                   #
#                            -Z(DATA)TINY_I,TINY_Z,TINY_N=_..X_SRAM_TBASE:+_.. #
#                            X_SRAM_TSIZE                                      #
#                            -Z(DATA)CSTACK+_..X_CSTACK_SIZE=_..X_CSTACK_BASE- #
#                            _..X_CSTACK_END                                   #
#                            -Z(DATA)HEAP+_..X_HEAP_SIZE=_..X_SRAM_BASE-_..X_S #
#                            RAM_END,_..X_EXT_SRAM_BASE:+_..X_EXT_SRAM_SIZE    #
#                            -Z(DATA)IOSTREAM_N#_..X_SRAM_BASE-_..X_SRAM_END,_ #
#                            ..X_EXT_SRAM_BASE:+_..X_EXT_SRAM_SIZE             #
#                            -Z(DATA)NEAR_HEAP+_..X_NEAR_HEAP_SIZE=_..X_SRAM_B #
#                            ASE-_..X_SRAM_END,_..X_EXT_SRAM_BASE:+_..X_EXT_SR #
#                            AM_SIZE                                           #
#                            -Z(DATA)RSTACK+_..X_RSTACK_SIZE=_..X_RSTACK_BASE- #
#                            _..X_RSTACK_END                                   #
#                            -Z(DATA)NEAR_I,NEAR_Z=_..X_SRAM_BASE-_..X_SRAM_EN #
#                            D,_..X_EXT_SRAM_BASE:+_..X_EXT_SRAM_SIZE          #
#                            -Z(DATA)NEAR_C=_..X_EXT_ROM_BASE:+_..X_EXT_ROM_SI #
#                            ZE                                                #
#                            -Z(DATA)NEAR_N=_..X_EXT_NV_BASE:+_..X_EXT_NV_SIZE #
#                            -Z(XDATA)EEPROM_I,EEPROM_N=_..X_EEPROM_START-_..X #
#                            _EEPROM_END)                                      #
#                            -D_..X_FLASH_BASE=_..X_INTVEC_SIZE -H1895         #
#                            -h(CODE)0-(_..X_INTVEC_SIZE-1)                    #
#                            -D_..X_EXT_SRAM_BASE=8000                         #
#                            -D_..X_EXT_SRAM_SIZE=7FFF                         #
#                            -D_..X_EXT_ROM_BASE=_..X_SRAM_END                 #
#                            -D_..X_EXT_ROM_SIZE=0 -D_..X_EXT_NV_BASE=2000     #
#                            -D_..X_EXT_NV_SIZE=400                            #
#                            -D_..X_CSTACK_BASE=_..X_SRAM_BASE                 #
#                            -D_..X_CSTACK_END=_..X_SRAM_END                   #
#                            -D_..X_RSTACK_BASE=_..X_SRAM_BASE                 #
#                            -D_..X_RSTACK_END=_..X_SRAM_END -s                #
#                            __program_start                                   #
#                            "C:\Program Files\IAR Systems\Embedded Workbench  #
#                            5.3\avr\LIB\CLIB\cl5s-ec_mul.r90"                 #
#                            -e_small_write=_formatted_write                   #
#                            -e_medium_read=_formatted_read                    #
#                                                                              #
#                           Copyright (C) 1987-2009 IAR Systems AB.            #
################################################################################





                ****************************************
                *                                      *
                *           CROSS REFERENCE            *
                *                                      *
                ****************************************

       Program entry at : CODE      00000000  Relocatable, from module : ?RESET




                ****************************************
                *                                      *
                *            RUNTIME MODEL             *
                *                                      *
                ****************************************

  R10             = REG
  R11             = REG
  R12             = REG
  R13             = REG
  R14             = REG
  R15             = REG
  R4              = REG
  R5              = REG
  R6              = REG
  R7              = REG
  R8              = REG
  R9              = REG
  __64bit_doubles = disabled
  __cpu           = 5
  __cpu_name      = ATmega2560
  __enhanced_core = enabled
  __has_elpm      = true
  __memory_model  = 2
  __no_rampd      = enabled
  __rt_version    = 3



                ****************************************
                *                                      *
                *              MODULE MAP              *
                *                                      *
                ****************************************


  DEFINED ABSOLUTE ENTRIES
  PROGRAM MODULE, NAME : ?ABS_ENTRY_MOD

Absolute parts
           ENTRY                   ADDRESS         REF BY
           =====                   =======         ======
           _..X_RSTACK_END         000021FF 
           _..X_RSTACK_BASE        00000200 
           _..X_CSTACK_END         000021FF 
           _..X_CSTACK_BASE        00000200 
           _..X_EXT_NV_SIZE        00000400 
           _..X_EXT_NV_BASE        00002000 
           _..X_EXT_ROM_SIZE       00000000 
           _..X_EXT_ROM_BASE       000021FF 
           _..X_EXT_SRAM_SIZE      00007FFF 
           _..X_EXT_SRAM_BASE      00008000 
           _..X_FLASH_BASE         000000E4 
           _..X_RSTACK_SIZE        0000012C 
           _..X_CSTACK_SIZE        00000500 
           _..X_HUGE_HEAP_SIZE     00000000 
           _..X_FAR_HEAP_SIZE      00000000 
           _..X_NEAR_HEAP_SIZE     00000000 
           _..X_TINY_HEAP_SIZE     00000000 
           _..X_HEAP_SIZE          00000010 
           _..X_EEPROM_START       00000000 
           _..X_EEPROM_END         00000FFF 
           _..X_SRAM_END           000021FF 
           _..X_SRAM_TSIZE         00000000 
           _..X_SRAM_TBASE         00000000 
           _..X_SRAM_BASE          00000200 
           _..X_FLASH_END          0003FFFF 
           _..X_FLASH_NEND         0000FFFF 
           _..X_INTVEC_SIZE        000000E4 
    *************************************************************************

  FILE NAME : C:\KEYPAD335_110401_IAR_BISA\Debug\Obj\16by2CLCD.r90
  PROGRAM MODULE, NAME : 16by2CLCD

  SEGMENTS IN THE MODULE
  ======================
ABSOLUTE
  Relative segment, address: DATA 00000102 - 00000102 (0x1 bytes), align: 0
  Segment part 1. ROOT.       Intra module refs:   CLCD_command
                                                   CLCD_data
                                                   MCU_initialize (main)
           ENTRY                   ADDRESS         REF BY
           =====                   =======         ======
           _A_PORTH                00000102 
    -------------------------------------------------------------------------
ABSOLUTE
  Relative segment, address: DATA 0000002B - 0000002B (0x1 bytes), align: 0
  Segment part 2. ROOT.       Intra module refs:   CLCD_BackLightOnOff
                                                   CLCD_command
                                                   CLCD_data
                                                   MCU_initialize (main)
           ENTRY                   ADDRESS         REF BY
           =====                   =======         ======
           _A_PORTD                0000002B 
    -------------------------------------------------------------------------
NEAR_Z
  Relative segment, address: DATA 00008000 - 00008000 (0x1 bytes), align: 0
  Segment part 10.            Intra module refs:   CLCD_cursor_OFF
           ENTRY                   ADDRESS         REF BY
           =====                   =======         ======
           posInpage               00008000        DisplayInit (display)
                                                   SYS_0_1 (display)
                                                   SYS_AccessLevel_Mode (display)
                                                   SYS_ParameterEdt (display)
                                                   SYS_cursor_ON_Mode (display)
    -------------------------------------------------------------------------
FARCODE
  Relative segment, address: CODE 00000F42 - 00000F65 (0x24 bytes), align: 1
  Segment part 12.            Intra module refs:   CLCD_cursor_OFF
                                                   CLCD_cursor_ON
                                                   CLCD_initialize
                                                   CLCD_string
           ENTRY                   ADDRESS         REF BY
           =====                   =======         ======
           CLCD_command            00000F42 
               calls direct
               RSTACK = 00000000 ( 00000003 )
    -------------------------------------------------------------------------
FARCODE
  Relative segment, address: CODE 00000F66 - 00000F8D (0x28 bytes), align: 1
  Segment part 13.            Intra module refs:   CLCD_string
           ENTRY                   ADDRESS         REF BY
           =====                   =======         ======
           CLCD_data               00000F66 
               calls direct
               RSTACK = 00000000 ( 00000003 )
    -------------------------------------------------------------------------
FARCODE
  Relative segment, address: CODE 00000F8E - 00000F97 (0xa bytes), align: 1
  Segment part 14.
           ENTRY                   ADDRESS         REF BY
           =====                   =======         ======
           CLCD_cursor_ON          00000F8E        SYS_cursor_ON_Mode (display)
               calls direct
               RSTACK = 00000000 ( 00000003 )
    -------------------------------------------------------------------------
FARCODE
  Relative segment, address: CODE 00000F98 - 00000FA3 (0xc bytes), align: 1
  Segment part 15.
           ENTRY                   ADDRESS         REF BY
           =====                   =======         ======
           CLCD_cursor_OFF         00000F98        SYS_ParameterDisplay (display)
               calls direct
               RSTACK = 00000000 ( 00000003 )
    -------------------------------------------------------------------------
FARCODE
  Relative segment, address: CODE 00000FA4 - 00000FBF (0x1c bytes), align: 1
  Segment part 16.
           ENTRY                   ADDRESS         REF BY
           =====                   =======         ======
           CLCD_string             00000FA4        MainSYSTEM (display)
                                                   SYS_0 (display)
                                                   SYS_0_0 (display)
                                                   SYS_0_1 (display)
                                                   SYS_0xFFFFFFFF (display)
                                                   SYS_1 (display)
                                                   SYS_1_0 (display)
                                                   SYS_1_0_00 (display)
                                                   SYS_1_0_01 (display)
                                                   SYS_1_0_02 (display)
                                                   SYS_1_0_03 (display)
                                                   SYS_1_0_04 (display)
                                                   SYS_1_0_05 (display)
                                                   SYS_1_0_06 (display)
                                                   SYS_1_0_07 (display)
                                                   SYS_1_0_08 (display)
                                                   SYS_1_0_09 (display)
                                                   SYS_1_0_10 (display)
                                                   SYS_1_0_11 (display)
                                                   SYS_1_0_12 (display)
                                                   SYS_1_0_13 (display)
                                                   SYS_1_1 (display)
                                                   SYS_1_1_00 (display)
                                                   SYS_1_1_01 (display)
                                                   SYS_1_1_04 (display)
                                                   SYS_1_2 (display)
                                                   SYS_1_2_00 (display)
                                                   SYS_1_2_01 (display)
                                                   SYS_1_2_02 (display)
                                                   SYS_1_2_03 (display)
                                                   SYS_1_2_04 (display)
                                                   SYS_1_2_05 (display)
                                                   SYS_1_2_06 (display)
                                                   SYS_1_2_07 (display)
                                                   SYS_2 (display)
                                                   SYS_2_08 (display)
                                                   SYS_2_08_00 (display)
                                                   SYS_2_08_01 (display)
                                                   SYS_2_08_02 (display)
                                                   SYS_2_08_03 (display)
                                                   SYS_2_08_04 (display)
                                                   SYS_2_08_05 (display)
                                                   SYS_2_08_06 (display)
                                                   SYS_2_08_16 (display)
                                                   SYS_2_08_18 (display)
                                                   SYS_2_11 (display)
                                                   SYS_2_11_00 (display)
                                                   SYS_2_11_01 (display)
                                                   SYS_2_11_02 (display)
                                                   SYS_2_11_03 (display)
                                                   SYS_2_11_04 (display)
                                                   SYS_2_11_05 (display)
                                                   SYS_2_11_06 (display)
                                                   SYS_2_12 (display)
                                                   SYS_2_12_00 (display)
                                                   SYS_2_12_01 (display)
                                                   SYS_2_12_02 (display)
                                                   SYS_2_12_03 (display)
                                                   SYS_2_12_04 (display)
                                                   SYS_2_12_05 (display)
                                                   SYS_2_12_06 (display)
                                                   SYS_2_12_07 (display)
                                                   SYS_2_29 (display)
                                                   SYS_2_29_00 (display)
                                                   SYS_2_29_01 (display)
                                                   SYS_2_29_02 (display)
                                                   SYS_2_29_03 (display)
                                                   SYS_2_29_04 (display)
                                                   SYS_2_29_05 (display)
                                                   SYS_2_29_06 (display)
                                                   SYS_2_29_07 (display)
                                                   SYS_2_29_08 (display)
                                                   SYS_2_29_09 (display)
                                                   SYS_2_29_10 (display)
                                                   SYS_2_29_11 (display)
                                                   SYS_2_29_12 (display)
                                                   SYS_2_29_13 (display)
                                                   SYS_2_29_14 (display)
                                                   SYS_2_29_15 (display)
                                                   SYS_2_29_16 (display)
                                                   SYS_2_29_17 (display)
                                                   SYS_2_29_18 (display)
                                                   SYS_2_29_19 (display)
                                                   SYS_2_29_20 (display)
                                                   SYS_2_29_21 (display)
                                                   SYS_2_29_22 (display)
                                                   SYS_2_29_23 (display)
                                                   SYS_2_29_24 (display)
                                                   SYS_2_29_25 (display)
                                                   SYS_2_29_26 (display)
                                                   SYS_4 (display)
                                                   SYS_4_00 (display)
                                                   SYS_4_00_00 (display)
                                                   SYS_6 (display)
                                                   SYS_6_00 (display)
                                                   SYS_6_01 (display)
                                                   SYS_6_02 (display)
                                                   SYS_AccessLevel_Mode (display)
                                                   SYS_ParameterDisplay (display)
                                                   main (main)
               calls direct
               CSTACK = 00000000 ( 00000002 )
               RSTACK = 00000000 ( 00000003 )
    -------------------------------------------------------------------------
FARCODE
  Relative segment, address: CODE 00000FC0 - 00000FD9 (0x1a bytes), align: 1
  Segment part 17.
           ENTRY                   ADDRESS         REF BY
           =====                   =======         ======
           CLCD_initialize         00000FC0        main (main)
               calls direct
               RSTACK = 00000000 ( 00000003 )
    -------------------------------------------------------------------------
FARCODE
  Relative segment, address: CODE 00000FDA - 00000FE5 (0xc bytes), align: 1
  Segment part 18.
           ENTRY                   ADDRESS         REF BY
           =====                   =======         ======
           CLCD_BackLightOnOff     00000FDA        MainSYSTEM (display)
                                                   main (main)
               RSTACK = 00000000 ( 00000003 )
    -------------------------------------------------------------------------
ABSOLUTE
  Relative segment, address: DATA 0000001F, align: 0
  Segment part 3. ROOT.
           ENTRY                   ADDRESS         REF BY
           =====                   =======         ======
           __?EECR                 0000001F 
    -------------------------------------------------------------------------
ABSOLUTE
  Relative segment, address: DATA 00000020, align: 0
  Segment part 4. ROOT.
           ENTRY                   ADDRESS         REF BY
           =====                   =======         ======
           __?EEDR                 00000020 
    -------------------------------------------------------------------------
ABSOLUTE
  Relative segment, address: DATA 00000021, align: 0
  Segment part 5. ROOT.
           ENTRY                   ADDRESS         REF BY
           =====                   =======         ======
           __?EEARL                00000021 
    -------------------------------------------------------------------------
ABSOLUTE
  Relative segment, address: DATA 00000022, align: 0
  Segment part 6. ROOT.
           ENTRY                   ADDRESS         REF BY
           =====                   =======         ======
           __?EEARH                00000022 
    -------------------------------------------------------------------------
ABSOLUTE
  Relative segment, address: DATA 00000074, align: 0
  Segment part 7. ROOT.
           ENTRY                   ADDRESS         REF BY
           =====                   =======         ======
           __?XMCRA                00000074        __RSTACK_in_external_ram_new_way (?C_STARTUP)
    -------------------------------------------------------------------------
CSTACK
  Segment part 8. NOT NEEDED.
    -------------------------------------------------------------------------
RSTACK
  Segment part 9. NOT NEEDED.
    -------------------------------------------------------------------------
INITTAB
  Relative segment, address: CODE 0000A9CC - 0000A9D2 (0x7 bytes), align: 0
  Segment part 11.            Intra module refs:   AccessLevel (display)
                                                   CRC (rs232_MMItoPANEL)
                                                   Communication_Fault_Flag (rs232_MMItoPANEL)
                                                   DATA_Registers (display)
                                                   Edit_flag (display)
                                                   EventFlagA (main)
                                                   EventFlagB (main)
                                                   EventFlagC (main)
                                                   EventFlagD (main)
                                                   EventFlagE (main)
                                                   EventTimeA (main)
                                                   EventTimeB (main)
                                                   EventTimeC (main)
                                                   EventTimeD (main)
                                                   EventTimeE (main)
                                                   FaultDetectionHistory (display)
                                                   KeyState (key)
                                                   LongKeyFlag (key)
                                                   MainSYSTEM::_EventFlagE (display)
                                                   MenuDisplay (display)
                                                   RXD0 (rs232_MMItoPANEL)
                                                   RefreshFlag (display)
                                                   RxAddr (rs232_MMItoPANEL)
                                                   RxBuf (rs232_MMItoPANEL)
                                                   RxCRC (rs232_MMItoPANEL)
                                                   RxData (rs232_MMItoPANEL)
                                                   RxType (rs232_MMItoPANEL)
                                                   SCI_Registers (rs232_MMItoPANEL)
                                                   SCI_TxOffset (rs232_MMItoPANEL)
                                                   SciC_RxFlag (rs232_MMItoPANEL)
                                                   SciC_RxStep (rs232_MMItoPANEL)
                                                   Temporary (display)
                                                   TimeTic_100ms (main)
                                                   TimeTic_10ms (main)
                                                   TimeTic_1ms (main)
                                                   TimeTic_1s (main)
                                                   TimeTic_200ms (main)
                                                   TimeTic_500ms (main)
                                                   TimerTicFlag (main)
                                                   Toggle10ms (main)
                                                   Toggle500ms (main)
                                                   TxDelyCnt (rs232_MMItoPANEL)
                                                   edit_Temp (display)
                                                   gRequestAddr (display)
                                                   key_press_time (key)
                                                   pass_pos (display)
                                                   posInpage
                                                   text_buf (display)
           ENTRY                   ADDRESS         REF BY
           =====                   =======         ======
           ?<Segment init: NEAR_Z>
                                   0000A9CC 

    *************************************************************************

  FILE NAME : C:\KEYPAD335_110401_IAR_BISA\Debug\Obj\display.r90
  PROGRAM MODULE, NAME : display

  SEGMENTS IN THE MODULE
  ======================
ABSOLUTE
  Relative segment, address: DATA 0000010B - 0000010B (0x1 bytes), align: 0
  Segment part 1. ROOT.       Intra module refs:   MCU_initialize (main)
                                                   MainSYSTEM
                                                   main (main)
           ENTRY                   ADDRESS         REF BY
           =====                   =======         ======
           _A_PORTL                0000010B 
    -------------------------------------------------------------------------
NEAR_Z
  Relative segment, address: DATA 00008001 - 00009A90 (0x1a90 bytes), align: 0
  Segment part 398.           Intra module refs:   MainSYSTEM
                                                   SYS_1_1_04
                                                   SYS_1_2_06
                                                   SYS_1_2_07
                                                   SYS_4_00
                                                   SYS_4_00_00
           ENTRY                   ADDRESS         REF BY
           =====                   =======         ======
           DATA_Registers          00008001        ReadDataMem (rs232_MMItoPANEL)
                                                   SCI_Process (rs232_MMItoPANEL)
                                                   SCI_RegisterRefresh (rs232_MMItoPANEL)
                                                   SCI_SendData (rs232_MMItoPANEL)
                                                   USART0_RX_ISR (rs232_MMItoPANEL)
                                                   WriteDataMem (rs232_MMItoPANEL)
    -------------------------------------------------------------------------
NEAR_Z
  Relative segment, address: DATA 00009A91 - 00009A91 (0x1 bytes), align: 0
  Segment part 400.           Intra module refs:   MainSYSTEM
                                                   SYS_0
                                                   SYS_0_0
                                                   SYS_0_1
                                                   SYS_0xFFFFFFFF
                                                   SYS_1
                                                   SYS_1_0
                                                   SYS_1_0_00
                                                   SYS_1_0_01
                                                   SYS_1_0_02
                                                   SYS_1_0_03
                                                   SYS_1_0_04
                                                   SYS_1_0_05
                                                   SYS_1_0_06
                                                   SYS_1_0_07
                                                   SYS_1_0_08
                                                   SYS_1_0_09
                                                   SYS_1_0_10
                                                   SYS_1_0_11
                                                   SYS_1_0_12
                                                   SYS_1_0_13
                                                   SYS_1_1
                                                   SYS_1_1_00
                                                   SYS_1_1_01
                                                   SYS_1_1_04
                                                   SYS_1_2
                                                   SYS_1_2_00
                                                   SYS_1_2_01
                                                   SYS_1_2_02
                                                   SYS_1_2_03
                                                   SYS_1_2_04
                                                   SYS_1_2_05
                                                   SYS_1_2_06
                                                   SYS_1_2_07
                                                   SYS_2
                                                   SYS_2_08
                                                   SYS_2_08_00
                                                   SYS_2_08_01
                                                   SYS_2_08_02
                                                   SYS_2_08_03
                                                   SYS_2_08_04
                                                   SYS_2_08_05
                                                   SYS_2_08_06
                                                   SYS_2_08_16
                                                   SYS_2_08_18
                                                   SYS_2_11
                                                   SYS_2_11_00
                                                   SYS_2_11_01
                                                   SYS_2_11_02
                                                   SYS_2_11_03
                                                   SYS_2_11_04
                                                   SYS_2_11_05
                                                   SYS_2_11_06
                                                   SYS_2_12
                                                   SYS_2_12_00
                                                   SYS_2_12_01
                                                   SYS_2_12_02
                                                   SYS_2_12_03
                                                   SYS_2_12_04
                                                   SYS_2_12_05
                                                   SYS_2_12_06
                                                   SYS_2_12_07
                                                   SYS_2_29
                                                   SYS_2_29_00
                                                   SYS_2_29_01
                                                   SYS_2_29_02
                                                   SYS_2_29_03
                                                   SYS_2_29_04
                                                   SYS_2_29_05
                                                   SYS_2_29_06
                                                   SYS_2_29_07
                                                   SYS_2_29_08
                                                   SYS_2_29_09
                                                   SYS_2_29_10
                                                   SYS_2_29_11
                                                   SYS_2_29_12
                                                   SYS_2_29_13
                                                   SYS_2_29_14
                                                   SYS_2_29_15
                                                   SYS_2_29_16
                                                   SYS_2_29_17
                                                   SYS_2_29_18
                                                   SYS_2_29_19
                                                   SYS_2_29_20
                                                   SYS_2_29_21
                                                   SYS_2_29_22
                                                   SYS_2_29_23
                                                   SYS_2_29_24
                                                   SYS_2_29_25
                                                   SYS_2_29_26
                                                   SYS_4
                                                   SYS_4_00
                                                   SYS_4_00_00
                                                   SYS_6
                                                   SYS_6_00
                                                   SYS_6_01
                                                   SYS_6_02
                                                   SYS_AccessLevel_Mode
                                                   SYS_ParameterEdt
           ENTRY                   ADDRESS         REF BY
           =====                   =======         ======
           RefreshFlag             00009A91        main (main)
    -------------------------------------------------------------------------
NEAR_Z
  Relative segment, address: DATA 00009A92 - 00009A93 (0x2 bytes), align: 0
  Segment part 401.           Intra module refs:   DisplayInit
                                                   SYS_0
                                                   SYS_0_0
                                                   SYS_0_1
                                                   SYS_1_0_00
                                                   SYS_1_0_01
                                                   SYS_1_0_02
                                                   SYS_1_0_03
                                                   SYS_1_0_04
                                                   SYS_1_0_05
                                                   SYS_1_0_06
                                                   SYS_1_0_07
                                                   SYS_1_0_08
                                                   SYS_1_0_09
                                                   SYS_1_0_10
                                                   SYS_1_0_11
                                                   SYS_1_0_12
                                                   SYS_1_0_13
                                                   SYS_1_1_00
                                                   SYS_1_1_01
                                                   SYS_1_1_04
                                                   SYS_1_2_00
                                                   SYS_1_2_01
                                                   SYS_1_2_02
                                                   SYS_1_2_03
                                                   SYS_1_2_04
                                                   SYS_1_2_05
                                                   SYS_1_2_06
                                                   SYS_1_2_07
                                                   SYS_2_08_00
                                                   SYS_2_08_01
                                                   SYS_2_08_02
                                                   SYS_2_08_03
                                                   SYS_2_08_04
                                                   SYS_2_08_05
                                                   SYS_2_08_06
                                                   SYS_2_08_16
                                                   SYS_2_08_18
                                                   SYS_2_11_00
                                                   SYS_2_11_01
                                                   SYS_2_11_02
                                                   SYS_2_11_03
                                                   SYS_2_11_04
                                                   SYS_2_11_05
                                                   SYS_2_11_06
                                                   SYS_2_12_00
                                                   SYS_2_12_01
                                                   SYS_2_12_02
                                                   SYS_2_12_03
                                                   SYS_2_12_04
                                                   SYS_2_12_05
                                                   SYS_2_12_06
                                                   SYS_2_12_07
                                                   SYS_2_29_00
                                                   SYS_2_29_01
                                                   SYS_2_29_02
                                                   SYS_2_29_03
                                                   SYS_2_29_04
                                                   SYS_2_29_05
                                                   SYS_2_29_06
                                                   SYS_2_29_07
                                                   SYS_2_29_08
                                                   SYS_2_29_09
                                                   SYS_2_29_10
                                                   SYS_2_29_11
                                                   SYS_2_29_12
                                                   SYS_2_29_13
                                                   SYS_2_29_14
                                                   SYS_2_29_15
                                                   SYS_2_29_16
                                                   SYS_2_29_17
                                                   SYS_2_29_18
                                                   SYS_2_29_19
                                                   SYS_2_29_20
                                                   SYS_2_29_21
                                                   SYS_2_29_22
                                                   SYS_2_29_23
                                                   SYS_2_29_24
                                                   SYS_2_29_25
                                                   SYS_2_29_26
                                                   SYS_4_00
                                                   SYS_4_00_00
                                                   SYS_AccessLevel_Mode
                                                   SYS_ParameterDisplay
                                                   SYS_ParameterEdt
           ENTRY                   ADDRESS         REF BY
           =====                   =======         ======
           Temporary               00009A92 
    -------------------------------------------------------------------------
NEAR_Z
  Relative segment, address: DATA 00009A94 - 00009A95 (0x2 bytes), align: 0
  Segment part 402.           Intra module refs:   DisplayInit
                                                   SYS_0_1
                                                   SYS_2_08_00
                                                   SYS_2_08_01
                                                   SYS_2_08_02
                                                   SYS_2_08_03
                                                   SYS_2_08_04
                                                   SYS_2_08_05
                                                   SYS_2_08_06
                                                   SYS_2_08_16
                                                   SYS_2_08_18
                                                   SYS_2_11_00
                                                   SYS_2_11_01
                                                   SYS_2_11_02
                                                   SYS_2_11_03
                                                   SYS_2_11_04
                                                   SYS_2_11_05
                                                   SYS_2_11_06
                                                   SYS_2_12_00
                                                   SYS_2_12_01
                                                   SYS_2_12_02
                                                   SYS_2_12_03
                                                   SYS_2_12_04
                                                   SYS_2_12_05
                                                   SYS_2_12_06
                                                   SYS_2_12_07
                                                   SYS_2_29_00
                                                   SYS_2_29_01
                                                   SYS_2_29_02
                                                   SYS_2_29_03
                                                   SYS_2_29_04
                                                   SYS_2_29_05
                                                   SYS_2_29_06
                                                   SYS_2_29_07
                                                   SYS_2_29_08
                                                   SYS_2_29_09
                                                   SYS_2_29_10
                                                   SYS_2_29_11
                                                   SYS_2_29_12
                                                   SYS_2_29_13
                                                   SYS_2_29_14
                                                   SYS_2_29_15
                                                   SYS_2_29_16
                                                   SYS_2_29_17
                                                   SYS_2_29_18
                                                   SYS_2_29_19
                                                   SYS_2_29_20
                                                   SYS_2_29_21
                                                   SYS_2_29_22
                                                   SYS_2_29_23
                                                   SYS_2_29_24
                                                   SYS_2_29_25
                                                   SYS_2_29_26
                                                   SYS_AccessLevel_Mode
                                                   SYS_ParameterDisplay
                                                   SYS_ParameterEdt
           ENTRY                   ADDRESS         REF BY
           =====                   =======         ======
           edit_Temp               00009A94 
    -------------------------------------------------------------------------
NEAR_Z
  Relative segment, address: DATA 00009A96 - 00009A97 (0x2 bytes), align: 0
  Segment part 403.           Intra module refs:   SYS_ParameterEdt
           ENTRY                   ADDRESS         REF BY
           =====                   =======         ======
           gRequestAddr            00009A96        SCI_Process (rs232_MMItoPANEL)
    -------------------------------------------------------------------------
NEAR_Z
  Segment part 404. NOT NEEDED.
           ENTRY                   ADDRESS         REF BY
           =====                   =======         ======
           password                
    -------------------------------------------------------------------------
NEAR_Z
  Relative segment, address: DATA 00009A98 - 00009A98 (0x1 bytes), align: 0
  Segment part 405.           Intra module refs:   SYS_6_00
                                                   SYS_AccessLevel_Mode
           ENTRY                   ADDRESS         REF BY
           =====                   =======         ======
           AccessLevel             00009A98 
    -------------------------------------------------------------------------
NEAR_Z
  Relative segment, address: DATA 00009A99 - 00009A99 (0x1 bytes), align: 0
  Segment part 406.           Intra module refs:   SYS_cursor_ON_Mode
           ENTRY                   ADDRESS         REF BY
           =====                   =======         ======
           pass_pos                00009A99 
    -------------------------------------------------------------------------
NEAR_Z
  Relative segment, address: DATA 00009A9A - 00009A9A (0x1 bytes), align: 0
  Segment part 407.           Intra module refs:   DisplayInit
                                                   SYS_0_1
                                                   SYS_2_08_00
                                                   SYS_2_08_01
                                                   SYS_2_08_02
                                                   SYS_2_08_03
                                                   SYS_2_08_04
                                                   SYS_2_08_05
                                                   SYS_2_08_06
                                                   SYS_2_08_16
                                                   SYS_2_08_18
                                                   SYS_2_11_00
                                                   SYS_2_11_01
                                                   SYS_2_11_02
                                                   SYS_2_11_03
                                                   SYS_2_11_04
                                                   SYS_2_11_05
                                                   SYS_2_11_06
                                                   SYS_2_12_00
                                                   SYS_2_12_01
                                                   SYS_2_12_02
                                                   SYS_2_12_03
                                                   SYS_2_12_04
                                                   SYS_2_12_05
                                                   SYS_2_12_06
                                                   SYS_2_12_07
                                                   SYS_2_29_00
                                                   SYS_2_29_01
                                                   SYS_2_29_02
                                                   SYS_2_29_03
                                                   SYS_2_29_04
                                                   SYS_2_29_05
                                                   SYS_2_29_06
                                                   SYS_2_29_07
                                                   SYS_2_29_08
                                                   SYS_2_29_09
                                                   SYS_2_29_10
                                                   SYS_2_29_11
                                                   SYS_2_29_12
                                                   SYS_2_29_13
                                                   SYS_2_29_14
                                                   SYS_2_29_15
                                                   SYS_2_29_16
                                                   SYS_2_29_17
                                                   SYS_2_29_18
                                                   SYS_2_29_19
                                                   SYS_2_29_20
                                                   SYS_2_29_21
                                                   SYS_2_29_22
                                                   SYS_2_29_23
                                                   SYS_2_29_24
                                                   SYS_2_29_25
                                                   SYS_2_29_26
                                                   SYS_AccessLevel_Mode
                                                   SYS_ParameterDisplay
                                                   SYS_ParameterEdt
           ENTRY                   ADDRESS         REF BY
           =====                   =======         ======
           Edit_flag               00009A9A 
    -------------------------------------------------------------------------
NEAR_Z
  Relative segment, address: DATA 00009A9B - 00009B9A (0x100 bytes), align: 0
  Segment part 408.           Intra module refs:   _TEXT
                                                   _cpy_flash2memory
           ENTRY                   ADDRESS         REF BY
           =====                   =======         ======
           text_buf                00009A9B 
    -------------------------------------------------------------------------
NEAR_Z
  Segment part 409. NOT NEEDED.
           ENTRY                   ADDRESS         REF BY
           =====                   =======         ======
           eeprom_addr             
    -------------------------------------------------------------------------
NEAR_Z
  Relative segment, address: DATA 00009B9B - 00009B9B (0x1 bytes), align: 0
  Segment part 410.           Intra module refs:   MainSYSTEM
           ENTRY                   ADDRESS         REF BY
           =====                   =======         ======
           FaultDetectionHistory   00009B9B 
    -------------------------------------------------------------------------
NEAR_I
  Relative segment, address: DATA 0000082C - 0000083C (0x11 bytes), align: 0
  Segment part 9.             Intra module refs:   SYS_ParameterDisplay
    -------------------------------------------------------------------------
NEAR_I
  Relative segment, address: DATA 0000083D - 0000084D (0x11 bytes), align: 0
  Segment part 12.            Intra module refs:   SYS_ParameterDisplay
    -------------------------------------------------------------------------
NEAR_I
  Relative segment, address: DATA 0000084E - 0000085E (0x11 bytes), align: 0
  Segment part 14.            Intra module refs:   SYS_ParameterDisplay
    -------------------------------------------------------------------------
NEAR_I
  Relative segment, address: DATA 0000085F - 0000086F (0x11 bytes), align: 0
  Segment part 16.            Intra module refs:   SYS_ParameterDisplay
    -------------------------------------------------------------------------
NEAR_I
  Relative segment, address: DATA 00000870 - 00000880 (0x11 bytes), align: 0
  Segment part 18.            Intra module refs:   SYS_ParameterDisplay
    -------------------------------------------------------------------------
NEAR_I
  Relative segment, address: DATA 00000881 - 00000891 (0x11 bytes), align: 0
  Segment part 20.            Intra module refs:   SYS_ParameterDisplay
    -------------------------------------------------------------------------
NEAR_I
  Relative segment, address: DATA 00000892 - 000008A2 (0x11 bytes), align: 0
  Segment part 22.            Intra module refs:   SYS_ParameterDisplay
    -------------------------------------------------------------------------
NEAR_I
  Relative segment, address: DATA 000008A3 - 000008B3 (0x11 bytes), align: 0
  Segment part 24.            Intra module refs:   SYS_ParameterDisplay
    -------------------------------------------------------------------------
NEAR_I
  Relative segment, address: DATA 000008B4 - 000008C4 (0x11 bytes), align: 0
  Segment part 26.            Intra module refs:   SYS_ParameterDisplay
    -------------------------------------------------------------------------
NEAR_I
  Relative segment, address: DATA 000008C5 - 000008D5 (0x11 bytes), align: 0
  Segment part 28.            Intra module refs:   SYS_ParameterDisplay
    -------------------------------------------------------------------------
NEAR_I
  Relative segment, address: DATA 000008D6 - 000008E6 (0x11 bytes), align: 0
  Segment part 30.            Intra module refs:   SYS_ParameterDisplay
    -------------------------------------------------------------------------
NEAR_I
  Relative segment, address: DATA 000008E7 - 000008F7 (0x11 bytes), align: 0
  Segment part 32.            Intra module refs:   SYS_ParameterDisplay
    -------------------------------------------------------------------------
NEAR_I
  Relative segment, address: DATA 000008F8 - 00000908 (0x11 bytes), align: 0
  Segment part 34.            Intra module refs:   SYS_ParameterDisplay
    -------------------------------------------------------------------------
NEAR_I
  Relative segment, address: DATA 00000909 - 0000091E (0x16 bytes), align: 0
  Segment part 36.            Intra module refs:   SYS_4_00_00
                                                   SYS_ParameterDisplay
    -------------------------------------------------------------------------
NEAR_I
  Relative segment, address: DATA 0000091F - 00000934 (0x16 bytes), align: 0
  Segment part 38.            Intra module refs:   SYS_ParameterDisplay
    -------------------------------------------------------------------------
NEAR_I
  Relative segment, address: DATA 00000935 - 0000094A (0x16 bytes), align: 0
  Segment part 40.            Intra module refs:   SYS_ParameterDisplay
    -------------------------------------------------------------------------
NEAR_I
  Relative segment, address: DATA 0000094B - 00000960 (0x16 bytes), align: 0
  Segment part 42.            Intra module refs:   SYS_ParameterDisplay
    -------------------------------------------------------------------------
NEAR_I
  Relative segment, address: DATA 00000961 - 00000970 (0x10 bytes), align: 0
  Segment part 44.            Intra module refs:   SYS_ParameterDisplay
    -------------------------------------------------------------------------
NEAR_I
  Relative segment, address: DATA 00000971 - 00000981 (0x11 bytes), align: 0
  Segment part 46.            Intra module refs:   SYS_ParameterDisplay
    -------------------------------------------------------------------------
NEAR_I
  Relative segment, address: DATA 00000982 - 00000992 (0x11 bytes), align: 0
  Segment part 48.            Intra module refs:   SYS_ParameterDisplay
    -------------------------------------------------------------------------
NEAR_I
  Relative segment, address: DATA 00000993 - 000009A3 (0x11 bytes), align: 0
  Segment part 50.            Intra module refs:   SYS_ParameterDisplay
    -------------------------------------------------------------------------
NEAR_I
  Relative segment, address: DATA 000009A4 - 000009B4 (0x11 bytes), align: 0
  Segment part 52.            Intra module refs:   SYS_ParameterDisplay
    -------------------------------------------------------------------------
NEAR_I
  Relative segment, address: DATA 000009B5 - 000009C5 (0x11 bytes), align: 0
  Segment part 54.            Intra module refs:   SYS_ParameterDisplay
    -------------------------------------------------------------------------
NEAR_I
  Relative segment, address: DATA 000009C6 - 000009DB (0x16 bytes), align: 0
  Segment part 56.            Intra module refs:   SYS_ParameterDisplay
    -------------------------------------------------------------------------
NEAR_I
  Relative segment, address: DATA 000009DC - 000009EC (0x11 bytes), align: 0
  Segment part 58.            Intra module refs:   SYS_ParameterDisplay
    -------------------------------------------------------------------------
NEAR_I
  Relative segment, address: DATA 000009ED - 000009FD (0x11 bytes), align: 0
  Segment part 60.            Intra module refs:   SYS_ParameterDisplay
    -------------------------------------------------------------------------
NEAR_I
  Relative segment, address: DATA 000009FE - 00000A0E (0x11 bytes), align: 0
  Segment part 62.            Intra module refs:   SYS_ParameterDisplay
    -------------------------------------------------------------------------
NEAR_I
  Relative segment, address: DATA 00000A0F - 00000A1F (0x11 bytes), align: 0
  Segment part 64.            Intra module refs:   SYS_ParameterDisplay
    -------------------------------------------------------------------------
NEAR_I
  Relative segment, address: DATA 00000A20 - 00000A30 (0x11 bytes), align: 0
  Segment part 66.            Intra module refs:   SYS_ParameterDisplay
    -------------------------------------------------------------------------
NEAR_I
  Relative segment, address: DATA 00000A31 - 00000A46 (0x16 bytes), align: 0
  Segment part 68.            Intra module refs:   SYS_ParameterDisplay
    -------------------------------------------------------------------------
NEAR_I
  Relative segment, address: DATA 00000A47 - 00000A57 (0x11 bytes), align: 0
  Segment part 70.            Intra module refs:   SYS_ParameterDisplay
    -------------------------------------------------------------------------
NEAR_I
  Relative segment, address: DATA 00000A58 - 00000A68 (0x11 bytes), align: 0
  Segment part 72.            Intra module refs:   SYS_ParameterDisplay
    -------------------------------------------------------------------------
NEAR_I
  Relative segment, address: DATA 00000A69 - 00000A79 (0x11 bytes), align: 0
  Segment part 74.            Intra module refs:   SYS_ParameterDisplay
    -------------------------------------------------------------------------
NEAR_I
  Relative segment, address: DATA 00000A7A - 00000A8F (0x16 bytes), align: 0
  Segment part 76.            Intra module refs:   SYS_ParameterDisplay
    -------------------------------------------------------------------------
NEAR_I
  Relative segment, address: DATA 00000A90 - 00000AA4 (0x15 bytes), align: 0
  Segment part 78.            Intra module refs:   SYS_ParameterDisplay
    -------------------------------------------------------------------------
NEAR_I
  Relative segment, address: DATA 00000AA5 - 00000AB5 (0x11 bytes), align: 0
  Segment part 80.            Intra module refs:   SYS_ParameterDisplay
    -------------------------------------------------------------------------
NEAR_I
  Relative segment, address: DATA 00000AB6 - 00000AC6 (0x11 bytes), align: 0
  Segment part 82.            Intra module refs:   SYS_ParameterDisplay
    -------------------------------------------------------------------------
NEAR_I
  Relative segment, address: DATA 00000AC7 - 00000AD7 (0x11 bytes), align: 0
  Segment part 84.            Intra module refs:   SYS_ParameterDisplay
    -------------------------------------------------------------------------
NEAR_I
  Relative segment, address: DATA 00000AD8 - 00000AE8 (0x11 bytes), align: 0
  Segment part 86.            Intra module refs:   SYS_ParameterDisplay
    -------------------------------------------------------------------------
NEAR_I
  Relative segment, address: DATA 00000AE9 - 00000AF7 (0xf bytes), align: 0
  Segment part 88.            Intra module refs:   SYS_ParameterDisplay
    -------------------------------------------------------------------------
NEAR_I
  Relative segment, address: DATA 00000AF8 - 00000B07 (0x10 bytes), align: 0
  Segment part 90.            Intra module refs:   SYS_ParameterDisplay
    -------------------------------------------------------------------------
NEAR_I
  Relative segment, address: DATA 00000B08 - 00000B18 (0x11 bytes), align: 0
  Segment part 92.            Intra module refs:   SYS_ParameterDisplay
    -------------------------------------------------------------------------
NEAR_I
  Relative segment, address: DATA 00000B19 - 00000B29 (0x11 bytes), align: 0
  Segment part 94.            Intra module refs:   SYS_ParameterDisplay
    -------------------------------------------------------------------------
NEAR_I
  Relative segment, address: DATA 00000B2A - 00000B3A (0x11 bytes), align: 0
  Segment part 96.            Intra module refs:   SYS_ParameterDisplay
    -------------------------------------------------------------------------
NEAR_I
  Relative segment, address: DATA 00000B3B - 00000B4B (0x11 bytes), align: 0
  Segment part 98.            Intra module refs:   SYS_ParameterDisplay
    -------------------------------------------------------------------------
NEAR_I
  Relative segment, address: DATA 00000B4C - 00000B5C (0x11 bytes), align: 0
  Segment part 100.           Intra module refs:   SYS_ParameterDisplay
    -------------------------------------------------------------------------
NEAR_I
  Relative segment, address: DATA 00000B5D - 00000B6D (0x11 bytes), align: 0
  Segment part 102.           Intra module refs:   SYS_ParameterDisplay
    -------------------------------------------------------------------------
NEAR_I
  Relative segment, address: DATA 00000B6E - 00000B83 (0x16 bytes), align: 0
  Segment part 104.           Intra module refs:   SYS_ParameterDisplay
    -------------------------------------------------------------------------
NEAR_I
  Relative segment, address: DATA 00000B84 - 00000B94 (0x11 bytes), align: 0
  Segment part 106.           Intra module refs:   SYS_ParameterDisplay
    -------------------------------------------------------------------------
NEAR_I
  Relative segment, address: DATA 00000B95 - 00000BA5 (0x11 bytes), align: 0
  Segment part 108.           Intra module refs:   SYS_ParameterDisplay
    -------------------------------------------------------------------------
NEAR_I
  Relative segment, address: DATA 00000BA6 - 00000BB6 (0x11 bytes), align: 0
  Segment part 110.           Intra module refs:   SYS_ParameterDisplay
    -------------------------------------------------------------------------
NEAR_I
  Relative segment, address: DATA 00000BB7 - 00000BCB (0x15 bytes), align: 0
  Segment part 112.           Intra module refs:   SYS_ParameterDisplay
    -------------------------------------------------------------------------
NEAR_I
  Relative segment, address: DATA 00000BCC - 00000BE1 (0x16 bytes), align: 0
  Segment part 114.           Intra module refs:   SYS_4_00_00
                                                   SYS_ParameterDisplay
    -------------------------------------------------------------------------
NEAR_I
  Relative segment, address: DATA 00000BE2 - 00000BF2 (0x11 bytes), align: 0
  Segment part 116.           Intra module refs:   SYS_ParameterDisplay
    -------------------------------------------------------------------------
NEAR_I
  Relative segment, address: DATA 00000BF3 - 00000C03 (0x11 bytes), align: 0
  Segment part 118.           Intra module refs:   SYS_ParameterDisplay
    -------------------------------------------------------------------------
NEAR_I
  Relative segment, address: DATA 00000C04 - 00000C14 (0x11 bytes), align: 0
  Segment part 120.           Intra module refs:   SYS_ParameterDisplay
    -------------------------------------------------------------------------
NEAR_I
  Relative segment, address: DATA 00000C15 - 00000C27 (0x13 bytes), align: 0
  Segment part 122.           Intra module refs:   SYS_ParameterDisplay
    -------------------------------------------------------------------------
NEAR_I
  Relative segment, address: DATA 00000C28 - 00000C3A (0x13 bytes), align: 0
  Segment part 124.           Intra module refs:   SYS_ParameterDisplay
    -------------------------------------------------------------------------
NEAR_I
  Relative segment, address: DATA 00000C3B - 00000C4D (0x13 bytes), align: 0
  Segment part 126.           Intra module refs:   SYS_ParameterDisplay
    -------------------------------------------------------------------------
NEAR_I
  Relative segment, address: DATA 00000C4E - 00000C60 (0x13 bytes), align: 0
  Segment part 128.           Intra module refs:   SYS_ParameterDisplay
    -------------------------------------------------------------------------
NEAR_I
  Relative segment, address: DATA 00000C61 - 00000C76 (0x16 bytes), align: 0
  Segment part 130.           Intra module refs:   SYS_ParameterDisplay
    -------------------------------------------------------------------------
NEAR_I
  Relative segment, address: DATA 00000C77 - 00000C8C (0x16 bytes), align: 0
  Segment part 132.           Intra module refs:   SYS_ParameterDisplay
    -------------------------------------------------------------------------
NEAR_I
  Relative segment, address: DATA 00000C8D - 00000C9C (0x10 bytes), align: 0
  Segment part 134.           Intra module refs:   SYS_ParameterDisplay
    -------------------------------------------------------------------------
NEAR_I
  Relative segment, address: DATA 00000C9D - 00000CB2 (0x16 bytes), align: 0
  Segment part 136.           Intra module refs:   SYS_ParameterDisplay
    -------------------------------------------------------------------------
NEAR_I
  Relative segment, address: DATA 00000CB3 - 00000CC8 (0x16 bytes), align: 0
  Segment part 138.           Intra module refs:   SYS_ParameterDisplay
    -------------------------------------------------------------------------
NEAR_I
  Relative segment, address: DATA 00000CC9 - 00000CD9 (0x11 bytes), align: 0
  Segment part 140.           Intra module refs:   SYS_ParameterDisplay
    -------------------------------------------------------------------------
NEAR_I
  Relative segment, address: DATA 00000CDA - 00000CEA (0x11 bytes), align: 0
  Segment part 142.           Intra module refs:   SYS_ParameterDisplay
    -------------------------------------------------------------------------
NEAR_I
  Relative segment, address: DATA 00000CEB - 00000CFB (0x11 bytes), align: 0
  Segment part 144.           Intra module refs:   SYS_ParameterDisplay
    -------------------------------------------------------------------------
NEAR_I
  Relative segment, address: DATA 00000CFC - 00000D0C (0x11 bytes), align: 0
  Segment part 146.           Intra module refs:   SYS_ParameterDisplay
    -------------------------------------------------------------------------
NEAR_I
  Relative segment, address: DATA 00000D0D - 00000D1D (0x11 bytes), align: 0
  Segment part 148.           Intra module refs:   SYS_ParameterDisplay
    -------------------------------------------------------------------------
NEAR_I
  Relative segment, address: DATA 00000D1E - 00000D2E (0x11 bytes), align: 0
  Segment part 150.           Intra module refs:   SYS_ParameterDisplay
    -------------------------------------------------------------------------
NEAR_I
  Relative segment, address: DATA 00000D2F - 00000D3F (0x11 bytes), align: 0
  Segment part 152.           Intra module refs:   SYS_ParameterDisplay
    -------------------------------------------------------------------------
NEAR_I
  Relative segment, address: DATA 00000D40 - 00000D50 (0x11 bytes), align: 0
  Segment part 154.           Intra module refs:   SYS_ParameterDisplay
    -------------------------------------------------------------------------
NEAR_I
  Relative segment, address: DATA 00000D51 - 00000D61 (0x11 bytes), align: 0
  Segment part 156.           Intra module refs:   SYS_ParameterDisplay
    -------------------------------------------------------------------------
NEAR_I
  Relative segment, address: DATA 00000D62 - 00000D72 (0x11 bytes), align: 0
  Segment part 158.           Intra module refs:   SYS_ParameterDisplay
    -------------------------------------------------------------------------
NEAR_I
  Relative segment, address: DATA 00000D73 - 00000D83 (0x11 bytes), align: 0
  Segment part 160.           Intra module refs:   SYS_4_00_00
                                                   SYS_ParameterDisplay
    -------------------------------------------------------------------------
NEAR_I
  Relative segment, address: DATA 00000D84 - 00000D94 (0x11 bytes), align: 0
  Segment part 162.           Intra module refs:   SYS_ParameterDisplay
    -------------------------------------------------------------------------
NEAR_I
  Relative segment, address: DATA 00000D95 - 00000DA5 (0x11 bytes), align: 0
  Segment part 164.           Intra module refs:   SYS_ParameterDisplay
    -------------------------------------------------------------------------
NEAR_I
  Relative segment, address: DATA 00000DA6 - 00000DB6 (0x11 bytes), align: 0
  Segment part 166.           Intra module refs:   SYS_ParameterDisplay
    -------------------------------------------------------------------------
NEAR_I
  Relative segment, address: DATA 00000DB7 - 00000DC7 (0x11 bytes), align: 0
  Segment part 168.           Intra module refs:   SYS_ParameterDisplay
    -------------------------------------------------------------------------
NEAR_I
  Relative segment, address: DATA 00000DC8 - 00000DD8 (0x11 bytes), align: 0
  Segment part 170.           Intra module refs:   SYS_ParameterDisplay
    -------------------------------------------------------------------------
NEAR_I
  Relative segment, address: DATA 00000DD9 - 00000DE9 (0x11 bytes), align: 0
  Segment part 172.           Intra module refs:   SYS_ParameterDisplay
    -------------------------------------------------------------------------
NEAR_I
  Relative segment, address: DATA 00000DEA - 00000DFA (0x11 bytes), align: 0
  Segment part 174.           Intra module refs:   SYS_ParameterDisplay
    -------------------------------------------------------------------------
NEAR_I
  Relative segment, address: DATA 00000DFB - 00000E0B (0x11 bytes), align: 0
  Segment part 176.           Intra module refs:   SYS_ParameterDisplay
    -------------------------------------------------------------------------
NEAR_I
  Relative segment, address: DATA 00000E0C - 00000E1C (0x11 bytes), align: 0
  Segment part 178.           Intra module refs:   SYS_ParameterDisplay
    -------------------------------------------------------------------------
NEAR_I
  Relative segment, address: DATA 00000E1D - 00000E2D (0x11 bytes), align: 0
  Segment part 180.           Intra module refs:   SYS_ParameterDisplay
    -------------------------------------------------------------------------
NEAR_I
  Relative segment, address: DATA 00000E2E - 00000E3E (0x11 bytes), align: 0
  Segment part 182.           Intra module refs:   SYS_ParameterDisplay
    -------------------------------------------------------------------------
NEAR_I
  Relative segment, address: DATA 00000E3F - 00000E4F (0x11 bytes), align: 0
  Segment part 184.           Intra module refs:   SYS_ParameterDisplay
    -------------------------------------------------------------------------
NEAR_I
  Relative segment, address: DATA 00000E50 - 00000E60 (0x11 bytes), align: 0
  Segment part 186.           Intra module refs:   SYS_ParameterDisplay
    -------------------------------------------------------------------------
NEAR_I
  Relative segment, address: DATA 00000E61 - 00000E71 (0x11 bytes), align: 0
  Segment part 188.           Intra module refs:   SYS_ParameterDisplay
    -------------------------------------------------------------------------
NEAR_I
  Relative segment, address: DATA 00000E72 - 00000E82 (0x11 bytes), align: 0
  Segment part 190.           Intra module refs:   SYS_ParameterDisplay
    -------------------------------------------------------------------------
NEAR_I
  Relative segment, address: DATA 00000E83 - 00000E93 (0x11 bytes), align: 0
  Segment part 192.           Intra module refs:   SYS_ParameterDisplay
    -------------------------------------------------------------------------
NEAR_I
  Relative segment, address: DATA 00000E94 - 00000EA4 (0x11 bytes), align: 0
  Segment part 194.           Intra module refs:   SYS_ParameterDisplay
    -------------------------------------------------------------------------
NEAR_I
  Relative segment, address: DATA 00000EA5 - 00000EB5 (0x11 bytes), align: 0
  Segment part 196.           Intra module refs:   SYS_ParameterDisplay
    -------------------------------------------------------------------------
NEAR_I
  Relative segment, address: DATA 00000EB6 - 00000EC6 (0x11 bytes), align: 0
  Segment part 198.           Intra module refs:   SYS_ParameterDisplay
    -------------------------------------------------------------------------
NEAR_I
  Relative segment, address: DATA 00000EC7 - 00000ED7 (0x11 bytes), align: 0
  Segment part 200.           Intra module refs:   SYS_ParameterDisplay
    -------------------------------------------------------------------------
NEAR_I
  Relative segment, address: DATA 00000ED8 - 00000EE8 (0x11 bytes), align: 0
  Segment part 202.           Intra module refs:   SYS_ParameterDisplay
    -------------------------------------------------------------------------
NEAR_I
  Relative segment, address: DATA 00000EE9 - 00000EF9 (0x11 bytes), align: 0
  Segment part 204.           Intra module refs:   SYS_ParameterDisplay
    -------------------------------------------------------------------------
NEAR_I
  Relative segment, address: DATA 00000EFA - 00000F0A (0x11 bytes), align: 0
  Segment part 206.           Intra module refs:   SYS_ParameterDisplay
    -------------------------------------------------------------------------
NEAR_I
  Relative segment, address: DATA 00000F0B - 00000F1B (0x11 bytes), align: 0
  Segment part 208.           Intra module refs:   SYS_ParameterDisplay
    -------------------------------------------------------------------------
NEAR_I
  Relative segment, address: DATA 00000F1C - 00000F2C (0x11 bytes), align: 0
  Segment part 210.           Intra module refs:   SYS_ParameterDisplay
    -------------------------------------------------------------------------
NEAR_I
  Relative segment, address: DATA 00000F2D - 00000F3D (0x11 bytes), align: 0
  Segment part 212.           Intra module refs:   SYS_ParameterDisplay
    -------------------------------------------------------------------------
NEAR_I
  Relative segment, address: DATA 00000F3E - 00000F4E (0x11 bytes), align: 0
  Segment part 214.           Intra module refs:   SYS_ParameterDisplay
    -------------------------------------------------------------------------
NEAR_I
  Relative segment, address: DATA 00000F4F - 00000F5F (0x11 bytes), align: 0
  Segment part 216.           Intra module refs:   SYS_ParameterDisplay
    -------------------------------------------------------------------------
NEAR_I
  Relative segment, address: DATA 00000F60 - 00000F70 (0x11 bytes), align: 0
  Segment part 218.           Intra module refs:   SYS_ParameterDisplay
    -------------------------------------------------------------------------
NEAR_I
  Relative segment, address: DATA 00000F71 - 00000F81 (0x11 bytes), align: 0
  Segment part 220.           Intra module refs:   SYS_ParameterDisplay
    -------------------------------------------------------------------------
NEAR_I
  Relative segment, address: DATA 00000F82 - 00000F92 (0x11 bytes), align: 0
  Segment part 222.           Intra module refs:   SYS_ParameterDisplay
    -------------------------------------------------------------------------
NEAR_I
  Relative segment, address: DATA 00000F93 - 00000FA3 (0x11 bytes), align: 0
  Segment part 224.           Intra module refs:   SYS_ParameterDisplay
    -------------------------------------------------------------------------
NEAR_I
  Relative segment, address: DATA 00000FA4 - 00000FB4 (0x11 bytes), align: 0
  Segment part 226.           Intra module refs:   SYS_ParameterDisplay
    -------------------------------------------------------------------------
NEAR_I
  Relative segment, address: DATA 00000FB5 - 00000FC5 (0x11 bytes), align: 0
  Segment part 228.           Intra module refs:   SYS_ParameterDisplay
    -------------------------------------------------------------------------
NEAR_I
  Relative segment, address: DATA 00000FC6 - 00000FD6 (0x11 bytes), align: 0
  Segment part 230.           Intra module refs:   SYS_ParameterDisplay
    -------------------------------------------------------------------------
NEAR_I
  Relative segment, address: DATA 00000FD7 - 00000FE7 (0x11 bytes), align: 0
  Segment part 232.           Intra module refs:   SYS_ParameterDisplay
    -------------------------------------------------------------------------
NEAR_I
  Relative segment, address: DATA 00000FE8 - 00000FF8 (0x11 bytes), align: 0
[...]
          | + function block  :  00000000 00000003
          |  Already listed
  03      TX0_char
          | Stack used (prev) :  00000004 00000003
          | + function block  :  00000000 00000003
          |  Already listed
  03      TX0_char
          | Stack used (prev) :  00000004 00000003
          | + function block  :  00000000 00000003
          |  Already listed
  02    SCI_Process
        | Stack used (prev) :  00000044 0000001E
        | + function block  :  00000000 00000003
  02    UART_init
        | Stack used (prev) :  00000044 0000001E
        | + function block  :  00000000 00000003
  02    SystemEventAutoClear
        | Stack used (prev) :  00000044 0000001E
        | + function block  :  00000000 00000003
  02    SystemTimeTic
        | Stack used (prev) :  00000044 0000001E
        | + function block  :  00000000 00000003
  02    Timer_IntteruptSet
        | Stack used (prev) :  00000044 0000001E
        | + function block  :  00000000 00000003
  02    MCU_initialize
        | Stack used (prev) :  00000044 0000001E
        | + function block  :  00000000 00000003
  03      KeyScan
          | Stack used (prev) :  00000044 0000001E
          | + function block  :  00000000 00000003
  02    KeyProc
        | Stack used (prev) :  00000044 00000021
        | + function block  :  00000000 00000003
  02    KeyInit
        | Stack used (prev) :  00000044 0000001E
        | + function block  :  00000000 00000003
  03      SCI_RegisterRefresh
          | Stack used (prev) :  00000044 0000001E
          | + function block  :  00000002 00000003
          |  Already listed
  03      _TEXT
          | Stack used (prev) :  00000019 0000000C
          | + function block  :  0000001F 00000006
          |  Already listed
  03      _TEXT
          | Stack used (prev) :  00000019 0000000C
          | + function block  :  0000001F 00000006
          |  Already listed
  03      _TEXT
          | Stack used (prev) :  00000019 0000000C
          | + function block  :  0000001F 00000006
          |  Already listed
  03      _TEXT
          | Stack used (prev) :  00000019 0000000C
          | + function block  :  0000001F 00000006
          |  Already listed
  03      _TEXT
          | Stack used (prev) :  00000019 0000000C
          | + function block  :  0000001F 00000006
          |  Already listed
  03      _TEXT
          | Stack used (prev) :  00000019 0000000C
          | + function block  :  0000001F 00000006
          |  Already listed
  03      _TEXT
          | Stack used (prev) :  00000019 0000000C
          | + function block  :  0000001F 00000006
          |  Already listed
  03      _TEXT
          | Stack used (prev) :  00000019 0000000C
          | + function block  :  0000001F 00000006
          |  Already listed
  03      _TEXT
          | Stack used (prev) :  00000019 0000000C
          | + function block  :  0000001F 00000006
          |  Already listed
  03      _TEXT
          | Stack used (prev) :  00000019 0000000C
          | + function block  :  0000001F 00000006
          |  Already listed
  03      _TEXT
          | Stack used (prev) :  00000019 0000000C
          | + function block  :  0000001F 00000006
          |  Already listed
  03      _TEXT
          | Stack used (prev) :  00000019 0000000C
          | + function block  :  0000001F 00000006
          |  Already listed
  03      _TEXT
          | Stack used (prev) :  00000019 0000000C
          | + function block  :  0000001F 00000006
          |  Already listed
  03      _TEXT
          | Stack used (prev) :  00000019 0000000C
          | + function block  :  0000001F 00000006
          |  Already listed
  03      _TEXT
          | Stack used (prev) :  00000019 0000000C
          | + function block  :  0000001F 00000006
          |  Already listed
  03      _TEXT
          | Stack used (prev) :  00000019 0000000C
          | + function block  :  0000001F 00000006
          |  Already listed
  03      _TEXT
          | Stack used (prev) :  00000019 0000000C
          | + function block  :  0000001F 00000006
          |  Already listed
  03      _TEXT
          | Stack used (prev) :  00000019 0000000C
          | + function block  :  0000001F 00000006
          |  Already listed
  03      _TEXT
          | Stack used (prev) :  00000019 0000000C
          | + function block  :  0000001F 00000006
          |  Already listed
  03      _TEXT
          | Stack used (prev) :  00000019 0000000C
          | + function block  :  0000001F 00000006
          |  Already listed
  03      _TEXT
          | Stack used (prev) :  00000019 0000000C
          | + function block  :  0000001F 00000006
          |  Already listed
  03      _TEXT
          | Stack used (prev) :  00000019 0000000C
          | + function block  :  0000001F 00000006
          |  Already listed
  03      _TEXT
          | Stack used (prev) :  00000019 0000000C
          | + function block  :  0000001F 00000006
          |  Already listed
  03      _TEXT
          | Stack used (prev) :  00000019 0000000C
          | + function block  :  0000001F 00000006
          |  Already listed
  03      _TEXT
          | Stack used (prev) :  00000019 0000000C
          | + function block  :  0000001F 00000006
          |  Already listed
  03      _TEXT
          | Stack used (prev) :  00000019 0000000C
          | + function block  :  0000001F 00000006
          |  Already listed
  03      _TEXT
          | Stack used (prev) :  00000019 0000000C
          | + function block  :  0000001F 00000006
          |  Already listed
  03      _TEXT
          | Stack used (prev) :  00000019 0000000C
          | + function block  :  0000001F 00000006
          |  Already listed
  03      _TEXT
          | Stack used (prev) :  00000019 0000000C
          | + function block  :  0000001F 00000006
          |  Already listed
  03      _TEXT
          | Stack used (prev) :  00000019 0000000C
          | + function block  :  0000001F 00000006
          |  Already listed
  03      _TEXT
          | Stack used (prev) :  00000019 0000000C
          | + function block  :  0000001F 00000006
          |  Already listed
  03      _TEXT
          | Stack used (prev) :  00000019 0000000C
          | + function block  :  0000001F 00000006
          |  Already listed
  03      _TEXT
          | Stack used (prev) :  00000019 0000000C
          | + function block  :  0000001F 00000006
          |  Already listed
  03      _TEXT
          | Stack used (prev) :  00000019 0000000C
          | + function block  :  0000001F 00000006
          |  Already listed
  03      _TEXT
          | Stack used (prev) :  00000019 0000000C
          | + function block  :  0000001F 00000006
          |  Already listed
  03      _TEXT
          | Stack used (prev) :  00000019 0000000C
          | + function block  :  0000001F 00000006
          |  Already listed
  03      _TEXT
          | Stack used (prev) :  00000019 0000000C
          | + function block  :  0000001F 00000006
          |  Already listed
  03      _TEXT
          | Stack used (prev) :  00000019 0000000C
          | + function block  :  0000001F 00000006
          |  Already listed
  03      _TEXT
          | Stack used (prev) :  00000019 0000000C
          | + function block  :  0000001F 00000006
          |  Already listed
  03      _TEXT
          | Stack used (prev) :  00000019 0000000C
          | + function block  :  0000001F 00000006
          |  Already listed
  03      _TEXT
          | Stack used (prev) :  00000019 0000000C
          | + function block  :  0000001F 00000006
          |  Already listed
  03      _cpy_flash2memory
          | Stack used (prev) :  00000019 0000000C
          | + function block  :  00000000 00000003
          |  Already listed
  03      _cpy_flash2memory
          | Stack used (prev) :  00000019 0000000C
          | + function block  :  00000000 00000003
          |  Already listed
  03      _cpy_flash2memory
          | Stack used (prev) :  00000019 0000000C
          | + function block  :  00000000 00000003
          |  Already listed
  03      _cpy_flash2memory
          | Stack used (prev) :  00000019 0000000C
          | + function block  :  00000000 00000003
          |  Already listed
  03      _cpy_flash2memory
          | Stack used (prev) :  00000019 0000000C
          | + function block  :  00000000 00000003
          |  Already listed
  03      _cpy_flash2memory
          | Stack used (prev) :  00000019 0000000C
          | + function block  :  00000000 00000003
          |  Already listed
  03      _cpy_flash2memory
          | Stack used (prev) :  00000019 0000000C
          | + function block  :  00000000 00000003
          |  Already listed
  03      _cpy_flash2memory
          | Stack used (prev) :  00000019 0000000C
          | + function block  :  00000000 00000003
          |  Already listed
  03      _cpy_flash2memory
          | Stack used (prev) :  00000019 0000000C
          | + function block  :  00000000 00000003
          |  Already listed
  03      _cpy_flash2memory
          | Stack used (prev) :  00000019 0000000C
          | + function block  :  00000000 00000003
          |  Already listed
  03      _cpy_flash2memory
          | Stack used (prev) :  00000019 0000000C
          | + function block  :  00000000 00000003
          |  Already listed
  03      _cpy_flash2memory
          | Stack used (prev) :  00000019 0000000C
          | + function block  :  00000000 00000003
          |  Already listed
  03      _cpy_flash2memory
          | Stack used (prev) :  00000019 0000000C
          | + function block  :  00000000 00000003
          |  Already listed
  03      _cpy_flash2memory
          | Stack used (prev) :  00000019 0000000C
          | + function block  :  00000000 00000003
          |  Already listed
  03      _cpy_flash2memory
          | Stack used (prev) :  00000019 0000000C
          | + function block  :  00000000 00000003
          |  Already listed
  03      _cpy_flash2memory
          | Stack used (prev) :  00000019 0000000C
          | + function block  :  00000000 00000003
          |  Already listed
  03      _cpy_flash2memory
          | Stack used (prev) :  00000019 0000000C
          | + function block  :  00000000 00000003
          |  Already listed
  03      _cpy_flash2memory
          | Stack used (prev) :  00000019 0000000C
          | + function block  :  00000000 00000003
          |  Already listed
  03      _cpy_flash2memory
          | Stack used (prev) :  00000019 0000000C
          | + function block  :  00000000 00000003
          |  Already listed
  03      _cpy_flash2memory
          | Stack used (prev) :  00000019 0000000C
          | + function block  :  00000000 00000003
          |  Already listed
  03      _cpy_flash2memory
          | Stack used (prev) :  00000019 0000000C
          | + function block  :  00000000 00000003
          |  Already listed
  03      _cpy_flash2memory
          | Stack used (prev) :  00000019 0000000C
          | + function block  :  00000000 00000003
          |  Already listed
  03      _cpy_flash2memory
          | Stack used (prev) :  00000019 0000000C
          | + function block  :  00000000 00000003
          |  Already listed
  03      _cpy_flash2memory
          | Stack used (prev) :  00000019 0000000C
          | + function block  :  00000000 00000003
          |  Already listed
  03      _cpy_flash2memory
          | Stack used (prev) :  00000019 0000000C
          | + function block  :  00000000 00000003
          |  Already listed
  03      _cpy_flash2memory
          | Stack used (prev) :  00000019 0000000C
          | + function block  :  00000000 00000003
          |  Already listed
  03      _cpy_flash2memory
          | Stack used (prev) :  00000019 0000000C
          | + function block  :  00000000 00000003
          |  Already listed
  03      _cpy_flash2memory
          | Stack used (prev) :  00000019 0000000C
          | + function block  :  00000000 00000003
          |  Already listed
  03      _cpy_flash2memory
          | Stack used (prev) :  00000019 0000000C
          | + function block  :  00000000 00000003
          |  Already listed
  03      _cpy_flash2memory
          | Stack used (prev) :  00000019 0000000C
          | + function block  :  00000000 00000003
          |  Already listed
  03      _cpy_flash2memory
          | Stack used (prev) :  00000019 0000000C
          | + function block  :  00000000 00000003
          |  Already listed
  03      _cpy_flash2memory
          | Stack used (prev) :  00000019 0000000C
          | + function block  :  00000000 00000003
          |  Already listed
  03      _cpy_flash2memory
          | Stack used (prev) :  00000019 0000000C
          | + function block  :  00000000 00000003
          |  Already listed
  03      _cpy_flash2memory
          | Stack used (prev) :  00000019 0000000C
          | + function block  :  00000000 00000003
          |  Already listed
  03      _cpy_flash2memory
          | Stack used (prev) :  00000019 0000000C
          | + function block  :  00000000 00000003
          |  Already listed
  03      _cpy_flash2memory
          | Stack used (prev) :  00000019 0000000C
          | + function block  :  00000000 00000003
          |  Already listed
  03      _cpy_flash2memory
          | Stack used (prev) :  00000019 0000000C
          | + function block  :  00000000 00000003
          |  Already listed
  03      _cpy_flash2memory
          | Stack used (prev) :  00000019 0000000C
          | + function block  :  00000000 00000003
          |  Already listed
  03      _cpy_flash2memory
          | Stack used (prev) :  00000019 0000000C
          | + function block  :  00000000 00000003
          |  Already listed
  03      _cpy_flash2memory
          | Stack used (prev) :  00000019 0000000C
          | + function block  :  00000000 00000003
          |  Already listed
  03      _cpy_flash2memory
          | Stack used (prev) :  00000019 0000000C
          | + function block  :  00000000 00000003
          |  Already listed
  03      CLCD_BackLightOnOff
          | Stack used (prev) :  00000044 0000001E
          | + function block  :  00000000 00000003
  03      CLCD_string
          | Stack used (prev) :  00000019 00000012
          | + function block  :  00000002 00000003
          |  Already listed
  02    MainSYSTEM
        | Stack used (prev) :  00000046 00000021
        | + function block  :  00000000 00000003
  02    DisplayInit
        | Stack used (prev) :  00000044 0000001E
        | + function block  :  00000000 00000003
  02    CLCD_BackLightOnOff
        | Stack used (prev) :  00000044 0000001E
        | + function block  :  00000000 00000003
        |  Already listed
  03      Delay_ms
          | Stack used (prev) :  00000044 0000001E
          | + function block  :  00000004 00000003
          |  Already listed
  03      CLCD_command
          | Stack used (prev) :  00000019 0000000F
          | + function block  :  00000000 00000003
          |  Already listed
  03      CLCD_command
          | Stack used (prev) :  00000019 0000000F
          | + function block  :  00000000 00000003
          |  Already listed
  03      CLCD_command
          | Stack used (prev) :  00000019 0000000F
          | + function block  :  00000000 00000003
          |  Already listed
  03      CLCD_command
          | Stack used (prev) :  00000019 0000000F
          | + function block  :  00000000 00000003
          |  Already listed
  02    CLCD_initialize
        | Stack used (prev) :  00000048 00000021
        | + function block  :  00000000 00000003
  02    CLCD_string
        | Stack used (prev) :  00000019 00000012
        | + function block  :  00000002 00000003
        |  Already listed
  01  main
      | Stack used (prev) :  00000048 00000024
      | + function block  :  00000000 00000003
  <-Sub-tree of type: Function tree that makes indirect calls
    | Stack used          :  00000048 00000027


  ->Sub-tree of type: Function tree
                             CSTACK   RSTACK
    | Stack used (prev) :  00000048 00000027
  01  __low_level_init
      | Stack used (prev) :  00000048 00000027
      | + function block  :  00000000 00000003
  <-Sub-tree of type: Function tree
    | Stack used          :  00000048 0000002A


  ->Sub-tree of type: Function tree
                             CSTACK   RSTACK
    | Stack used (prev) :  00000048 0000002A
  02    __flashcpy
        | Stack used (prev) :  00000048 0000002A
        | + function block  :  00000000 00000003
  02    __memclr
        | Stack used (prev) :  00000048 0000002A
        | + function block  :  00000000 00000003
  01  __segment_init
      | Stack used (prev) :  00000048 0000002D
      | + function block  :  00000000 00000003
  <-Sub-tree of type: Function tree
    | Stack used          :  00000048 00000030




                ****************************************
                *                                      *
                *      SEGMENTS IN ADDRESS ORDER       *
                *                                      *
                ****************************************


SEGMENT              SPACE    START ADDRESS   END ADDRESS     SIZE  TYPE  ALIGN
=======              =====    =============   ===========     ====  ====  =====
INTVEC               CODE          00000000 - 0000006F          70   com    1
?FILL1               CODE          00000070 - 000000E3          74   rel    0
NEAR_F               CODE          000000E4 - 00000CEF         C0C   rel    0
SWITCH               CODE          00000CF0 - 00000D47          58   rel    1
CODE                 CODE          00000D48 - 00000F41         1FA   rel    1
FARCODE              CODE          00000F42 - 0000A9CB        9A8A   rel    1
INITTAB              CODE          0000A9CC - 0000A9D9           E   rel    0
NEAR_ID              CODE          0000A9DA - 0000B728         D4F   rel    0
ABSOLUTE             DATA               0000001F                     rel    0
                     DATA               00000020                   
                     DATA               00000021                   
                     DATA               00000022                   
                     DATA          00000024 - 00000025           2 
                     DATA          0000002A - 0000002B           2 
                     DATA          0000002D - 0000002E           2 
                     DATA          00000030 - 00000031           2 
                     DATA          00000033 - 00000034           2 
                     DATA          00000036 - 00000036           1 
                     DATA          0000006F - 0000006F           1 
                     DATA               00000074                   
                     DATA          00000080 - 00000082           3 
                     DATA          00000084 - 00000085           2 
                     DATA          00000088 - 00000089           2 
                     DATA          000000C0 - 000000C2           3 
                     DATA          000000C4 - 000000C6           3 
                     DATA          00000101 - 00000108           8 
                     DATA          0000010A - 0000010B           2 
CSTACK               DATA          00000200 - 000006FF         500   dse    0
RSTACK               DATA          00000700 - 0000082B         12C   dse    0
NEAR_I               DATA          0000082C - 0000157A         D4F   rel    0
NEAR_Z               DATA          00008000 - 0000B663        3664   rel    0

                ****************************************
                *                                      *
                *        END OF CROSS REFERENCE        *
                *                                      *
                ****************************************

 46 773 bytes of CODE memory (+             116 range fill )
 18 911 bytes of DATA memory (+ 37 absolute )

Errors: none
Warnings: none

