******************************************************************************
             TMS320C2000 Linker PC v5.2.4                      
******************************************************************************
>> Linked Fri Mar 11 19:04:38 2011

OUTPUT FILE NAME:   <./Debug/Interleaved_Converter.out>
ENTRY POINT SYMBOL: "_c_int00"  address: 003238fc


MEMORY CONFIGURATION

         name            origin    length      used     unused   attr    fill
----------------------  --------  ---------  --------  --------  ----  --------
PAGE 0:
  ZONE0                 00004000   00001000  00000800  00000800  RWIX
  RAML0                 00008000   00001000  0000034d  00000cb3  RWIX
  RAML1                 00009000   00001000  00000000  00001000  RWIX
  RAML2                 0000a000   00001000  00000000  00001000  RWIX
  RAML3                 0000b000   00001000  00000000  00001000  RWIX
  ZONE7A                00200000   0000fc00  00000000  0000fc00  RWIX
  FLASHH                00300000   00008000  00000000  00008000  RWIX
  FLASHG                00308000   00008000  00000000  00008000  RWIX
  FLASHF                00310000   00008000  00000000  00008000  RWIX
  FLASHE                00318000   00008000  00000000  00008000  RWIX
  FLASHD                00320000   00008000  00003d8c  00004274  RWIX
  FLASHC                00328000   00008000  00000000  00008000  RWIX
  FLASHA                00338000   00007f80  000006c8  000078b8  RWIX
  CSM_RSVD              0033ff80   00000076  00000076  00000000  RWIX
  BEGIN                 0033fff6   00000002  00000002  00000000  RWIX
  CSM_PWL               0033fff8   00000008  00000008  00000000  RWIX
  ADC_CAL               00380080   00000009  00000007  00000002  RWIX
  OTP                   00380400   00000400  00000000  00000400  RWIX
  IQTABLES              003fe000   00000b50  00000000  00000b50  RWIX
  IQTABLES2             003feb50   0000008c  00000000  0000008c  RWIX
  FPUTABLES             003febdc   000006a0  00000000  000006a0  RWIX
  ROM                   003ff27c   00000d44  00000000  00000d44  RWIX
  RESET                 003fffc0   00000002  00000000  00000002  RWIX
  VECTORS               003fffc2   0000003e  00000000  0000003e  RWIX

PAGE 1:
  BOOT_RSVD             00000000   00000050  00000000  00000050  RWIX
  RAMM0                 00000050   000003b0  00000000  000003b0  RWIX
  RAMM1                 00000400   00000400  00000400  00000000  RWIX
  DEV_EMU               00000880   00000180  000000d0  000000b0  RWIX
  FLASH_REGS            00000a80   00000060  00000008  00000058  RWIX
  CSM                   00000ae0   00000010  00000010  00000000  RWIX
  ADC_MIRROR            00000b00   00000010  00000010  00000000  RWIX
  XINTF                 00000b20   00000020  0000001e  00000002  RWIX
  CPU_TIMER0            00000c00   00000008  00000008  00000000  RWIX
  CPU_TIMER1            00000c08   00000008  00000008  00000000  RWIX
  CPU_TIMER2            00000c10   00000008  00000008  00000000  RWIX
  PIE_CTRL              00000ce0   00000020  0000001a  00000006  RWIX
  PIE_VECT              00000d00   00000100  00000100  00000000  RWIX
  DMA                   00001000   00000200  000000e0  00000120  RWIX
  MCBSPA                00005000   00000040  00000025  0000001b  RWIX
  MCBSPB                00005040   00000040  00000025  0000001b  RWIX
  ECANA                 00006000   00000040  00000034  0000000c  RWIX
  ECANA_LAM             00006040   00000040  00000040  00000000  RWIX
  ECANA_MOTS            00006080   00000040  00000040  00000000  RWIX
  ECANA_MOTO            000060c0   00000040  00000040  00000000  RWIX
  ECANA_MBOX            00006100   00000100  00000100  00000000  RWIX
  ECANB                 00006200   00000040  00000034  0000000c  RWIX
  ECANB_LAM             00006240   00000040  00000040  00000000  RWIX
  ECANB_MOTS            00006280   00000040  00000040  00000000  RWIX
  ECANB_MOTO            000062c0   00000040  00000040  00000000  RWIX
  ECANB_MBOX            00006300   00000100  00000100  00000000  RWIX
  EPWM1                 00006800   00000022  00000022  00000000  RWIX
  EPWM2                 00006840   00000022  00000022  00000000  RWIX
  EPWM3                 00006880   00000022  00000022  00000000  RWIX
  EPWM4                 000068c0   00000022  00000022  00000000  RWIX
  EPWM5                 00006900   00000022  00000022  00000000  RWIX
  EPWM6                 00006940   00000022  00000022  00000000  RWIX
  ECAP1                 00006a00   00000020  00000020  00000000  RWIX
  ECAP2                 00006a20   00000020  00000020  00000000  RWIX
  ECAP3                 00006a40   00000020  00000020  00000000  RWIX
  ECAP4                 00006a60   00000020  00000020  00000000  RWIX
  ECAP5                 00006a80   00000020  00000020  00000000  RWIX
  ECAP6                 00006aa0   00000020  00000020  00000000  RWIX
  EQEP1                 00006b00   00000040  00000040  00000000  RWIX
  EQEP2                 00006b40   00000040  00000040  00000000  RWIX
  GPIOCTRL              00006f80   00000040  0000002e  00000012  RWIX
  GPIODAT               00006fc0   00000020  00000020  00000000  RWIX
  GPIOINT               00006fe0   00000020  0000000a  00000016  RWIX
  SYSTEM                00007010   00000020  00000020  00000000  RWIX
  SPIA                  00007040   00000010  00000010  00000000  RWIX
  SCIA                  00007050   00000010  00000010  00000000  RWIX
  XINTRUPT              00007070   00000010  00000010  00000000  RWIX
  ADC                   00007100   00000020  0000001e  00000002  RWIX
  SCIB                  00007750   00000010  00000010  00000000  RWIX
  SCIC                  00007770   00000010  00000010  00000000  RWIX
  I2CA                  00007900   00000040  00000022  0000001e  RWIX
  RAML4                 0000c000   00004000  00002c7a  00001386  RWIX
  ZONE7B                0020fc00   00000400  00000000  00000400  RWIX
  FLASHB                00330000   00008000  00000000  00008000  RWIX
  CSM_PWL               0033fff8   00000008  00000008  00000000  RWIX
  PARTID                00380090   00000001  00000001  00000000  RWIX


SECTION ALLOCATION MAP

 output                                  attributes/
section   page    origin      length       input sections
--------  ----  ----------  ----------   ----------------
.pinit     0    00328000    00000000     UNINITIALIZED

ZONE0DATA 
*          0    00004000    00000800     UNINITIALIZED
                  00004000    00000800     digital_inout.obj (ZONE0DATA)

.text      0    00320000    00003a3f     
                  00320000    000008a3     Communication.obj (.text)
                  003208a3    000007bf     system.obj (.text)
                  00321062    000005cd     cc.obj (.text)
                  0032162f    00000495     debug_2833x.obj (.text)
                  00321ac4    000003f5     DSP2833x_DMA.obj (.text)
                  00321eb9    0000035f     pwm_change1.obj (.text)
                  00322218    00000351     SCI_BC.obj (.text)
                  00322569    0000034e     fault.obj (.text)
                  003228b7    00000316     DSP2833x_DefaultIsr.obj (.text)
                  00322bcd    00000250     seoho_gpio_set.obj (.text)
                  00322e1d    000001f8     Main.obj (.text)
                  00323015    0000018c     DEV_DAC.obj (.text)
                  003231a1    0000011d     analog_inout.obj (.text)
                  003232be    0000010b     digital_inout.obj (.text)
                  003233c9    000000f5     DSP2833x_SysCtrl.obj (.text)
                  003234be    000000cf     I2C_eeprom.obj (.text)
                  0032358d    000000c8     DSP2833x_EPwm.obj (.text)
                  00323655    000000aa     DSP2833x_Xintf.obj (.text)
                  003236ff    0000009a     DSP2833x_ECan.obj (.text)
                  00323799    00000088     rts2800_fpu32.lib : fs_div.obj (.text)
                  00323821    0000007a     DSP2833x_CpuTimers.obj (.text)
                  0032389b    00000061     rts2800_fpu32.lib : log.obj (.text)
                  003238fc    00000046                       : boot.obj (.text)
                  00323942    00000028     DSP2833x_PieCtrl.obj (.text)
                  0032396a    00000022     rts2800_fpu32.lib : i_div.obj (.text)
                  0032398c    00000020     DSP2833x_PieVect.obj (.text)
                  003239ac    0000001b     rts2800_fpu32.lib : args_main.obj (.text)
                  003239c7    00000019                       : exit.obj (.text)
                  003239e0    00000017     DSP2833x_I2C.obj (.text)
                  003239f7    00000017     DSP2833x_MemCopy.obj (.text)
                  00323a0e    00000016     rts2800_fpu32.lib : frexp.obj (.text)
                  00323a24    00000009                       : _lock.obj (.text)
                  00323a2d    00000008     DSP2833x_CodeStartBranch.obj (.text)
                  00323a35    00000007     DSP2833x_DisInt.obj (.text)
                  00323a3c    00000003     DSP2833x_DBGIER.obj (.text)

ramfuncs   0    00323a3f    0000034d     RUN ADDR = 00008000
                  00323a3f    00000278     SCI_BC.obj (ramfuncs)
                  00323cb7    000000b6     debug_2833x.obj (ramfuncs)
                  00323d6d    0000001b     DSP2833x_SysCtrl.obj (ramfuncs)
                  00323d88    00000004     DSP2833x_usDelay.obj (ramfuncs)

.cinit     0    00338000    000004b2     
                  00338000    000002ad     cc.obj (.cinit)
                  003382ad    000000b7     fault.obj (.cinit)
                  00338364    0000006c     SCI_BC.obj (.cinit)
                  003383d0    0000004a     pwm_change1.obj (.cinit)
                  0033841a    0000002c     system.obj (.cinit)
                  00338446    0000002a     debug_2833x.obj (.cinit)
                  00338470    00000018     Main.obj (.cinit)
                  00338488    0000000c     analog_inout.obj (.cinit)
                  00338494    0000000a     rts2800_fpu32.lib : _lock.obj (.cinit)
                  0033849e    0000000a                       : exit.obj (.cinit)
                  003384a8    00000004     DEV_DAC.obj (.cinit)
                  003384ac    00000004     rts2800_fpu32.lib : errno.obj (.cinit)
                  003384b0    00000002     --HOLE-- [fill = 0]

.econst    0    003384b2    0000012a     
                  003384b2    00000100     DSP2833x_PieVect.obj (.econst)
                  003385b2    0000001f     SCI_BC.obj (.econst:.string)
                  003385d1    00000001     --HOLE-- [fill = 0]
                  003385d2    0000000a     debug_2833x.obj (.econst:.string)

.switch    0    003385dc    000000ec     
                  003385dc    000000ac     Communication.obj (.switch)
                  00338688    00000040     system.obj (.switch)

csm_rsvd   0    0033ff80    00000076     
                  0033ff80    00000076     DSP2833x_CSMPasswords.obj (csm_rsvd)

codestart 
*          0    0033fff6    00000002     
                  0033fff6    00000002     DSP2833x_CodeStartBranch.obj (codestart)

csmpasswds 
*          0    0033fff8    00000008     
                  0033fff8    00000008     DSP2833x_CSMPasswords.obj (csmpasswds)

.adc_cal   0    00380080    00000007     NOLOAD SECTION
                  00380080    00000007     DSP2833x_ADC_cal.obj (.adc_cal)

.reset     0    003fffc0    00000002     DSECT
                  003fffc0    00000002     rts2800_fpu32.lib : boot.obj (.reset)

vectors    0    003fffc2    00000000     DSECT

.stack     1    00000400    00000400     UNINITIALIZED
                  00000400    00000400     --HOLE--

DevEmuRegsFile 
*          1    00000880    000000d0     UNINITIALIZED
                  00000880    000000d0     DSP2833x_GlobalVariableDefs.obj (DevEmuRegsFile)

FlashRegsFile 
*          1    00000a80    00000008     UNINITIALIZED
                  00000a80    00000008     DSP2833x_GlobalVariableDefs.obj (FlashRegsFile)

CsmRegsFile 
*          1    00000ae0    00000010     UNINITIALIZED
                  00000ae0    00000010     DSP2833x_GlobalVariableDefs.obj (CsmRegsFile)

AdcMirrorFile 
*          1    00000b00    00000010     UNINITIALIZED
                  00000b00    00000010     DSP2833x_GlobalVariableDefs.obj (AdcMirrorFile)

XintfRegsFile 
*          1    00000b20    0000001e     UNINITIALIZED
                  00000b20    0000001e     DSP2833x_GlobalVariableDefs.obj (XintfRegsFile)

CpuTimer0RegsFile 
*          1    00000c00    00000008     UNINITIALIZED
                  00000c00    00000008     DSP2833x_GlobalVariableDefs.obj (CpuTimer0RegsFile)

CpuTimer1RegsFile 
*          1    00000c08    00000008     UNINITIALIZED
                  00000c08    00000008     DSP2833x_GlobalVariableDefs.obj (CpuTimer1RegsFile)

CpuTimer2RegsFile 
*          1    00000c10    00000008     UNINITIALIZED
                  00000c10    00000008     DSP2833x_GlobalVariableDefs.obj (CpuTimer2RegsFile)

PieCtrlRegsFile 
*          1    00000ce0    0000001a     UNINITIALIZED
                  00000ce0    0000001a     DSP2833x_GlobalVariableDefs.obj (PieCtrlRegsFile)

PieVectTableFile 
*          1    00000d00    00000100     UNINITIALIZED
                  00000d00    00000100     DSP2833x_GlobalVariableDefs.obj (PieVectTableFile)

DmaRegsFile 
*          1    00001000    000000e0     UNINITIALIZED
                  00001000    000000e0     DSP2833x_GlobalVariableDefs.obj (DmaRegsFile)

McbspaRegsFile 
*          1    00005000    00000025     UNINITIALIZED
                  00005000    00000025     DSP2833x_GlobalVariableDefs.obj (McbspaRegsFile)

McbspbRegsFile 
*          1    00005040    00000025     UNINITIALIZED
                  00005040    00000025     DSP2833x_GlobalVariableDefs.obj (McbspbRegsFile)

ECanaRegsFile 
*          1    00006000    00000034     UNINITIALIZED
                  00006000    00000034     DSP2833x_GlobalVariableDefs.obj (ECanaRegsFile)

ECanaLAMRegsFile 
*          1    00006040    00000040     UNINITIALIZED
                  00006040    00000040     DSP2833x_GlobalVariableDefs.obj (ECanaLAMRegsFile)

ECanaMOTSRegsFile 
*          1    00006080    00000040     UNINITIALIZED
                  00006080    00000040     DSP2833x_GlobalVariableDefs.obj (ECanaMOTSRegsFile)

ECanaMOTORegsFile 
*          1    000060c0    00000040     UNINITIALIZED
                  000060c0    00000040     DSP2833x_GlobalVariableDefs.obj (ECanaMOTORegsFile)

ECanaMboxesFile 
*          1    00006100    00000100     UNINITIALIZED
                  00006100    00000100     DSP2833x_GlobalVariableDefs.obj (ECanaMboxesFile)

ECanbRegsFile 
*          1    00006200    00000034     UNINITIALIZED
                  00006200    00000034     DSP2833x_GlobalVariableDefs.obj (ECanbRegsFile)

ECanbLAMRegsFile 
*          1    00006240    00000040     UNINITIALIZED
                  00006240    00000040     DSP2833x_GlobalVariableDefs.obj (ECanbLAMRegsFile)

ECanbMOTSRegsFile 
*          1    00006280    00000040     UNINITIALIZED
                  00006280    00000040     DSP2833x_GlobalVariableDefs.obj (ECanbMOTSRegsFile)

ECanbMOTORegsFile 
*          1    000062c0    00000040     UNINITIALIZED
                  000062c0    00000040     DSP2833x_GlobalVariableDefs.obj (ECanbMOTORegsFile)

ECanbMboxesFile 
*          1    00006300    00000100     UNINITIALIZED
                  00006300    00000100     DSP2833x_GlobalVariableDefs.obj (ECanbMboxesFile)

EPwm1RegsFile 
*          1    00006800    00000022     UNINITIALIZED
                  00006800    00000022     DSP2833x_GlobalVariableDefs.obj (EPwm1RegsFile)

EPwm2RegsFile 
*          1    00006840    00000022     UNINITIALIZED
                  00006840    00000022     DSP2833x_GlobalVariableDefs.obj (EPwm2RegsFile)

EPwm3RegsFile 
*          1    00006880    00000022     UNINITIALIZED
                  00006880    00000022     DSP2833x_GlobalVariableDefs.obj (EPwm3RegsFile)

EPwm4RegsFile 
*          1    000068c0    00000022     UNINITIALIZED
                  000068c0    00000022     DSP2833x_GlobalVariableDefs.obj (EPwm4RegsFile)

EPwm5RegsFile 
*          1    00006900    00000022     UNINITIALIZED
                  00006900    00000022     DSP2833x_GlobalVariableDefs.obj (EPwm5RegsFile)

EPwm6RegsFile 
*          1    00006940    00000022     UNINITIALIZED
                  00006940    00000022     DSP2833x_GlobalVariableDefs.obj (EPwm6RegsFile)

ECap1RegsFile 
*          1    00006a00    00000020     UNINITIALIZED
                  00006a00    00000020     DSP2833x_GlobalVariableDefs.obj (ECap1RegsFile)

ECap2RegsFile 
*          1    00006a20    00000020     UNINITIALIZED
                  00006a20    00000020     DSP2833x_GlobalVariableDefs.obj (ECap2RegsFile)

ECap3RegsFile 
*          1    00006a40    00000020     UNINITIALIZED
                  00006a40    00000020     DSP2833x_GlobalVariableDefs.obj (ECap3RegsFile)

ECap4RegsFile 
*          1    00006a60    00000020     UNINITIALIZED
                  00006a60    00000020     DSP2833x_GlobalVariableDefs.obj (ECap4RegsFile)

ECap5RegsFile 
*          1    00006a80    00000020     UNINITIALIZED
                  00006a80    00000020     DSP2833x_GlobalVariableDefs.obj (ECap5RegsFile)

ECap6RegsFile 
*          1    00006aa0    00000020     UNINITIALIZED
                  00006aa0    00000020     DSP2833x_GlobalVariableDefs.obj (ECap6RegsFile)

EQep1RegsFile 
*          1    00006b00    00000040     UNINITIALIZED
                  00006b00    00000040     DSP2833x_GlobalVariableDefs.obj (EQep1RegsFile)

EQep2RegsFile 
*          1    00006b40    00000040     UNINITIALIZED
                  00006b40    00000040     DSP2833x_GlobalVariableDefs.obj (EQep2RegsFile)

GpioCtrlRegsFile 
*          1    00006f80    0000002e     UNINITIALIZED
                  00006f80    0000002e     DSP2833x_GlobalVariableDefs.obj (GpioCtrlRegsFile)

GpioDataRegsFile 
*          1    00006fc0    00000020     UNINITIALIZED
                  00006fc0    00000020     DSP2833x_GlobalVariableDefs.obj (GpioDataRegsFile)

GpioIntRegsFile 
*          1    00006fe0    0000000a     UNINITIALIZED
                  00006fe0    0000000a     DSP2833x_GlobalVariableDefs.obj (GpioIntRegsFile)

SysCtrlRegsFile 
*          1    00007010    00000020     UNINITIALIZED
                  00007010    00000020     DSP2833x_GlobalVariableDefs.obj (SysCtrlRegsFile)

SpiaRegsFile 
*          1    00007040    00000010     UNINITIALIZED
                  00007040    00000010     DSP2833x_GlobalVariableDefs.obj (SpiaRegsFile)

SciaRegsFile 
*          1    00007050    00000010     UNINITIALIZED
                  00007050    00000010     DSP2833x_GlobalVariableDefs.obj (SciaRegsFile)

XIntruptRegsFile 
*          1    00007070    00000010     UNINITIALIZED
                  00007070    00000010     DSP2833x_GlobalVariableDefs.obj (XIntruptRegsFile)

AdcRegsFile 
*          1    00007100    0000001e     UNINITIALIZED
                  00007100    0000001e     DSP2833x_GlobalVariableDefs.obj (AdcRegsFile)

ScibRegsFile 
*          1    00007750    00000010     UNINITIALIZED
                  00007750    00000010     DSP2833x_GlobalVariableDefs.obj (ScibRegsFile)

ScicRegsFile 
*          1    00007770    00000010     UNINITIALIZED
                  00007770    00000010     DSP2833x_GlobalVariableDefs.obj (ScicRegsFile)

I2caRegsFile 
*          1    00007900    00000022     UNINITIALIZED
                  00007900    00000022     DSP2833x_GlobalVariableDefs.obj (I2caRegsFile)

.ebss      1    0000c000    00002c7a     UNINITIALIZED
                  0000c000    00002988     SCI_BC.obj (.ebss)
                  0000e988    00000038     fault.obj (.ebss)
                  0000e9c0    00000104     cc.obj (.ebss)
                  0000eac4    00000028     DEV_DAC.obj (.ebss)
                  0000eaec    00000011     analog_inout.obj (.ebss)
                  0000eafd    00000001     rts2800_fpu32.lib : errno.obj (.ebss)
                  0000eafe    00000002     --HOLE--
                  0000eb00    000000b0     system.obj (.ebss)
                  0000ebb0    00000006     Main.obj (.ebss)
                  0000ebb6    00000004     digital_inout.obj (.ebss)
                  0000ebba    00000004     rts2800_fpu32.lib : _lock.obj (.ebss)
                  0000ebbe    00000002     --HOLE--
                  0000ebc0    00000073     debug_2833x.obj (.ebss)
                  0000ec33    00000001     --HOLE--
                  0000ec34    00000004     rts2800_fpu32.lib : exit.obj (.ebss)
                  0000ec38    00000008     --HOLE--
                  0000ec40    00000022     pwm_change1.obj (.ebss)
                  0000ec62    00000018     DSP2833x_CpuTimers.obj (.ebss)

CsmPwlFile 
*          1    0033fff8    00000008     UNINITIALIZED
                  0033fff8    00000008     DSP2833x_GlobalVariableDefs.obj (CsmPwlFile)

PartIdRegsFile 
*          1    00380090    00000001     UNINITIALIZED
                  00380090    00000001     DSP2833x_GlobalVariableDefs.obj (PartIdRegsFile)


GLOBAL SYMBOLS: SORTED ALPHABETICALLY BY Name 

address    name
--------   ----
00320000   .text
003239c7   C$$EXIT
00323799   FS$$DIV
0032396a   I$$DIV
0032397b   I$$MOD
0000eac7   _AC_DC_TYPE
0032299d   _ADCINT_ISR
0000ec45   _ADCTMP0
0000ec42   _ADCTMP1
0000ec44   _ADCTMP15
0000ec43   _ADCTMP2
0000ec40   _ADCTMP3
0000ec41   _ADCTMP5
00380080   _ADC_cal
0000eaef   _AO1
0000eaf6   _AO2
0000ebb1   _AO_Count
003231a1   _AO_Processing
00000b00   _AdcMirror
00007100   _AdcRegs
0000e9d4   _Adc_Temperature
0000c140   _CAN_Registers
0000c002   _CRC
003223aa   _CRC_16
00322898   _CheckFaultDriver
003225ab   _CheckOverCurrent
00322860   _CheckOverHeat
00322713   _CheckOverVolt
003227bf   _CheckOverVolt_in
00322769   _CheckUnderVolt
0032280c   _CheckUnderVolt_in
0000eaa0   _Cin
0000c011   _Communication_Fault_Cnt
0000c015   _Communication_Fault_Flag
00323860   _ConfigCpuTimer
0000e9cf   _Control_method
0000eaec   _Count0mA
0000eaee   _Count20mA
0000eaed   _Count4mA
0000ea34   _Cout
0000ec72   _CpuTimer0
00000c00   _CpuTimer0Regs
0000ec62   _CpuTimer1
00000c08   _CpuTimer1Regs
0000ec6a   _CpuTimer2
00000c10   _CpuTimer2Regs
0033fff8   _CsmPwl
00000ae0   _CsmRegs
0032348d   _CsmUnlock
0000e993   _Curr_Lim
003228cb   _DATALOG_ISR
0000e9a5   _DC_Build_Up_delay_cnt
0000e9a2   _DC_Build_Up_delay_set
00322abf   _DINTCH1_ISR
00322ac9   _DINTCH2_ISR
00322ad3   _DINTCH3_ISR
00322add   _DINTCH4_ISR
00322ae7   _DINTCH5_ISR
00322af1   _DINTCH6_ISR
00321acf   _DMACH1AddrConfig
00321ae1   _DMACH1BurstConfig
00321b14   _DMACH1ModeConfig
00321af1   _DMACH1TransferConfig
00321b01   _DMACH1WrapConfig
00321b76   _DMACH2AddrConfig
00321b88   _DMACH2BurstConfig
00321bbb   _DMACH2ModeConfig
00321b98   _DMACH2TransferConfig
00321ba8   _DMACH2WrapConfig
00321c1d   _DMACH3AddrConfig
00321c2f   _DMACH3BurstConfig
00321c62   _DMACH3ModeConfig
00321c3f   _DMACH3TransferConfig
00321c4f   _DMACH3WrapConfig
00321cc4   _DMACH4AddrConfig
00321cd6   _DMACH4BurstConfig
00321d09   _DMACH4ModeConfig
00321ce6   _DMACH4TransferConfig
00321cf6   _DMACH4WrapConfig
00321d6b   _DMACH5AddrConfig
00321d7d   _DMACH5BurstConfig
00321db0   _DMACH5ModeConfig
00321d8d   _DMACH5TransferConfig
00321d9d   _DMACH5WrapConfig
00321e12   _DMACH6AddrConfig
00321e24   _DMACH6BurstConfig
00321e57   _DMACH6ModeConfig
00321e34   _DMACH6TransferConfig
00321e44   _DMACH6WrapConfig
00321ac4   _DMAInitialize
0000e9ca   _DRIVE_ENABLE
00323a35   _DSP28x_DisableInt
00323a39   _DSP28x_RestoreInt
00008349   _DSP28x_usDelay
0000ec48   _DUTY_A
0000ec46   _DUTY_B
0000ec4c   _DUTY_C
0000ec58   _DUTY_OPEN
0000ea2c   _Dampi
0000ea88   _Dampv
0000dc40   _Data_Registers
00000880   _DevEmuRegs
0000eb00   _Device_Info
0000c013   _Device_type
003233dc   _DisableDog
00001000   _DmaRegs
0000eb08   _Drive_Status
0000e9d0   _Drive_Voltage
0000c003   _Dummy_comm
0000ec4e   _Duty_L_MAX
0000ec4a   _Duty_L_MIN
00322b4b   _ECAN0INTA_ISR
00322b5f   _ECAN0INTB_ISR
00322b55   _ECAN1INTA_ISR
00322b69   _ECAN1INTB_ISR
00322a33   _ECAP1_INT_ISR
00322a3d   _ECAP2_INT_ISR
00322a47   _ECAP3_INT_ISR
00322a51   _ECAP4_INT_ISR
00322a5b   _ECAP5_INT_ISR
00322a65   _ECAP6_INT_ISR
00006040   _ECanaLAMRegs
000060c0   _ECanaMOTORegs
00006080   _ECanaMOTSRegs
00006100   _ECanaMboxes
00006000   _ECanaRegs
00006240   _ECanbLAMRegs
000062c0   _ECanbMOTORegs
00006280   _ECanbMOTSRegs
00006300   _ECanbMboxes
00006200   _ECanbRegs
00006a00   _ECap1Regs
00006a20   _ECap2Regs
00006a40   _ECap3Regs
00006a60   _ECap4Regs
00006a80   _ECap5Regs
00006aa0   _ECap6Regs
0000ebb2   _EEPROM_WRITE_CHECK
0000c019   _EEPROM_WRITE_ENABLE_Rx
0000c01a   _EEPROM_WRITE_ENABLE_Tx
003228df   _EMUINT_ISR
003229f7   _EPWM1_INT_ISR
003229bb   _EPWM1_TZINT_ISR
00322a01   _EPWM2_INT_ISR
003229c5   _EPWM2_TZINT_ISR
00322a0b   _EPWM3_INT_ISR
003229cf   _EPWM3_TZINT_ISR
00322a15   _EPWM4_INT_ISR
003229d9   _EPWM4_TZINT_ISR
00322a1f   _EPWM5_INT_ISR
003229e3   _EPWM5_TZINT_ISR
00322a29   _EPWM6_INT_ISR
003229ed   _EPWM6_TZINT_ISR
00006800   _EPwm1Regs
00006840   _EPwm2Regs
00006880   _EPwm3Regs
000068c0   _EPwm4Regs
00006900   _EPwm5Regs
00006940   _EPwm6Regs
00322a6f   _EQEP1_INT_ISR
00322a79   _EQEP2_INT_ISR
00006b00   _EQep1Regs
00006b40   _EQep2Regs
00323961   _EnableInterrupts
0000e9c8   _FAULT_RESET
0000e9c6   _FAULT_RESET_COMPLETE
0000e997   _FaultInfo
0000e998   _Fault_Check
0000e9ac   _Fault_State
0000e9ab   _Fault_count
0000e99d   _Fault_ret
00000a80   _FlashRegs
0000e9e8   _Fnc
0000ea3a   _Fnc_change
0000ea26   _Fnc_max
0000ea30   _Fnc_min
0000ea28   _Fnc_setting
0000eab6   _Fnv
0000eac2   _Fnv_max
0000ea8a   _Fnv_min
0000ea68   _Fsw
00320fc1   _Gain_setting
00006f80   _GpioCtrlRegs
00006fc0   _GpioDataRegs
00006fe0   _GpioIntRegs
00322afb   _I2CINT1A_ISR
00322b05   _I2CINT2A_ISR
00007900   _I2caRegs
0000e9ce   _IGBT_current
003228f3   _ILLEGAL_ISR
003228b7   _INT13_ISR
003228c1   _INT14_ISR
0000ea40   _INV_Vdc
0000e9d3   _I_rate
0000e9d1   _I_rate_p
0000ea58   _I_scale
0000ea76   _Ias
0000ea7c   _Ias_LPF
0000ea16   _Ias_mean_LPF_integrator
0000e9c1   _Ias_offset
0000ea7a   _Ibs
0000ea70   _Ibs_LPF
0000ea22   _Ibs_mean_LPF_integrator
0000e9c0   _Ibs_offset
0000ea6e   _Ics
0000ea74   _Ics_LPF
0000ea10   _Ics_mean_LPF_integrator
0000e9c4   _Ics_offset
0000ea0c   _Idc_Err_Anti_a
0000ea0a   _Idc_Err_Anti_b
0000e9de   _Idc_Err_Anti_c
0000ea08   _Idc_Err_I_a
0000e9fe   _Idc_Err_I_b
0000e9e4   _Idc_Err_I_c
0000e9fa   _Idc_Err_PI_a
0000ea2e   _Idc_Err_PI_b
0000ea06   _Idc_Err_PI_be_a
0000e9f8   _Idc_Err_PI_be_b
0000e9f4   _Idc_Err_PI_be_c
0000ea00   _Idc_Err_PI_c
0000ea02   _Idc_Err_P_a
0000e9fc   _Idc_Err_P_b
0000e9e6   _Idc_Err_P_c
0000ea2a   _Idc_Err_V_MAX
0000ea38   _Idc_Err_V_MIN
0000ea94   _Idc_Error_a
0000ea04   _Idc_Error_b
0000e9f6   _Idc_Error_c
0000ea92   _Idc_ref
0000ea90   _Idc_ref_LPF
0000ea96   _Idc_ref_LPF_integrator
0000ea48   _Iinput
0000ea46   _Iinput_LPF
0000ea4c   _Iinput_LPF_integrator
0000ea4a   _Iinput_LPF_test
00323821   _InitCpuTimers
003236ff   _InitECan
00323780   _InitECanGpio
00323702   _InitECana
00323783   _InitECanaGpio
0032358d   _InitEPwm
0032359b   _InitEPwm1Gpio
003235ad   _InitEPwm2Gpio
003235bf   _InitEPwm3Gpio
003235d3   _InitEPwm4Gpio
003235e7   _InitEPwm5Gpio
003235f9   _InitEPwm6Gpio
0032358e   _InitEPwmGpio
0032360b   _InitEPwmSyncGpio
0000832e   _InitFlash
00322bcd   _InitGpio
003239e0   _InitI2C
003239e1   _InitI2CGpio
00323432   _InitPeripheralClocks
00323942   _InitPieCtrl
0032398c   _InitPieVectTable
003233e4   _InitPll
003233c9   _InitSysCtrl
0032361f   _InitTzGpio
00323655   _InitXintf
003236c5   _InitXintf16Gpio
0032367e   _InitXintf32Gpio
003208e5   _Init_AD_converter
003208ad   _Init_GPIO
003234be   _Init_I2C_eeprom
00320f19   _Init_dsc
00320dc1   _Init_var
0000e9e0   _Ka_Idc
0000eab2   _Ka_Vdc
0000e9f2   _Ki_Idc_T
0000e9f0   _Ki_Idc_factor
0000eabe   _Ki_Vdc
0000eab4   _Ki_Vdc_factor
0000e9ea   _Kp_Idc
0000e9ec   _Kp_Idc_factor
0000ea8c   _Kp_V_max
0000ea82   _Kp_V_min
0000ea8e   _Kp_Vchange
0000eaba   _Kp_Vdc
0000eac0   _Kp_Vdc_factor
003208db   _LSPCLK_setup
00322baf   _LUF_ISR
00322ba5   _LVF_ISR
0000ea32   _La
0000eb06   _Local_Remote
0000e9d2   _MAX_TIME_SHARING_INDEX
00322aab   _MRINTA_ISR
00322a97   _MRINTB_ISR
00322ab5   _MXINTA_ISR
00322aa1   _MXINTB_ISR
0000e9c7   _Machine_state
0000e9ba   _MaxCon_Curr_Count
0000e98b   _Max_Con_cur
00005000   _McbspaRegs
00005040   _McbspbRegs
003239f7   _MemCopy
0000e9c9   _Monitor_Filter_TIME_CONST_ms_x10
0000e9c2   _Monitor_LPF_inv_time_const
003228e9   _NMI_ISR
0000eabc   _N_SW
0000e994   _OC_Trip
0000e9ae   _OL_TimeOver_Count
0000ea36   _OPEN_DUTY_A
0000ea1c   _OPEN_DUTY_B
0000ea1a   _OPEN_DUTY_C
0000e98d   _OV_Limit
0000e98c   _OV_Ltd_Fn
0000e9a4   _OV_Temp
0000e98e   _OV_Time
0000e9a0   _OV_set
0000e99e   _OVin_set
0000e9dc   _On_delay
0000ea62   _On_delay_cnt
0000e9b2   _OverHeatCount
0000e9b6   _OverVoltCount
0000e9b4   _OverVoltinCount
0000e988   _Over_Load
0000e989   _Over_Load_Time
0000e9a3   _Over_Temp_Flag
00322bb9   _PIE_RESERVED
0000e9d9   _PWM_frequency_x10_kHz
0000e9cc   _P_rate
0032090b   _Parameter_Initialization
00380090   _PartIdRegs
00000ce0   _PieCtrlRegs
00000d00   _PieVectTable
003384b2   _PieVectTableInit
0000ea3e   _Power_in
0000ea18   _Power_in_LPF_Integrator
0000ea44   _Power_out
003228d5   _RTOSINT_ISR
0000ea3c   _R_L
00323d8c   _RamfuncsLoadEnd
00323a3f   _RamfuncsLoadStart
00008000   _RamfuncsRunStart
0000e9cb   _Rated_frequency
00320000   _Read_Data_Registers
0032351e   _Read_EEPROM_Data
0000eb07   _Ref_method
003208a3   _Relay_setup
0000e9db   _Retry_delay
0000ea60   _Retry_delay_cnt
0000e9dd   _Run_Stop
0000eb03   _Run_Stop_Src
0000eb0a   _Run_Stop_Status
0000eb02   _Run_Stop_meth
0000c017   _RxAddr
0000c01c   _RxBuf
0000c004   _RxCRC
0000c005   _RxData
0000c016   _RxType
0000c007   _Rx_index
003223ce   _SCIC_Process
00322b23   _SCIRXINTA_ISR
00322b37   _SCIRXINTB_ISR
00322b0f   _SCIRXINTC_ISR
00322b2d   _SCITXINTA_ISR
00322b41   _SCITXINTB_ISR
00322b19   _SCITXINTC_ISR
0000cec0   _SCI_Registers
0000c00b   _SCI_TxOffset
00322975   _SEQ1INT_ISR
0032297f   _SEQ2INT_ISR
00322a83   _SPIRXINTA_ISR
00322a8d   _SPITXINTA_ISR
0000c01b   _SciC_RxFlag
0000c014   _SciC_RxStep
0000c012   _SciC_TxFlag
00007050   _SciaRegs
00007750   _ScibRegs
00007770   _ScicRegs
0000e9c3   _Sens_time_Vin
003233d2   _ServiceDog
00323a3c   _SetDBGIER
0000eb05   _Software_Number
0000eb01   _Software_Version
00007040   _SpiaRegs
00321b6e   _StartDMACH1
00321c15   _StartDMACH2
00321cbc   _StartDMACH3
00321d63   _StartDMACH4
00321e0a   _StartDMACH5
00321eb1   _StartDMACH6
0000eb09   _State_Index
0000e9cd   _Supply_voltage
00007010   _SysCtrlRegs
0000ea6a   _TBPHS_delay
003229a7   _TINT0_ISR
0000e99b   _Temp_Retry
0000ea42   _Temperature
003215a1   _Temperature_Calculation
003228a7   _TripProc
0000ea6c   _Tsamp
0000c000   _Tx_count_1s
0000c001   _Tx_count_25ms
0000c006   _Tx_index
00322957   _USER10_ISR
00322961   _USER11_ISR
0032296b   _USER12_ISR
003228fd   _USER1_ISR
00322907   _USER2_ISR
00322911   _USER3_ISR
0032291b   _USER4_ISR
00322925   _USER5_ISR
0032292f   _USER6_ISR
00322939   _USER7_ISR
00322943   _USER8_ISR
0032294d   _USER9_ISR
0000e999   _UV_Check_Enable
0000e9a1   _UV_set
0000e99f   _UVin_set
0000e9b8   _UnderVoltCount
0000e9b0   _UnderVoltinCount
00322fc4   _Update_state
00322f2d   _Update_var
0000e9d6   _V_rate
0000e9d5   _V_rate_in
0000eaa8   _Vdc_Err_Anti
0000eaa4   _Vdc_Err_I
0000ea9e   _Vdc_Err_I_MAX
0000ea9c   _Vdc_Err_I_MIN
0000eaa2   _Vdc_Err_P
0000eaae   _Vdc_Err_PI
0000eaa6   _Vdc_Err_PI_be
0000eab0   _Vdc_Error
0000ea72   _Vdc_input
0000ea80   _Vdc_input_Comp
0000ea86   _Vdc_input_Comp1
0000ea84   _Vdc_input_Comp2
0000ea9a   _Vdc_input_Comp3
0000ea98   _Vdc_input_Comp_m
0000ea7e   _Vdc_input_LPF
0000ea0e   _Vdc_input_LPF_Integrator
0000eaaa   _Vdc_min
0000ea66   _Vdc_out
0000ea64   _Vdc_out_LPF
0000ea14   _Vdc_out_LPF_Integrator
0000ea5e   _Vdc_out_ref
0000eaac   _Vdc_set_user
0000ea78   _Voltage_Range
00321062   _Voltage_controller
003229b1   _WAKEINT_ISR
0000ea20   _WT
0000e9e2   _Wnc
0000eab8   _Wnv
00323572   _Word_Read_data
00323558   _Word_Write_data
003205a5   _Write_Data_Registers_Offline
00320374   _Write_Data_Registers_Online
003234e7   _Write_EEPROM_Data
00322989   _XINT1_ISR
00322993   _XINT2_ISR
00322b73   _XINT3_ISR
00322b7d   _XINT4_ISR
00322b87   _XINT5_ISR
00322b91   _XINT6_ISR
00322b9b   _XINT7_ISR
00007070   _XIntruptRegs
00000b20   _XintfRegs
00004000   _ZONE0_BUF
00000800   __STACK_END
00000400   __STACK_SIZE
00000001   __TI_args_main
ffffffff   ___binit__
ffffffff   ___c_args__
00338000   ___cinit__
00323a3f   ___etext__
ffffffff   ___pinit__
00320000   ___text__
003239ac   __args_main
0000ec34   __cleanup_ptr
0000ec36   __dtors_ptr
0000ebbc   __lock
00323a2c   __nop
00323a28   __register_lock
00323a24   __register_unlock
00000400   __stack
0000ebba   __unlock
003239c7   _abort
0000eb40   _adc
0000ea56   _adc_scale_0
0000ea5c   _adc_scale_1
0000ea52   _adc_scale_15
0000ea5a   _adc_scale_2
0000ea50   _adc_scale_3
0000ea4e   _adc_scale_5
0000ea54   _adc_scale_7
0000ebb5   _addr_ch
0032162f   _asc2hex
003238fc   _c_int00
00320f70   _calculateOffset
0000ec54   _cmpa_4A
0000ec52   _cmpa_A
0000ec50   _cmpa_B
0000ec56   _cmpa_C
00321193   _current_controller_1
0032138b   _current_controller_2
003214a8   _current_controller_3
0000ebb3   _data1
0000e9ee   _dc_v_ramp
0000ebc1   _debug_cnt
0000ebc8   _debug_rd_addr
0000ebca   _debug_rd_addr_tmp
0000ebc0   _debug_state
0000ebc2   _debug_sum
0000ebc3   _debug_sum_temp
0000ec00   _debug_tx_buf
0000ebc5   _debug_tx_end
0000ebc7   _debug_tx_pos
0000ebcc   _debug_wr_addr
0000ebce   _debug_wr_data
0000ebc6   _debug_wr_size
0000ebc4   _debug_wr_sum_flag
0000eacc   _deg_Dac
0000eac6   _deg_sDacTmp
003208bf   _delay
0000e9d7   _delay_cnt
003208cd   _delay_long
00323127   _dev_BackgroundDAC
00323015   _dev_DacSetup
00323047   _dev_InitDACVariable
00323067   _dev_SendDAC
00323346   _digital_input_proc
003233a7   _digital_out_proc
0032338c   _digital_port_check
0032208a   _epwm1_timer_isr
00322110   _epwm2_timer_isr
00322190   _epwm3_timer_isr
0000e9c5   _epwm_isr_num
0000eafd   _errno
003239c9   _exit
00322569   _fault_chk
0000e99c   _first
0000e99a   _first1
0000ea1e   _flag
0000e9a8   _flagFOC
0000e9a6   _flagFOCC
0000e9aa   _flagGT1_ENA
0000e98a   _flagGT2_ENA
0000e991   _flagPWM_CTR
0000ebb0   _flag_relay
0000e98f   _flagadoffset_complete
0000e996   _flagccseq
0000e9a9   _flagcontrol
0000e9a7   _flagcontroll
0000e990   _flagencrst_complete
0000e995   _flagencrst_start
0000e992   _flagvar_rst
00323a0e   _frexp
0000ebb8   _func_flag
00321646   _hex2asc
00320e54   _init_control_value
003232be   _input_state
00320ee9   _inv_Time_Const
0032389b   _log
00322e1d   _main
0000ebb4   _main_loop_cnt
0000ea24   _mode
0000e9bc   _point
00321eb9   _pwm_buffer_setup
0000ec5a   _pwm_g1
00321ec3   _pwm_g1_setup
0000ebb6   _relay_flag
00322bc3   _rsvd_ISR
0000c00c   _rx_cnt
0000eac4   _sTemp
00321a8b   _sci_debug_init
000082c0   _scia_rx_isr
00008278   _scia_tx_isr
00322284   _scib_TxChar
00322290   _scib_TxString
00322218   _scib_init
003222fe   _scib_putc
0032234b   _scib_puts
0000c0c0   _scib_rx_buf
00008048   _scib_rx_isr
0000c00d   _scib_rxd
0000c040   _scib_tx_buf
0000c00e   _scib_tx_end
00008000   _scib_tx_isr
0000c008   _scib_tx_pos
003222b4   _scib_tx_start
0032229c   _scic_TxChar
003222a8   _scic_TxString
0032224b   _scic_init
00322336   _scic_putc
00322366   _scic_puts
0000c080   _scic_rx_buf
000080f6   _scic_rx_isr
0000c00a   _scic_rxd
00322381   _scic_test
0000c100   _scic_tx_buf
0000c00f   _scic_tx_end
000080ad   _scic_tx_isr
0000c010   _scic_tx_pos
003222d9   _scic_tx_start
003232d7   _set_digit_input_funtion
0032179a   _state0_proc
00321902   _state1_proc
0032191f   _state2_proc
00321992   _state3_proc
003219aa   _state4_proc
003219cb   _state5_proc
003219fa   _state6_proc
00321a12   _state7_proc
0000eb04   _system_first_rst
0000ea12   _tmp_long
0000c009   _tx_cnt
0000e9d8   _vc_cnt1
0000e9da   _vc_cnt_set
0032166d   _write_txbuf_asc
00321682   _write_txbuf_byte
003216fc   _write_txbuf_long
00321652   _write_txbuf_string
003216ac   _write_txbuf_word
ffffffff   binit
00338000   cinit
0033fff6   code_start
00323a3f   etext
ffffffff   pinit


GLOBAL SYMBOLS: SORTED BY Symbol Address 

address    name
--------   ----
00000001   __TI_args_main
00000400   __STACK_SIZE
00000400   __stack
00000800   __STACK_END
00000880   _DevEmuRegs
00000a80   _FlashRegs
00000ae0   _CsmRegs
00000b00   _AdcMirror
00000b20   _XintfRegs
00000c00   _CpuTimer0Regs
00000c08   _CpuTimer1Regs
00000c10   _CpuTimer2Regs
00000ce0   _PieCtrlRegs
00000d00   _PieVectTable
00001000   _DmaRegs
00004000   _ZONE0_BUF
00005000   _McbspaRegs
00005040   _McbspbRegs
00006000   _ECanaRegs
00006040   _ECanaLAMRegs
00006080   _ECanaMOTSRegs
000060c0   _ECanaMOTORegs
00006100   _ECanaMboxes
00006200   _ECanbRegs
00006240   _ECanbLAMRegs
00006280   _ECanbMOTSRegs
000062c0   _ECanbMOTORegs
00006300   _ECanbMboxes
00006800   _EPwm1Regs
00006840   _EPwm2Regs
00006880   _EPwm3Regs
000068c0   _EPwm4Regs
00006900   _EPwm5Regs
00006940   _EPwm6Regs
00006a00   _ECap1Regs
00006a20   _ECap2Regs
00006a40   _ECap3Regs
00006a60   _ECap4Regs
00006a80   _ECap5Regs
00006aa0   _ECap6Regs
00006b00   _EQep1Regs
00006b40   _EQep2Regs
00006f80   _GpioCtrlRegs
00006fc0   _GpioDataRegs
00006fe0   _GpioIntRegs
00007010   _SysCtrlRegs
00007040   _SpiaRegs
00007050   _SciaRegs
00007070   _XIntruptRegs
00007100   _AdcRegs
00007750   _ScibRegs
00007770   _ScicRegs
00007900   _I2caRegs
00008000   _RamfuncsRunStart
00008000   _scib_tx_isr
00008048   _scib_rx_isr
000080ad   _scic_tx_isr
000080f6   _scic_rx_isr
00008278   _scia_tx_isr
000082c0   _scia_rx_isr
0000832e   _InitFlash
00008349   _DSP28x_usDelay
0000c000   _Tx_count_1s
0000c001   _Tx_count_25ms
0000c002   _CRC
0000c003   _Dummy_comm
0000c004   _RxCRC
0000c005   _RxData
0000c006   _Tx_index
0000c007   _Rx_index
0000c008   _scib_tx_pos
0000c009   _tx_cnt
0000c00a   _scic_rxd
0000c00b   _SCI_TxOffset
0000c00c   _rx_cnt
0000c00d   _scib_rxd
0000c00e   _scib_tx_end
0000c00f   _scic_tx_end
0000c010   _scic_tx_pos
0000c011   _Communication_Fault_Cnt
0000c012   _SciC_TxFlag
0000c013   _Device_type
0000c014   _SciC_RxStep
0000c015   _Communication_Fault_Flag
0000c016   _RxType
0000c017   _RxAddr
0000c019   _EEPROM_WRITE_ENABLE_Rx
0000c01a   _EEPROM_WRITE_ENABLE_Tx
0000c01b   _SciC_RxFlag
0000c01c   _RxBuf
0000c040   _scib_tx_buf
0000c080   _scic_rx_buf
0000c0c0   _scib_rx_buf
0000c100   _scic_tx_buf
0000c140   _CAN_Registers
0000cec0   _SCI_Registers
0000dc40   _Data_Registers
0000e988   _Over_Load
0000e989   _Over_Load_Time
0000e98a   _flagGT2_ENA
0000e98b   _Max_Con_cur
0000e98c   _OV_Ltd_Fn
0000e98d   _OV_Limit
0000e98e   _OV_Time
0000e98f   _flagadoffset_complete
0000e990   _flagencrst_complete
0000e991   _flagPWM_CTR
0000e992   _flagvar_rst
0000e993   _Curr_Lim
0000e994   _OC_Trip
0000e995   _flagencrst_start
0000e996   _flagccseq
0000e997   _FaultInfo
0000e998   _Fault_Check
0000e999   _UV_Check_Enable
0000e99a   _first1
0000e99b   _Temp_Retry
0000e99c   _first
0000e99d   _Fault_ret
0000e99e   _OVin_set
0000e99f   _UVin_set
0000e9a0   _OV_set
0000e9a1   _UV_set
0000e9a2   _DC_Build_Up_delay_set
0000e9a3   _Over_Temp_Flag
0000e9a4   _OV_Temp
0000e9a5   _DC_Build_Up_delay_cnt
0000e9a6   _flagFOCC
0000e9a7   _flagcontroll
0000e9a8   _flagFOC
0000e9a9   _flagcontrol
0000e9aa   _flagGT1_ENA
0000e9ab   _Fault_count
0000e9ac   _Fault_State
0000e9ae   _OL_TimeOver_Count
0000e9b0   _UnderVoltinCount
0000e9b2   _OverHeatCount
0000e9b4   _OverVoltinCount
0000e9b6   _OverVoltCount
0000e9b8   _UnderVoltCount
0000e9ba   _MaxCon_Curr_Count
0000e9bc   _point
0000e9c0   _Ibs_offset
0000e9c1   _Ias_offset
0000e9c2   _Monitor_LPF_inv_time_const
0000e9c3   _Sens_time_Vin
0000e9c4   _Ics_offset
0000e9c5   _epwm_isr_num
0000e9c6   _FAULT_RESET_COMPLETE
0000e9c7   _Machine_state
0000e9c8   _FAULT_RESET
0000e9c9   _Monitor_Filter_TIME_CONST_ms_x10
0000e9ca   _DRIVE_ENABLE
0000e9cb   _Rated_frequency
0000e9cc   _P_rate
0000e9cd   _Supply_voltage
0000e9ce   _IGBT_current
0000e9cf   _Control_method
0000e9d0   _Drive_Voltage
0000e9d1   _I_rate_p
0000e9d2   _MAX_TIME_SHARING_INDEX
0000e9d3   _I_rate
0000e9d4   _Adc_Temperature
0000e9d5   _V_rate_in
0000e9d6   _V_rate
0000e9d7   _delay_cnt
0000e9d8   _vc_cnt1
0000e9d9   _PWM_frequency_x10_kHz
0000e9da   _vc_cnt_set
0000e9db   _Retry_delay
0000e9dc   _On_delay
0000e9dd   _Run_Stop
0000e9de   _Idc_Err_Anti_c
0000e9e0   _Ka_Idc
0000e9e2   _Wnc
0000e9e4   _Idc_Err_I_c
0000e9e6   _Idc_Err_P_c
0000e9e8   _Fnc
0000e9ea   _Kp_Idc
0000e9ec   _Kp_Idc_factor
0000e9ee   _dc_v_ramp
0000e9f0   _Ki_Idc_factor
0000e9f2   _Ki_Idc_T
0000e9f4   _Idc_Err_PI_be_c
0000e9f6   _Idc_Error_c
0000e9f8   _Idc_Err_PI_be_b
0000e9fa   _Idc_Err_PI_a
0000e9fc   _Idc_Err_P_b
0000e9fe   _Idc_Err_I_b
0000ea00   _Idc_Err_PI_c
0000ea02   _Idc_Err_P_a
0000ea04   _Idc_Error_b
0000ea06   _Idc_Err_PI_be_a
0000ea08   _Idc_Err_I_a
0000ea0a   _Idc_Err_Anti_b
0000ea0c   _Idc_Err_Anti_a
0000ea0e   _Vdc_input_LPF_Integrator
0000ea10   _Ics_mean_LPF_integrator
0000ea12   _tmp_long
0000ea14   _Vdc_out_LPF_Integrator
0000ea16   _Ias_mean_LPF_integrator
0000ea18   _Power_in_LPF_Integrator
0000ea1a   _OPEN_DUTY_C
0000ea1c   _OPEN_DUTY_B
0000ea1e   _flag
0000ea20   _WT
0000ea22   _Ibs_mean_LPF_integrator
0000ea24   _mode
0000ea26   _Fnc_max
0000ea28   _Fnc_setting
0000ea2a   _Idc_Err_V_MAX
0000ea2c   _Dampi
0000ea2e   _Idc_Err_PI_b
0000ea30   _Fnc_min
0000ea32   _La
0000ea34   _Cout
0000ea36   _OPEN_DUTY_A
0000ea38   _Idc_Err_V_MIN
0000ea3a   _Fnc_change
0000ea3c   _R_L
0000ea3e   _Power_in
0000ea40   _INV_Vdc
0000ea42   _Temperature
0000ea44   _Power_out
0000ea46   _Iinput_LPF
0000ea48   _Iinput
0000ea4a   _Iinput_LPF_test
0000ea4c   _Iinput_LPF_integrator
0000ea4e   _adc_scale_5
0000ea50   _adc_scale_3
0000ea52   _adc_scale_15
0000ea54   _adc_scale_7
0000ea56   _adc_scale_0
0000ea58   _I_scale
0000ea5a   _adc_scale_2
0000ea5c   _adc_scale_1
0000ea5e   _Vdc_out_ref
0000ea60   _Retry_delay_cnt
0000ea62   _On_delay_cnt
0000ea64   _Vdc_out_LPF
0000ea66   _Vdc_out
0000ea68   _Fsw
0000ea6a   _TBPHS_delay
0000ea6c   _Tsamp
0000ea6e   _Ics
0000ea70   _Ibs_LPF
0000ea72   _Vdc_input
0000ea74   _Ics_LPF
0000ea76   _Ias
0000ea78   _Voltage_Range
0000ea7a   _Ibs
0000ea7c   _Ias_LPF
0000ea7e   _Vdc_input_LPF
0000ea80   _Vdc_input_Comp
0000ea82   _Kp_V_min
0000ea84   _Vdc_input_Comp2
0000ea86   _Vdc_input_Comp1
0000ea88   _Dampv
0000ea8a   _Fnv_min
0000ea8c   _Kp_V_max
0000ea8e   _Kp_Vchange
0000ea90   _Idc_ref_LPF
0000ea92   _Idc_ref
0000ea94   _Idc_Error_a
0000ea96   _Idc_ref_LPF_integrator
0000ea98   _Vdc_input_Comp_m
0000ea9a   _Vdc_input_Comp3
0000ea9c   _Vdc_Err_I_MIN
0000ea9e   _Vdc_Err_I_MAX
0000eaa0   _Cin
0000eaa2   _Vdc_Err_P
0000eaa4   _Vdc_Err_I
0000eaa6   _Vdc_Err_PI_be
0000eaa8   _Vdc_Err_Anti
0000eaaa   _Vdc_min
0000eaac   _Vdc_set_user
0000eaae   _Vdc_Err_PI
0000eab0   _Vdc_Error
0000eab2   _Ka_Vdc
0000eab4   _Ki_Vdc_factor
0000eab6   _Fnv
0000eab8   _Wnv
0000eaba   _Kp_Vdc
0000eabc   _N_SW
0000eabe   _Ki_Vdc
0000eac0   _Kp_Vdc_factor
0000eac2   _Fnv_max
0000eac4   _sTemp
0000eac6   _deg_sDacTmp
0000eac7   _AC_DC_TYPE
0000eacc   _deg_Dac
0000eaec   _Count0mA
0000eaed   _Count4mA
0000eaee   _Count20mA
0000eaef   _AO1
0000eaf6   _AO2
0000eafd   _errno
0000eb00   _Device_Info
0000eb01   _Software_Version
0000eb02   _Run_Stop_meth
0000eb03   _Run_Stop_Src
0000eb04   _system_first_rst
0000eb05   _Software_Number
0000eb06   _Local_Remote
0000eb07   _Ref_method
0000eb08   _Drive_Status
0000eb09   _State_Index
0000eb0a   _Run_Stop_Status
0000eb40   _adc
0000ebb0   _flag_relay
0000ebb1   _AO_Count
0000ebb2   _EEPROM_WRITE_CHECK
0000ebb3   _data1
0000ebb4   _main_loop_cnt
0000ebb5   _addr_ch
0000ebb6   _relay_flag
0000ebb8   _func_flag
0000ebba   __unlock
0000ebbc   __lock
0000ebc0   _debug_state
0000ebc1   _debug_cnt
0000ebc2   _debug_sum
0000ebc3   _debug_sum_temp
0000ebc4   _debug_wr_sum_flag
0000ebc5   _debug_tx_end
0000ebc6   _debug_wr_size
0000ebc7   _debug_tx_pos
0000ebc8   _debug_rd_addr
0000ebca   _debug_rd_addr_tmp
0000ebcc   _debug_wr_addr
0000ebce   _debug_wr_data
0000ec00   _debug_tx_buf
0000ec34   __cleanup_ptr
0000ec36   __dtors_ptr
0000ec40   _ADCTMP3
0000ec41   _ADCTMP5
0000ec42   _ADCTMP1
0000ec43   _ADCTMP2
0000ec44   _ADCTMP15
0000ec45   _ADCTMP0
0000ec46   _DUTY_B
0000ec48   _DUTY_A
0000ec4a   _Duty_L_MIN
0000ec4c   _DUTY_C
0000ec4e   _Duty_L_MAX
0000ec50   _cmpa_B
0000ec52   _cmpa_A
0000ec54   _cmpa_4A
0000ec56   _cmpa_C
0000ec58   _DUTY_OPEN
0000ec5a   _pwm_g1
0000ec62   _CpuTimer1
0000ec6a   _CpuTimer2
0000ec72   _CpuTimer0
00320000   .text
00320000   _Read_Data_Registers
00320000   ___text__
00320374   _Write_Data_Registers_Online
003205a5   _Write_Data_Registers_Offline
003208a3   _Relay_setup
003208ad   _Init_GPIO
003208bf   _delay
003208cd   _delay_long
003208db   _LSPCLK_setup
003208e5   _Init_AD_converter
0032090b   _Parameter_Initialization
00320dc1   _Init_var
00320e54   _init_control_value
00320ee9   _inv_Time_Const
00320f19   _Init_dsc
00320f70   _calculateOffset
00320fc1   _Gain_setting
00321062   _Voltage_controller
00321193   _current_controller_1
0032138b   _current_controller_2
003214a8   _current_controller_3
003215a1   _Temperature_Calculation
0032162f   _asc2hex
00321646   _hex2asc
00321652   _write_txbuf_string
0032166d   _write_txbuf_asc
00321682   _write_txbuf_byte
003216ac   _write_txbuf_word
003216fc   _write_txbuf_long
0032179a   _state0_proc
00321902   _state1_proc
0032191f   _state2_proc
00321992   _state3_proc
003219aa   _state4_proc
003219cb   _state5_proc
003219fa   _state6_proc
00321a12   _state7_proc
00321a8b   _sci_debug_init
00321ac4   _DMAInitialize
00321acf   _DMACH1AddrConfig
00321ae1   _DMACH1BurstConfig
00321af1   _DMACH1TransferConfig
00321b01   _DMACH1WrapConfig
00321b14   _DMACH1ModeConfig
00321b6e   _StartDMACH1
00321b76   _DMACH2AddrConfig
00321b88   _DMACH2BurstConfig
00321b98   _DMACH2TransferConfig
00321ba8   _DMACH2WrapConfig
00321bbb   _DMACH2ModeConfig
00321c15   _StartDMACH2
00321c1d   _DMACH3AddrConfig
00321c2f   _DMACH3BurstConfig
00321c3f   _DMACH3TransferConfig
00321c4f   _DMACH3WrapConfig
00321c62   _DMACH3ModeConfig
00321cbc   _StartDMACH3
00321cc4   _DMACH4AddrConfig
00321cd6   _DMACH4BurstConfig
00321ce6   _DMACH4TransferConfig
00321cf6   _DMACH4WrapConfig
00321d09   _DMACH4ModeConfig
00321d63   _StartDMACH4
00321d6b   _DMACH5AddrConfig
00321d7d   _DMACH5BurstConfig
00321d8d   _DMACH5TransferConfig
00321d9d   _DMACH5WrapConfig
00321db0   _DMACH5ModeConfig
00321e0a   _StartDMACH5
00321e12   _DMACH6AddrConfig
00321e24   _DMACH6BurstConfig
00321e34   _DMACH6TransferConfig
00321e44   _DMACH6WrapConfig
00321e57   _DMACH6ModeConfig
00321eb1   _StartDMACH6
00321eb9   _pwm_buffer_setup
00321ec3   _pwm_g1_setup
0032208a   _epwm1_timer_isr
00322110   _epwm2_timer_isr
00322190   _epwm3_timer_isr
00322218   _scib_init
0032224b   _scic_init
00322284   _scib_TxChar
00322290   _scib_TxString
0032229c   _scic_TxChar
003222a8   _scic_TxString
003222b4   _scib_tx_start
003222d9   _scic_tx_start
003222fe   _scib_putc
00322336   _scic_putc
0032234b   _scib_puts
00322366   _scic_puts
00322381   _scic_test
003223aa   _CRC_16
003223ce   _SCIC_Process
00322569   _fault_chk
003225ab   _CheckOverCurrent
00322713   _CheckOverVolt
00322769   _CheckUnderVolt
003227bf   _CheckOverVolt_in
0032280c   _CheckUnderVolt_in
00322860   _CheckOverHeat
00322898   _CheckFaultDriver
003228a7   _TripProc
003228b7   _INT13_ISR
003228c1   _INT14_ISR
003228cb   _DATALOG_ISR
003228d5   _RTOSINT_ISR
003228df   _EMUINT_ISR
003228e9   _NMI_ISR
003228f3   _ILLEGAL_ISR
003228fd   _USER1_ISR
00322907   _USER2_ISR
00322911   _USER3_ISR
0032291b   _USER4_ISR
00322925   _USER5_ISR
0032292f   _USER6_ISR
00322939   _USER7_ISR
00322943   _USER8_ISR
0032294d   _USER9_ISR
00322957   _USER10_ISR
00322961   _USER11_ISR
0032296b   _USER12_ISR
00322975   _SEQ1INT_ISR
0032297f   _SEQ2INT_ISR
00322989   _XINT1_ISR
00322993   _XINT2_ISR
0032299d   _ADCINT_ISR
003229a7   _TINT0_ISR
003229b1   _WAKEINT_ISR
003229bb   _EPWM1_TZINT_ISR
003229c5   _EPWM2_TZINT_ISR
003229cf   _EPWM3_TZINT_ISR
003229d9   _EPWM4_TZINT_ISR
003229e3   _EPWM5_TZINT_ISR
003229ed   _EPWM6_TZINT_ISR
003229f7   _EPWM1_INT_ISR
00322a01   _EPWM2_INT_ISR
00322a0b   _EPWM3_INT_ISR
00322a15   _EPWM4_INT_ISR
00322a1f   _EPWM5_INT_ISR
00322a29   _EPWM6_INT_ISR
00322a33   _ECAP1_INT_ISR
00322a3d   _ECAP2_INT_ISR
00322a47   _ECAP3_INT_ISR
00322a51   _ECAP4_INT_ISR
00322a5b   _ECAP5_INT_ISR
00322a65   _ECAP6_INT_ISR
00322a6f   _EQEP1_INT_ISR
00322a79   _EQEP2_INT_ISR
00322a83   _SPIRXINTA_ISR
00322a8d   _SPITXINTA_ISR
00322a97   _MRINTB_ISR
00322aa1   _MXINTB_ISR
00322aab   _MRINTA_ISR
00322ab5   _MXINTA_ISR
00322abf   _DINTCH1_ISR
00322ac9   _DINTCH2_ISR
00322ad3   _DINTCH3_ISR
00322add   _DINTCH4_ISR
00322ae7   _DINTCH5_ISR
00322af1   _DINTCH6_ISR
00322afb   _I2CINT1A_ISR
00322b05   _I2CINT2A_ISR
00322b0f   _SCIRXINTC_ISR
00322b19   _SCITXINTC_ISR
00322b23   _SCIRXINTA_ISR
00322b2d   _SCITXINTA_ISR
00322b37   _SCIRXINTB_ISR
00322b41   _SCITXINTB_ISR
00322b4b   _ECAN0INTA_ISR
00322b55   _ECAN1INTA_ISR
00322b5f   _ECAN0INTB_ISR
00322b69   _ECAN1INTB_ISR
00322b73   _XINT3_ISR
00322b7d   _XINT4_ISR
00322b87   _XINT5_ISR
00322b91   _XINT6_ISR
00322b9b   _XINT7_ISR
00322ba5   _LVF_ISR
00322baf   _LUF_ISR
00322bb9   _PIE_RESERVED
00322bc3   _rsvd_ISR
00322bcd   _InitGpio
00322e1d   _main
00322f2d   _Update_var
00322fc4   _Update_state
00323015   _dev_DacSetup
00323047   _dev_InitDACVariable
00323067   _dev_SendDAC
00323127   _dev_BackgroundDAC
003231a1   _AO_Processing
003232be   _input_state
003232d7   _set_digit_input_funtion
00323346   _digital_input_proc
0032338c   _digital_port_check
003233a7   _digital_out_proc
003233c9   _InitSysCtrl
003233d2   _ServiceDog
003233dc   _DisableDog
003233e4   _InitPll
00323432   _InitPeripheralClocks
0032348d   _CsmUnlock
003234be   _Init_I2C_eeprom
003234e7   _Write_EEPROM_Data
0032351e   _Read_EEPROM_Data
00323558   _Word_Write_data
00323572   _Word_Read_data
0032358d   _InitEPwm
0032358e   _InitEPwmGpio
0032359b   _InitEPwm1Gpio
003235ad   _InitEPwm2Gpio
003235bf   _InitEPwm3Gpio
003235d3   _InitEPwm4Gpio
003235e7   _InitEPwm5Gpio
003235f9   _InitEPwm6Gpio
0032360b   _InitEPwmSyncGpio
0032361f   _InitTzGpio
00323655   _InitXintf
0032367e   _InitXintf32Gpio
003236c5   _InitXintf16Gpio
003236ff   _InitECan
00323702   _InitECana
00323780   _InitECanGpio
00323783   _InitECanaGpio
00323799   FS$$DIV
00323821   _InitCpuTimers
00323860   _ConfigCpuTimer
0032389b   _log
003238fc   _c_int00
00323942   _InitPieCtrl
00323961   _EnableInterrupts
0032396a   I$$DIV
0032397b   I$$MOD
0032398c   _InitPieVectTable
003239ac   __args_main
003239c7   C$$EXIT
003239c7   _abort
003239c9   _exit
003239e0   _InitI2C
003239e1   _InitI2CGpio
003239f7   _MemCopy
00323a0e   _frexp
00323a24   __register_unlock
00323a28   __register_lock
00323a2c   __nop
00323a35   _DSP28x_DisableInt
00323a39   _DSP28x_RestoreInt
00323a3c   _SetDBGIER
00323a3f   _RamfuncsLoadStart
00323a3f   ___etext__
00323a3f   etext
00323d8c   _RamfuncsLoadEnd
00338000   ___cinit__
00338000   cinit
003384b2   _PieVectTableInit
0033fff6   code_start
0033fff8   _CsmPwl
00380080   _ADC_cal
00380090   _PartIdRegs
ffffffff   ___binit__
ffffffff   ___c_args__
ffffffff   ___pinit__
ffffffff   binit
ffffffff   pinit

[620 symbols]
