******************************************************************************
             TMS320C2000 Linker PC v5.2.8                      
******************************************************************************
>> Linked Wed Mar 30 13:35:18 2011

OUTPUT FILE NAME:   <./Debug/Interleaved_Converter.out>
ENTRY POINT SYMBOL: "_c_int00"  address: 00323f96


MEMORY CONFIGURATION

         name            origin    length      used     unused   attr    fill
----------------------  --------  ---------  --------  --------  ----  --------
PAGE 0:
  ZONE0                 00004000   00001000  00000800  00000800  RWIX
  RAML0                 00008000   00001000  0000034d  00000cb3  RWIX
  RAML1                 00009000   00001000  00000000  00001000  RWIX
  RAML2                 0000a000   00001000  00000000  00001000  RWIX
  RAML3                 0000b000   00001000  00000000  00001000  RWIX
  ZONE7A                00200000   0000fc00  00000000  0000fc00  RWIX
  FLASHH                00300000   00008000  00000000  00008000  RWIX
  FLASHG                00308000   00008000  00000000  00008000  RWIX
  FLASHF                00310000   00008000  00000000  00008000  RWIX
  FLASHE                00318000   00008000  00000000  00008000  RWIX
  FLASHD                00320000   00008000  00004447  00003bb9  RWIX
  FLASHC                00328000   00008000  00000000  00008000  RWIX
  FLASHA                00338000   00007f80  00000777  00007809  RWIX
  CSM_RSVD              0033ff80   00000076  00000076  00000000  RWIX
  BEGIN                 0033fff6   00000002  00000002  00000000  RWIX
  CSM_PWL               0033fff8   00000008  00000008  00000000  RWIX
  ADC_CAL               00380080   00000009  00000007  00000002  RWIX
  OTP                   00380400   00000400  00000000  00000400  RWIX
  IQTABLES              003fe000   00000b50  00000000  00000b50  RWIX
  IQTABLES2             003feb50   0000008c  00000000  0000008c  RWIX
  FPUTABLES             003febdc   000006a0  00000000  000006a0  RWIX
  ROM                   003ff27c   00000d44  00000000  00000d44  RWIX
  RESET                 003fffc0   00000002  00000000  00000002  RWIX
  VECTORS               003fffc2   0000003e  00000000  0000003e  RWIX

PAGE 1:
  BOOT_RSVD             00000000   00000050  00000000  00000050  RWIX
  RAMM0                 00000050   000003b0  00000000  000003b0  RWIX
  RAMM1                 00000400   00000400  00000400  00000000  RWIX
  DEV_EMU               00000880   00000180  000000d0  000000b0  RWIX
  FLASH_REGS            00000a80   00000060  00000008  00000058  RWIX
  CSM                   00000ae0   00000010  00000010  00000000  RWIX
  ADC_MIRROR            00000b00   00000010  00000010  00000000  RWIX
  XINTF                 00000b20   00000020  0000001e  00000002  RWIX
  CPU_TIMER0            00000c00   00000008  00000008  00000000  RWIX
  CPU_TIMER1            00000c08   00000008  00000008  00000000  RWIX
  CPU_TIMER2            00000c10   00000008  00000008  00000000  RWIX
  PIE_CTRL              00000ce0   00000020  0000001a  00000006  RWIX
  PIE_VECT              00000d00   00000100  00000100  00000000  RWIX
  DMA                   00001000   00000200  000000e0  00000120  RWIX
  MCBSPA                00005000   00000040  00000025  0000001b  RWIX
  MCBSPB                00005040   00000040  00000025  0000001b  RWIX
  ECANA                 00006000   00000040  00000034  0000000c  RWIX
  ECANA_LAM             00006040   00000040  00000040  00000000  RWIX
  ECANA_MOTS            00006080   00000040  00000040  00000000  RWIX
  ECANA_MOTO            000060c0   00000040  00000040  00000000  RWIX
  ECANA_MBOX            00006100   00000100  00000100  00000000  RWIX
  ECANB                 00006200   00000040  00000034  0000000c  RWIX
  ECANB_LAM             00006240   00000040  00000040  00000000  RWIX
  ECANB_MOTS            00006280   00000040  00000040  00000000  RWIX
  ECANB_MOTO            000062c0   00000040  00000040  00000000  RWIX
  ECANB_MBOX            00006300   00000100  00000100  00000000  RWIX
  EPWM1                 00006800   00000022  00000022  00000000  RWIX
  EPWM2                 00006840   00000022  00000022  00000000  RWIX
  EPWM3                 00006880   00000022  00000022  00000000  RWIX
  EPWM4                 000068c0   00000022  00000022  00000000  RWIX
  EPWM5                 00006900   00000022  00000022  00000000  RWIX
  EPWM6                 00006940   00000022  00000022  00000000  RWIX
  ECAP1                 00006a00   00000020  00000020  00000000  RWIX
  ECAP2                 00006a20   00000020  00000020  00000000  RWIX
  ECAP3                 00006a40   00000020  00000020  00000000  RWIX
  ECAP4                 00006a60   00000020  00000020  00000000  RWIX
  ECAP5                 00006a80   00000020  00000020  00000000  RWIX
  ECAP6                 00006aa0   00000020  00000020  00000000  RWIX
  EQEP1                 00006b00   00000040  00000040  00000000  RWIX
  EQEP2                 00006b40   00000040  00000040  00000000  RWIX
  GPIOCTRL              00006f80   00000040  0000002e  00000012  RWIX
  GPIODAT               00006fc0   00000020  00000020  00000000  RWIX
  GPIOINT               00006fe0   00000020  0000000a  00000016  RWIX
  SYSTEM                00007010   00000020  00000020  00000000  RWIX
  SPIA                  00007040   00000010  00000010  00000000  RWIX
  SCIA                  00007050   00000010  00000010  00000000  RWIX
  XINTRUPT              00007070   00000010  00000010  00000000  RWIX
  ADC                   00007100   00000020  0000001e  00000002  RWIX
  SCIB                  00007750   00000010  00000010  00000000  RWIX
  SCIC                  00007770   00000010  00000010  00000000  RWIX
  I2CA                  00007900   00000040  00000022  0000001e  RWIX
  RAML4                 0000c000   00004000  00002cd6  0000132a  RWIX
  ZONE7B                0020fc00   00000400  00000000  00000400  RWIX
  FLASHB                00330000   00008000  00000000  00008000  RWIX
  CSM_PWL               0033fff8   00000008  00000008  00000000  RWIX
  PARTID                00380090   00000001  00000001  00000000  RWIX


SECTION ALLOCATION MAP

 output                                  attributes/
section   page    origin      length       input sections
--------  ----  ----------  ----------   ----------------
.pinit     0    00328000    00000000     UNINITIALIZED

ZONE0DATA 
*          0    00004000    00000800     UNINITIALIZED
                  00004000    00000800     02_digital_inout.obj (ZONE0DATA)

.text      0    00320000    000040fa     
                  00320000    00000a8e     03_Communication.obj (.text)
                  00320a8e    0000080a     08_system.obj (.text)
                  00321298    000005d9     06_main_control.obj (.text)
                  00321871    00000495     debug_2833x.obj (.text)
                  00321d06    00000430     05_fault.obj (.text)
                  00322136    000003f5     DSP2833x_DMA.obj (.text)
                  0032252b    00000378     02_digital_inout.obj (.text)
                  003228a3    0000035f     09_pwm.obj (.text)
                  00322c02    0000035d     SCI_BC.obj (.text)
                  00322f5f    00000316     DSP2833x_DefaultIsr.obj (.text)
                  00323275    00000250     seoho_gpio_set.obj (.text)
                  003234c5    00000209     01_analog_inout.obj (.text)
                  003236ce    000001eb     07_main.obj (.text)
                  003238b9    0000018c     04_DAC.obj (.text)
                  00323a45    000000f5     DSP2833x_SysCtrl.obj (.text)
                  00323b3a    000000e6     10_I2C_RTC.obj (.text)
                  00323c20    000000cf     11_I2C_eeprom.obj (.text)
                  00323cef    000000aa     DSP2833x_Xintf.obj (.text)
                  00323d99    0000009a     DSP2833x_ECan.obj (.text)
                  00323e33    00000088     rts2800_fpu32.lib : fs_div.obj (.text)
                  00323ebb    0000007a     DSP2833x_CpuTimers.obj (.text)
                  00323f35    00000061     rts2800_fpu32.lib : log.obj (.text)
                  00323f96    00000046                       : boot.obj (.text)
                  00323fdc    00000028     DSP2833x_PieCtrl.obj (.text)
                  00324004    00000022     rts2800_fpu32.lib : i_div.obj (.text)
                  00324026    00000021                       : memcpy_ff.obj (.text)
                  00324047    00000020     DSP2833x_PieVect.obj (.text)
                  00324067    0000001b     rts2800_fpu32.lib : args_main.obj (.text)
                  00324082    00000019                       : exit.obj (.text)
                  0032409b    00000017     DSP2833x_I2C.obj (.text)
                  003240b2    00000017     DSP2833x_MemCopy.obj (.text)
                  003240c9    00000016     rts2800_fpu32.lib : frexp.obj (.text)
                  003240df    00000009                       : _lock.obj (.text)
                  003240e8    00000008     DSP2833x_CodeStartBranch.obj (.text)
                  003240f0    00000007     DSP2833x_DisInt.obj (.text)
                  003240f7    00000003     DSP2833x_DBGIER.obj (.text)

ramfuncs   0    003240fa    0000034d     RUN ADDR = 00008000
                  003240fa    00000278     SCI_BC.obj (ramfuncs)
                  00324372    000000b6     debug_2833x.obj (ramfuncs)
                  00324428    0000001b     DSP2833x_SysCtrl.obj (ramfuncs)
                  00324443    00000004     DSP2833x_usDelay.obj (ramfuncs)

.cinit     0    00338000    000004f5     
                  00338000    000002c8     06_main_control.obj (.cinit)
                  003382c8    000000bf     05_fault.obj (.cinit)
                  00338387    0000006c     SCI_BC.obj (.cinit)
                  003383f3    0000004a     09_pwm.obj (.cinit)
                  0033843d    0000002c     08_system.obj (.cinit)
                  00338469    0000002a     debug_2833x.obj (.cinit)
                  00338493    00000020     01_analog_inout.obj (.cinit)
                  003384b3    0000001c     07_main.obj (.cinit)
                  003384cf    0000000a     rts2800_fpu32.lib : _lock.obj (.cinit)
                  003384d9    0000000a                       : exit.obj (.cinit)
                  003384e3    00000008     02_digital_inout.obj (.cinit)
                  003384eb    00000004     04_DAC.obj (.cinit)
                  003384ef    00000004     rts2800_fpu32.lib : errno.obj (.cinit)
                  003384f3    00000002     --HOLE-- [fill = 0]

.switch    0    003384f6    00000158     
                  003384f6    000000dc     03_Communication.obj (.switch)
                  003385d2    00000040     08_system.obj (.switch)
                  00338612    0000003c     02_digital_inout.obj (.switch)

.econst    0    0033864e    0000012a     
                  0033864e    00000100     DSP2833x_PieVect.obj (.econst)
                  0033874e    0000001f     SCI_BC.obj (.econst:.string)
                  0033876d    00000001     --HOLE-- [fill = 0]
                  0033876e    0000000a     debug_2833x.obj (.econst:.string)

csm_rsvd   0    0033ff80    00000076     
                  0033ff80    00000076     DSP2833x_CSMPasswords.obj (csm_rsvd)

codestart 
*          0    0033fff6    00000002     
                  0033fff6    00000002     DSP2833x_CodeStartBranch.obj (codestart)

csmpasswds 
*          0    0033fff8    00000008     
                  0033fff8    00000008     DSP2833x_CSMPasswords.obj (csmpasswds)

.adc_cal   0    00380080    00000007     NOLOAD SECTION
                  00380080    00000007     DSP2833x_ADC_cal.obj (.adc_cal)

.reset     0    003fffc0    00000002     DSECT
                  003fffc0    00000002     rts2800_fpu32.lib : boot.obj (.reset)

vectors    0    003fffc2    00000000     DSECT

.stack     1    00000400    00000400     UNINITIALIZED
                  00000400    00000400     --HOLE--

DevEmuRegsFile 
*          1    00000880    000000d0     UNINITIALIZED
                  00000880    000000d0     DSP2833x_GlobalVariableDefs.obj (DevEmuRegsFile)

FlashRegsFile 
*          1    00000a80    00000008     UNINITIALIZED
                  00000a80    00000008     DSP2833x_GlobalVariableDefs.obj (FlashRegsFile)

CsmRegsFile 
*          1    00000ae0    00000010     UNINITIALIZED
                  00000ae0    00000010     DSP2833x_GlobalVariableDefs.obj (CsmRegsFile)

AdcMirrorFile 
*          1    00000b00    00000010     UNINITIALIZED
                  00000b00    00000010     DSP2833x_GlobalVariableDefs.obj (AdcMirrorFile)

XintfRegsFile 
*          1    00000b20    0000001e     UNINITIALIZED
                  00000b20    0000001e     DSP2833x_GlobalVariableDefs.obj (XintfRegsFile)

CpuTimer0RegsFile 
*          1    00000c00    00000008     UNINITIALIZED
                  00000c00    00000008     DSP2833x_GlobalVariableDefs.obj (CpuTimer0RegsFile)

CpuTimer1RegsFile 
*          1    00000c08    00000008     UNINITIALIZED
                  00000c08    00000008     DSP2833x_GlobalVariableDefs.obj (CpuTimer1RegsFile)

CpuTimer2RegsFile 
*          1    00000c10    00000008     UNINITIALIZED
                  00000c10    00000008     DSP2833x_GlobalVariableDefs.obj (CpuTimer2RegsFile)

PieCtrlRegsFile 
*          1    00000ce0    0000001a     UNINITIALIZED
                  00000ce0    0000001a     DSP2833x_GlobalVariableDefs.obj (PieCtrlRegsFile)

PieVectTableFile 
*          1    00000d00    00000100     UNINITIALIZED
                  00000d00    00000100     DSP2833x_GlobalVariableDefs.obj (PieVectTableFile)

DmaRegsFile 
*          1    00001000    000000e0     UNINITIALIZED
                  00001000    000000e0     DSP2833x_GlobalVariableDefs.obj (DmaRegsFile)

McbspaRegsFile 
*          1    00005000    00000025     UNINITIALIZED
                  00005000    00000025     DSP2833x_GlobalVariableDefs.obj (McbspaRegsFile)

McbspbRegsFile 
*          1    00005040    00000025     UNINITIALIZED
                  00005040    00000025     DSP2833x_GlobalVariableDefs.obj (McbspbRegsFile)

ECanaRegsFile 
*          1    00006000    00000034     UNINITIALIZED
                  00006000    00000034     DSP2833x_GlobalVariableDefs.obj (ECanaRegsFile)

ECanaLAMRegsFile 
*          1    00006040    00000040     UNINITIALIZED
                  00006040    00000040     DSP2833x_GlobalVariableDefs.obj (ECanaLAMRegsFile)

ECanaMOTSRegsFile 
*          1    00006080    00000040     UNINITIALIZED
                  00006080    00000040     DSP2833x_GlobalVariableDefs.obj (ECanaMOTSRegsFile)

ECanaMOTORegsFile 
*          1    000060c0    00000040     UNINITIALIZED
                  000060c0    00000040     DSP2833x_GlobalVariableDefs.obj (ECanaMOTORegsFile)

ECanaMboxesFile 
*          1    00006100    00000100     UNINITIALIZED
                  00006100    00000100     DSP2833x_GlobalVariableDefs.obj (ECanaMboxesFile)

ECanbRegsFile 
*          1    00006200    00000034     UNINITIALIZED
                  00006200    00000034     DSP2833x_GlobalVariableDefs.obj (ECanbRegsFile)

ECanbLAMRegsFile 
*          1    00006240    00000040     UNINITIALIZED
                  00006240    00000040     DSP2833x_GlobalVariableDefs.obj (ECanbLAMRegsFile)

ECanbMOTSRegsFile 
*          1    00006280    00000040     UNINITIALIZED
                  00006280    00000040     DSP2833x_GlobalVariableDefs.obj (ECanbMOTSRegsFile)

ECanbMOTORegsFile 
*          1    000062c0    00000040     UNINITIALIZED
                  000062c0    00000040     DSP2833x_GlobalVariableDefs.obj (ECanbMOTORegsFile)

ECanbMboxesFile 
*          1    00006300    00000100     UNINITIALIZED
                  00006300    00000100     DSP2833x_GlobalVariableDefs.obj (ECanbMboxesFile)

EPwm1RegsFile 
*          1    00006800    00000022     UNINITIALIZED
                  00006800    00000022     DSP2833x_GlobalVariableDefs.obj (EPwm1RegsFile)

EPwm2RegsFile 
*          1    00006840    00000022     UNINITIALIZED
                  00006840    00000022     DSP2833x_GlobalVariableDefs.obj (EPwm2RegsFile)

EPwm3RegsFile 
*          1    00006880    00000022     UNINITIALIZED
                  00006880    00000022     DSP2833x_GlobalVariableDefs.obj (EPwm3RegsFile)

EPwm4RegsFile 
*          1    000068c0    00000022     UNINITIALIZED
                  000068c0    00000022     DSP2833x_GlobalVariableDefs.obj (EPwm4RegsFile)

EPwm5RegsFile 
*          1    00006900    00000022     UNINITIALIZED
                  00006900    00000022     DSP2833x_GlobalVariableDefs.obj (EPwm5RegsFile)

EPwm6RegsFile 
*          1    00006940    00000022     UNINITIALIZED
                  00006940    00000022     DSP2833x_GlobalVariableDefs.obj (EPwm6RegsFile)

ECap1RegsFile 
*          1    00006a00    00000020     UNINITIALIZED
                  00006a00    00000020     DSP2833x_GlobalVariableDefs.obj (ECap1RegsFile)

ECap2RegsFile 
*          1    00006a20    00000020     UNINITIALIZED
                  00006a20    00000020     DSP2833x_GlobalVariableDefs.obj (ECap2RegsFile)

ECap3RegsFile 
*          1    00006a40    00000020     UNINITIALIZED
                  00006a40    00000020     DSP2833x_GlobalVariableDefs.obj (ECap3RegsFile)

ECap4RegsFile 
*          1    00006a60    00000020     UNINITIALIZED
                  00006a60    00000020     DSP2833x_GlobalVariableDefs.obj (ECap4RegsFile)

ECap5RegsFile 
*          1    00006a80    00000020     UNINITIALIZED
                  00006a80    00000020     DSP2833x_GlobalVariableDefs.obj (ECap5RegsFile)

ECap6RegsFile 
*          1    00006aa0    00000020     UNINITIALIZED
                  00006aa0    00000020     DSP2833x_GlobalVariableDefs.obj (ECap6RegsFile)

EQep1RegsFile 
*          1    00006b00    00000040     UNINITIALIZED
                  00006b00    00000040     DSP2833x_GlobalVariableDefs.obj (EQep1RegsFile)

EQep2RegsFile 
*          1    00006b40    00000040     UNINITIALIZED
                  00006b40    00000040     DSP2833x_GlobalVariableDefs.obj (EQep2RegsFile)

GpioCtrlRegsFile 
*          1    00006f80    0000002e     UNINITIALIZED
                  00006f80    0000002e     DSP2833x_GlobalVariableDefs.obj (GpioCtrlRegsFile)

GpioDataRegsFile 
*          1    00006fc0    00000020     UNINITIALIZED
                  00006fc0    00000020     DSP2833x_GlobalVariableDefs.obj (GpioDataRegsFile)

GpioIntRegsFile 
*          1    00006fe0    0000000a     UNINITIALIZED
                  00006fe0    0000000a     DSP2833x_GlobalVariableDefs.obj (GpioIntRegsFile)

SysCtrlRegsFile 
*          1    00007010    00000020     UNINITIALIZED
                  00007010    00000020     DSP2833x_GlobalVariableDefs.obj (SysCtrlRegsFile)

SpiaRegsFile 
*          1    00007040    00000010     UNINITIALIZED
                  00007040    00000010     DSP2833x_GlobalVariableDefs.obj (SpiaRegsFile)

SciaRegsFile 
*          1    00007050    00000010     UNINITIALIZED
                  00007050    00000010     DSP2833x_GlobalVariableDefs.obj (SciaRegsFile)

XIntruptRegsFile 
*          1    00007070    00000010     UNINITIALIZED
                  00007070    00000010     DSP2833x_GlobalVariableDefs.obj (XIntruptRegsFile)

AdcRegsFile 
*          1    00007100    0000001e     UNINITIALIZED
                  00007100    0000001e     DSP2833x_GlobalVariableDefs.obj (AdcRegsFile)

ScibRegsFile 
*          1    00007750    00000010     UNINITIALIZED
                  00007750    00000010     DSP2833x_GlobalVariableDefs.obj (ScibRegsFile)

ScicRegsFile 
*          1    00007770    00000010     UNINITIALIZED
                  00007770    00000010     DSP2833x_GlobalVariableDefs.obj (ScicRegsFile)

I2caRegsFile 
*          1    00007900    00000022     UNINITIALIZED
                  00007900    00000022     DSP2833x_GlobalVariableDefs.obj (I2caRegsFile)

.ebss      1    0000c000    00002cd6     UNINITIALIZED
                  0000c000    00002988     SCI_BC.obj (.ebss)
                  0000e988    00000028     04_DAC.obj (.ebss)
                  0000e9b0    00000008     07_main.obj (.ebss)
                  0000e9b8    00000007     10_I2C_RTC.obj (.ebss)
                  0000e9bf    00000001     rts2800_fpu32.lib : errno.obj (.ebss)
                  0000e9c0    0000010e     06_main_control.obj (.ebss)
                  0000eace    00000022     09_pwm.obj (.ebss)
                  0000eaf0    00000004     rts2800_fpu32.lib : _lock.obj (.ebss)
                  0000eaf4    00000004                       : exit.obj (.ebss)
                  0000eaf8    00000008     --HOLE--
                  0000eb00    000000b0     08_system.obj (.ebss)
                  0000ebb0    00000010     --HOLE--
                  0000ebc0    00000073     debug_2833x.obj (.ebss)
                  0000ec33    0000000d     --HOLE--
                  0000ec40    0000004e     05_fault.obj (.ebss)
                  0000ec8e    0000001a     02_digital_inout.obj (.ebss)
                  0000eca8    00000018     DSP2833x_CpuTimers.obj (.ebss)
                  0000ecc0    00000016     01_analog_inout.obj (.ebss)

CsmPwlFile 
*          1    0033fff8    00000008     UNINITIALIZED
                  0033fff8    00000008     DSP2833x_GlobalVariableDefs.obj (CsmPwlFile)

PartIdRegsFile 
*          1    00380090    00000001     UNINITIALIZED
                  00380090    00000001     DSP2833x_GlobalVariableDefs.obj (PartIdRegsFile)


GLOBAL SYMBOLS: SORTED ALPHABETICALLY BY Name 

address    name
--------   ----
00320000   .text
00324082   C$$EXIT
00323e33   FS$$DIV
00324004   I$$DIV
00324015   I$$MOD
0000e98b   _AC_DC_TYPE
00323045   _ADCINT_ISR
0000ead3   _ADCTMP0
0000ead0   _ADCTMP1
0000ead2   _ADCTMP15
0000ead1   _ADCTMP2
0000eace   _ADCTMP3
0000eacf   _ADCTMP5
00380080   _ADC_cal
0000ecc8   _AO1
0000eccf   _AO2
0000e9b5   _AO_Count
00000b00   _AdcMirror
00007100   _AdcRegs
0000e9d3   _Adc_Temperature
003234c5   _Analog_Output_Monitoring
0000ecc6   _Anaolg_Output_mA_x1
0000c140   _CAN_Registers
0000c002   _CRC
00322d94   _CRC_16
00323b3a   _Change_I2C_RTC
00322035   _CheckFaultDriver
00321d48   _CheckOverCurrent
00321ffd   _CheckOverHeat
00321eb0   _CheckOverVolt
00321f5c   _CheckOverVolt_in
00321f06   _CheckUnderVolt
00321fa9   _CheckUnderVolt_in
0000ea2c   _Cin
0000c014   _Communication_Fault_Cnt
0000c012   _Communication_Fault_Flag
00323efa   _ConfigCpuTimer
0000e9d0   _Control_method
0000ecc5   _Count0mA
0000ecc2   _Count20mA
0000ecc0   _Count4mA
0000ea40   _Cout
0000ecb8   _CpuTimer0
00000c00   _CpuTimer0Regs
0000eca8   _CpuTimer1
00000c08   _CpuTimer1Regs
0000ecb0   _CpuTimer2
00000c10   _CpuTimer2Regs
0033fff8   _CsmPwl
00000ae0   _CsmRegs
00323b09   _CsmUnlock
0000ec48   _Curr_Lim
00322f73   _DATALOG_ISR
0000ec61   _DC_Build_Up_delay_cnt
0000ec5e   _DC_Build_Up_delay_set
00323167   _DINTCH1_ISR
00323171   _DINTCH2_ISR
0032317b   _DINTCH3_ISR
00323185   _DINTCH4_ISR
0032318f   _DINTCH5_ISR
00323199   _DINTCH6_ISR
0000ec92   _DI_Func
0000ec8f   _DI_STATUS
00322141   _DMACH1AddrConfig
00322153   _DMACH1BurstConfig
00322186   _DMACH1ModeConfig
00322163   _DMACH1TransferConfig
00322173   _DMACH1WrapConfig
003221e8   _DMACH2AddrConfig
003221fa   _DMACH2BurstConfig
0032222d   _DMACH2ModeConfig
0032220a   _DMACH2TransferConfig
0032221a   _DMACH2WrapConfig
0032228f   _DMACH3AddrConfig
003222a1   _DMACH3BurstConfig
003222d4   _DMACH3ModeConfig
003222b1   _DMACH3TransferConfig
003222c1   _DMACH3WrapConfig
00322336   _DMACH4AddrConfig
00322348   _DMACH4BurstConfig
0032237b   _DMACH4ModeConfig
00322358   _DMACH4TransferConfig
00322368   _DMACH4WrapConfig
003223dd   _DMACH5AddrConfig
003223ef   _DMACH5BurstConfig
00322422   _DMACH5ModeConfig
003223ff   _DMACH5TransferConfig
0032240f   _DMACH5WrapConfig
00322484   _DMACH6AddrConfig
00322496   _DMACH6BurstConfig
003224c9   _DMACH6ModeConfig
003224a6   _DMACH6TransferConfig
003224b6   _DMACH6WrapConfig
00322136   _DMAInitialize
0000ec90   _DO_Func
0000ec8e   _DO_STATUS
0000e9c9   _DRIVE_ENABLE
003240f0   _DSP28x_DisableInt
003240f4   _DSP28x_RestoreInt
00008349   _DSP28x_usDelay
0000ead6   _DUTY_A
0000ead4   _DUTY_B
0000eada   _DUTY_C
0000eae6   _DUTY_OPEN
0000e9ea   _Dampi
0000ea90   _Dampv
0000dc40   _Data_Registers
00000880   _DevEmuRegs
0000eb00   _Device_Info
0000c013   _Device_type
00323a58   _DisableDog
00001000   _DmaRegs
0000eb09   _Drive_Status
0000e9d1   _Drive_Voltage
0000c003   _Dummy_comm
0000eadc   _Duty_L_MAX
0000ead8   _Duty_L_MIN
003231f3   _ECAN0INTA_ISR
00323207   _ECAN0INTB_ISR
003231fd   _ECAN1INTA_ISR
00323211   _ECAN1INTB_ISR
003230db   _ECAP1_INT_ISR
003230e5   _ECAP2_INT_ISR
003230ef   _ECAP3_INT_ISR
003230f9   _ECAP4_INT_ISR
00323103   _ECAP5_INT_ISR
0032310d   _ECAP6_INT_ISR
00006040   _ECanaLAMRegs
000060c0   _ECanaMOTORegs
00006080   _ECanaMOTSRegs
00006100   _ECanaMboxes
00006000   _ECanaRegs
00006240   _ECanbLAMRegs
000062c0   _ECanbMOTORegs
00006280   _ECanbMOTSRegs
00006300   _ECanbMboxes
00006200   _ECanbRegs
00006a00   _ECap1Regs
00006a20   _ECap2Regs
00006a40   _ECap3Regs
00006a60   _ECap4Regs
00006a80   _ECap5Regs
00006aa0   _ECap6Regs
0000e9b0   _EEPROM_WRITE_CHECK
0000e9b4   _EEPROM_WRITE_CHECK_VAL
0000c019   _EEPROM_WRITE_ENABLE_Rx
0000c01b   _EEPROM_WRITE_ENABLE_Tx
00322f87   _EMUINT_ISR
0032309f   _EPWM1_INT_ISR
00323063   _EPWM1_TZINT_ISR
003230a9   _EPWM2_INT_ISR
0032306d   _EPWM2_TZINT_ISR
003230b3   _EPWM3_INT_ISR
00323077   _EPWM3_TZINT_ISR
003230bd   _EPWM4_INT_ISR
00323081   _EPWM4_TZINT_ISR
003230c7   _EPWM5_INT_ISR
0032308b   _EPWM5_TZINT_ISR
003230d1   _EPWM6_INT_ISR
00323095   _EPWM6_TZINT_ISR
00006800   _EPwm1Regs
00006840   _EPwm2Regs
00006880   _EPwm3Regs
000068c0   _EPwm4Regs
00006900   _EPwm5Regs
00006940   _EPwm6Regs
00323117   _EQEP1_INT_ISR
00323121   _EQEP2_INT_ISR
00006b00   _EQep1Regs
00006b40   _EQep2Regs
00323ffb   _EnableInterrupts
0000e9ca   _FAULT_RESET
0000e9c8   _FAULT_RESET_COMPLETE
0000ec53   _FaultInfo
0000ec54   _Fault_Check
0000ec51   _Fault_Data
00322081   _Fault_Recording
0000ec65   _Fault_State
0000ec52   _Fault_Time
0000ec64   _Fault_count
0000ec57   _Fault_ret
00000a80   _FlashRegs
0000e9ec   _Fnc
0000e9f6   _Fnc_change
0000ea30   _Fnc_max
0000ea32   _Fnc_min
0000ea34   _Fnc_setting
0000eac2   _Fnv
0000eac0   _Fnv_max
0000eacc   _Fnv_min
0000ea6e   _Fsw
003211f7   _Gain_setting
00006f80   _GpioCtrlRegs
00006fc0   _GpioDataRegs
00006fe0   _GpioIntRegs
003231a3   _I2CINT1A_ISR
003231ad   _I2CINT2A_ISR
00007900   _I2caRegs
0000e9cf   _IGBT_current
00322f9b   _ILLEGAL_ISR
00322f5f   _INT13_ISR
00322f69   _INT14_ISR
0000ea44   _INV_Vdc
0000e9d6   _I_rate
0000e9d4   _I_rate_p
0000ea52   _I_scale
0000ea7e   _Ias
0000ea84   _Ias_LPF
0000ea1a   _Ias_mean_LPF_integrator
0000e9cb   _Ias_offset
0000ea82   _Ibs
0000ea78   _Ibs_LPF
0000ea12   _Ibs_mean_LPF_integrator
0000e9c2   _Ibs_offset
0000ea76   _Ics
0000ea7c   _Ics_LPF
0000ea14   _Ics_mean_LPF_integrator
0000e9c1   _Ics_offset
0000ea00   _Idc_Err_Anti_a
0000e9fc   _Idc_Err_Anti_b
0000ea08   _Idc_Err_Anti_c
0000ea9c   _Idc_Err_I_a
0000e9f8   _Idc_Err_I_b
0000ea04   _Idc_Err_I_c
0000ea9e   _Idc_Err_PI_a
0000e9fa   _Idc_Err_PI_b
0000e9fe   _Idc_Err_PI_be_a
0000ea0a   _Idc_Err_PI_be_b
0000e9e2   _Idc_Err_PI_be_c
0000ea06   _Idc_Err_PI_c
0000eaa8   _Idc_Err_P_a
0000ea02   _Idc_Err_P_b
0000ea0e   _Idc_Err_P_c
0000ea2e   _Idc_Err_V_MAX
0000ea2a   _Idc_Err_V_MIN
0000ea98   _Idc_Error_a
0000ea0c   _Idc_Error_b
0000ea10   _Idc_Error_c
0000eaa6   _Idc_ref
0000eaa4   _Idc_ref_LPF
0000ea9a   _Idc_ref_LPF_integrator
0000ea4c   _Iinput
0000ea4a   _Iinput_LPF
0000ea50   _Iinput_LPF_integrator
0000ea4e   _Iinput_LPF_test
00323ebb   _InitCpuTimers
00323d99   _InitECan
00323e1a   _InitECanGpio
00323d9c   _InitECana
00323e1d   _InitECanaGpio
0000832e   _InitFlash
00323275   _InitGpio
0032409b   _InitI2C
0032409c   _InitI2CGpio
00323aae   _InitPeripheralClocks
00323fdc   _InitPieCtrl
00324047   _InitPieVectTable
00323a60   _InitPll
00323a45   _InitSysCtrl
00323cef   _InitXintf
00323d5f   _InitXintf16Gpio
00323d18   _InitXintf32Gpio
00320ad0   _Init_AD_converter
00320a98   _Init_GPIO
00323c20   _Init_I2C_eeprom
00321145   _Init_dsc
00320ff1   _Init_var
0000e9e8   _Ka_Idc
0000eabe   _Ka_Vdc
0000e9f4   _Ki_Idc_T
0000e9f2   _Ki_Idc_factor
0000eaca   _Ki_Vdc
0000eac8   _Ki_Vdc_factor
0000e9f0   _Kp_Idc
0000e9ee   _Kp_Idc_factor
0000ea94   _Kp_V_max
0000ea92   _Kp_V_min
0000ea8e   _Kp_Vchange
0000eac6   _Kp_Vdc
0000eac4   _Kp_Vdc_factor
00320ac6   _LSPCLK_setup
00323257   _LUF_ISR
0032324d   _LVF_ISR
0000ea3c   _La
0000eb0b   _Local_Remote
0000e9c4   _MAX_TIME_SHARING_INDEX
00323153   _MRINTA_ISR
0032313f   _MRINTB_ISR
0032315d   _MXINTA_ISR
00323149   _MXINTB_ISR
0000e9c7   _Machine_state
0000ec70   _MaxCon_Curr_Count
0000ec40   _Max_Con_cur
00005000   _McbspaRegs
00005040   _McbspbRegs
003240b2   _MemCopy
0000e9c0   _Monitor_Filter_TIME_CONST_ms_x10
0000e9c3   _Monitor_LPF_inv_time_const
00322f91   _NMI_ISR
0000eaba   _N_SW
0000ec45   _OC_Trip
0000ec74   _OL_TimeOver_Count
0000ea18   _OPEN_DUTY_A
0000ea1c   _OPEN_DUTY_B
0000ea38   _OPEN_DUTY_C
0000ec44   _OV_Limit
0000ec43   _OV_Ltd_Fn
0000ec60   _OV_Temp
0000ec47   _OV_Time
0000ec5c   _OV_set
0000ec5a   _OVin_set
0000ec6a   _OverHeatCount
0000ec6e   _OverVoltCount
0000ec6c   _OverVoltinCount
0000ec41   _Over_Load
0000ec46   _Over_Load_Time
0000ec58   _Over_Temp_Flag
00323261   _PIE_RESERVED
0000ea72   _PWM_TMR_PERIOD
0000e9d8   _PWM_frequency_x10_kHz
0000e9cd   _P_rate
00320af6   _Parameter_Initialization
00380090   _PartIdRegs
00000ce0   _PieCtrlRegs
00000d00   _PieVectTable
0033864e   _PieVectTableInit
0000ea42   _Power_in
0000ea24   _Power_in_LPF_Integrator
0000ea48   _Power_out
00322f7d   _RTOSINT_ISR
0000e9dd   _RUN_DELAY_TIME
0000ea66   _RUN_DELAY_cnt
0000ea3e   _R_L
00324447   _RamfuncsLoadEnd
003240fa   _RamfuncsLoadStart
00008000   _RamfuncsRunStart
0000e9cc   _Rated_frequency
00320000   _Read_Data_Registers
00323c80   _Read_EEPROM_Data
00323b74   _Read_RTC_Data
00323bf6   _Read_Time
00323b43   _Recover_I2C_EEPROM
0000e9e0   _Ref_UP_DOWN_TIME
0000eb08   _Ref_method
00320a8e   _Relay_setup
0000e9da   _Retry_delay
0000ea6c   _Retry_delay_cnt
0000e9dc   _Run_Stop
0000eb07   _Run_Stop_Src
0000eb0a   _Run_Stop_Status
0000eb02   _Run_Stop_meth
0000c018   _RxAddr
0000c01c   _RxBuf
0000c004   _RxCRC
0000c005   _RxData
0000c017   _RxType
0000c007   _Rx_index
00322db8   _SCIC_Process
003231cb   _SCIRXINTA_ISR
003231df   _SCIRXINTB_ISR
003231b7   _SCIRXINTC_ISR
003231d5   _SCITXINTA_ISR
003231e9   _SCITXINTB_ISR
003231c1   _SCITXINTC_ISR
0000cec0   _SCI_Registers
0000c00b   _SCI_TxOffset
0032301d   _SEQ1INT_ISR
00323027   _SEQ2INT_ISR
0032312b   _SPIRXINTA_ISR
00323135   _SPITXINTA_ISR
0000c015   _SciC_RxFlag
0000c01a   _SciC_RxStep
0000c016   _SciC_TxFlag
00007050   _SciaRegs
00007750   _ScibRegs
00007770   _ScicRegs
0000e9c5   _Sens_time_Vin
00323a4e   _ServiceDog
003240f7   _SetDBGIER
00323ba8   _Set_InitialTime
0000eb01   _Software_Number
0000eb03   _Software_Version
00007040   _SpiaRegs
003221e0   _StartDMACH1
00322287   _StartDMACH2
0032232e   _StartDMACH3
003223d5   _StartDMACH4
0032247c   _StartDMACH5
00322523   _StartDMACH6
0000eb06   _State_Index
0000e9ce   _Supply_voltage
00007010   _SysCtrlRegs
0000ea68   _TBPHS_delay
0032304f   _TINT0_ISR
0000ec80   _TRIP_INFO
0000ec55   _Temp_Retry
0000ea46   _Temperature
003217e3   _Temperature_Calculation
00322044   _TripProc
0000ea70   _Tsamp
0000c000   _Tx_count_1s
0000c001   _Tx_count_25ms
0000c006   _Tx_index
00322fff   _USER10_ISR
00323009   _USER11_ISR
00323013   _USER12_ISR
00322fa5   _USER1_ISR
00322faf   _USER2_ISR
00322fb9   _USER3_ISR
00322fc3   _USER4_ISR
00322fcd   _USER5_ISR
00322fd7   _USER6_ISR
00322fe1   _USER7_ISR
00322feb   _USER8_ISR
00322ff5   _USER9_ISR
0000ec5f   _UV_Check_Enable
0000ec5d   _UV_set
0000ec5b   _UVin_set
0000ec72   _UnderVoltCount
0000ec68   _UnderVoltinCount
00323868   _Update_state
003237f0   _Update_var
0000e9d7   _V_rate
0000e9d5   _V_rate_in
0000eab0   _Vdc_Err_Anti
0000eaac   _Vdc_Err_I
0000eaa2   _Vdc_Err_I_MAX
0000eaa0   _Vdc_Err_I_MIN
0000eaaa   _Vdc_Err_P
0000eab6   _Vdc_Err_PI
0000eaae   _Vdc_Err_PI_be
0000eab8   _Vdc_Error
0000ea7a   _Vdc_input
0000ea88   _Vdc_input_Comp
0000ea86   _Vdc_input_Comp1
0000ea8c   _Vdc_input_Comp2
0000ea8a   _Vdc_input_Comp3
0000ea96   _Vdc_input_Comp_m
0000eab4   _Vdc_input_LPF
0000ea28   _Vdc_input_LPF_Integrator
0000eab2   _Vdc_min
0000ea6a   _Vdc_out
0000ea74   _Vdc_out_LPF
0000ea16   _Vdc_out_LPF_Integrator
0000ea58   _Vdc_out_ref
0000ea64   _Vdc_set_user
0000ea80   _Voltage_Range
00321298   _Voltage_controller
00323059   _WAKEINT_ISR
0000ea26   _WT
0000e9e6   _Wnc
0000eabc   _Wnv
00323cd4   _Word_Read_data
00323cba   _Word_Write_data
003206b4   _Write_Data_Registers_Offline
0032043c   _Write_Data_Registers_Online
00323c49   _Write_EEPROM_Data
00323b4c   _Write_RTC_Data
00323bcb   _Write_Time
00323031   _XINT1_ISR
0032303b   _XINT2_ISR
0032321b   _XINT3_ISR
00323225   _XINT4_ISR
0032322f   _XINT5_ISR
00323239   _XINT6_ISR
00323243   _XINT7_ISR
00007070   _XIntruptRegs
00000b20   _XintfRegs
00004000   _ZONE0_BUF
00000800   __STACK_END
00000400   __STACK_SIZE
00000001   __TI_args_main
ffffffff   ___binit__
ffffffff   ___c_args__
00338000   ___cinit__
003240fa   ___etext__
00324026   ___memcpy_ff
ffffffff   ___pinit__
00320000   ___text__
00324067   __args_main
0000eaf4   __cleanup_ptr
0000eaf6   __dtors_ptr
0000eaf2   __lock
003240e7   __nop
003240e3   __register_lock
003240df   __register_unlock
00000400   __stack
0000eaf0   __unlock
00324082   _abort
0000eb40   _adc
0000ea5e   _adc_scale_0
0000ea5c   _adc_scale_1
0000ea5a   _adc_scale_15
0000ea62   _adc_scale_2
0000ea60   _adc_scale_3
0000ea56   _adc_scale_5
0000ea54   _adc_scale_7
0000e9b3   _addr_ch
00321871   _asc2hex
00323f96   _c_int00
003211a6   _calculateOffset
0000e9b2   _chng_index
0000eae2   _cmpa_4A
0000eae0   _cmpa_A
0000eade   _cmpa_B
0000eae4   _cmpa_C
0000ecc3   _count
0000ecc7   _count_0mA
0000ecc4   _count_20mA
0000ecc1   _count_4mA
003213be   _current_controller_1
003215d3   _current_controller_2
003216f1   _current_controller_3
0000e9b1   _data1
0000e9e4   _dc_v_ramp
0000ebc1   _debug_cnt
0000ebc8   _debug_rd_addr
0000ebca   _debug_rd_addr_tmp
0000ebc0   _debug_state
0000ebc2   _debug_sum
0000ebc3   _debug_sum_temp
0000ec00   _debug_tx_buf
0000ebc5   _debug_tx_end
0000ebc7   _debug_tx_pos
0000ebcc   _debug_wr_addr
0000ebce   _debug_wr_data
0000ebc6   _debug_wr_size
0000ebc4   _debug_wr_sum_flag
0000e990   _deg_Dac
0000e98a   _deg_sDacTmp
00320aaa   _delay
0000e9d9   _delay_cnt
00320ab8   _delay_long
003239cb   _dev_BackgroundDAC
003238b9   _dev_DacSetup
003238eb   _dev_InitDACVariable
0032390b   _dev_SendDAC
003226cf   _digital_input_proc
0000ec94   _digital_out_funtion
003227e6   _digital_out_proc
00322775   _digital_port_check
00322a74   _epwm1_timer_isr
00322afa   _epwm2_timer_isr
00322b7a   _epwm3_timer_isr
0000e9d2   _epwm_isr_num
0000e9bf   _errno
00324084   _exit
00321d06   _fault_chk
0000ec56   _first
0000ec59   _first1
0000ea22   _flag
0000ec4b   _flagFOC
0000ec66   _flagFOCC
0000ec4c   _flagGT1_ENA
0000ec49   _flagGT2_ENA
0000ec4a   _flagPWM_CTR
0000e9b7   _flag_relay
0000ec50   _flagadoffset_complete
0000ec42   _flagccseq
0000ec62   _flagcontrol
0000ec63   _flagcontroll
0000ec4d   _flagencrst_complete
0000ec4e   _flagencrst_start
0000ec4f   _flagvar_rst
003240c9   _frexp
00321888   _hex2asc
0000eb05   _i
00321080   _init_control_value
0000ec9c   _input_function_option
0032252b   _input_state
00321115   _inv_Time_Const
00323f35   _log
003236ce   _main
0000e9b6   _main_loop_cnt
0000ea20   _mode
0000ec76   _point
003228a3   _pwm_buffer_setup
0000eae8   _pwm_g1
003228ad   _pwm_g1_setup
0032326b   _rsvd_ISR
0000c00c   _rx_cnt
0000e988   _sTemp
00321ccd   _sci_debug_init
000082c0   _scia_rx_isr
00008278   _scia_tx_isr
00322c6e   _scib_TxChar
00322c7a   _scib_TxString
00322c02   _scib_init
00322ce8   _scib_putc
00322d35   _scib_puts
0000c080   _scib_rx_buf
00008048   _scib_rx_isr
0000c00d   _scib_rxd
0000c040   _scib_tx_buf
0000c00e   _scib_tx_end
00008000   _scib_tx_isr
0000c008   _scib_tx_pos
00322c9e   _scib_tx_start
00322c86   _scic_TxChar
00322c92   _scic_TxString
00322c35   _scic_init
00322d20   _scic_putc
00322d50   _scic_puts
0000c0c0   _scic_rx_buf
000080f6   _scic_rx_isr
0000c00a   _scic_rxd
00322d6b   _scic_test
0000c100   _scic_tx_buf
0000c00f   _scic_tx_end
000080ad   _scic_tx_isr
0000c010   _scic_tx_pos
00322cc3   _scic_tx_start
00322544   _set_digit_input_funtion
003219dc   _state0_proc
00321b44   _state1_proc
00321b61   _state2_proc
00321bd4   _state3_proc
00321bec   _state4_proc
00321c0d   _state5_proc
00321c3c   _state6_proc
00321c54   _state7_proc
0000eb04   _system_first_rst
0000e9b8   _time
0000ea36   _tmp_float
0000ea3a   _tmp_float1
0000e9c6   _tmp_int
0000e9e1   _tmp_int1
0000e9df   _tmp_int2
0000ea1e   _tmp_long
0000c009   _tx_cnt
0000e9db   _vc_cnt1
0000e9de   _vc_cnt_set
003218af   _write_txbuf_asc
003218c4   _write_txbuf_byte
0032193e   _write_txbuf_long
00321894   _write_txbuf_string
003218ee   _write_txbuf_word
ffffffff   binit
00338000   cinit
0033fff6   code_start
003240fa   etext
ffffffff   pinit


GLOBAL SYMBOLS: SORTED BY Symbol Address 

address    name
--------   ----
00000001   __TI_args_main
00000400   __STACK_SIZE
00000400   __stack
00000800   __STACK_END
00000880   _DevEmuRegs
00000a80   _FlashRegs
00000ae0   _CsmRegs
00000b00   _AdcMirror
00000b20   _XintfRegs
00000c00   _CpuTimer0Regs
00000c08   _CpuTimer1Regs
00000c10   _CpuTimer2Regs
00000ce0   _PieCtrlRegs
00000d00   _PieVectTable
00001000   _DmaRegs
00004000   _ZONE0_BUF
00005000   _McbspaRegs
00005040   _McbspbRegs
00006000   _ECanaRegs
00006040   _ECanaLAMRegs
00006080   _ECanaMOTSRegs
000060c0   _ECanaMOTORegs
00006100   _ECanaMboxes
00006200   _ECanbRegs
00006240   _ECanbLAMRegs
00006280   _ECanbMOTSRegs
000062c0   _ECanbMOTORegs
00006300   _ECanbMboxes
00006800   _EPwm1Regs
00006840   _EPwm2Regs
00006880   _EPwm3Regs
000068c0   _EPwm4Regs
00006900   _EPwm5Regs
00006940   _EPwm6Regs
00006a00   _ECap1Regs
00006a20   _ECap2Regs
00006a40   _ECap3Regs
00006a60   _ECap4Regs
00006a80   _ECap5Regs
00006aa0   _ECap6Regs
00006b00   _EQep1Regs
00006b40   _EQep2Regs
00006f80   _GpioCtrlRegs
00006fc0   _GpioDataRegs
00006fe0   _GpioIntRegs
00007010   _SysCtrlRegs
00007040   _SpiaRegs
00007050   _SciaRegs
00007070   _XIntruptRegs
00007100   _AdcRegs
00007750   _ScibRegs
00007770   _ScicRegs
00007900   _I2caRegs
00008000   _RamfuncsRunStart
00008000   _scib_tx_isr
00008048   _scib_rx_isr
000080ad   _scic_tx_isr
000080f6   _scic_rx_isr
00008278   _scia_tx_isr
000082c0   _scia_rx_isr
0000832e   _InitFlash
00008349   _DSP28x_usDelay
0000c000   _Tx_count_1s
0000c001   _Tx_count_25ms
0000c002   _CRC
0000c003   _Dummy_comm
0000c004   _RxCRC
0000c005   _RxData
0000c006   _Tx_index
0000c007   _Rx_index
0000c008   _scib_tx_pos
0000c009   _tx_cnt
0000c00a   _scic_rxd
0000c00b   _SCI_TxOffset
0000c00c   _rx_cnt
0000c00d   _scib_rxd
0000c00e   _scib_tx_end
0000c00f   _scic_tx_end
0000c010   _scic_tx_pos
0000c012   _Communication_Fault_Flag
0000c013   _Device_type
0000c014   _Communication_Fault_Cnt
0000c015   _SciC_RxFlag
0000c016   _SciC_TxFlag
0000c017   _RxType
0000c018   _RxAddr
0000c019   _EEPROM_WRITE_ENABLE_Rx
0000c01a   _SciC_RxStep
0000c01b   _EEPROM_WRITE_ENABLE_Tx
0000c01c   _RxBuf
0000c040   _scib_tx_buf
0000c080   _scib_rx_buf
0000c0c0   _scic_rx_buf
0000c100   _scic_tx_buf
0000c140   _CAN_Registers
0000cec0   _SCI_Registers
0000dc40   _Data_Registers
0000e988   _sTemp
0000e98a   _deg_sDacTmp
0000e98b   _AC_DC_TYPE
0000e990   _deg_Dac
0000e9b0   _EEPROM_WRITE_CHECK
0000e9b1   _data1
0000e9b2   _chng_index
0000e9b3   _addr_ch
0000e9b4   _EEPROM_WRITE_CHECK_VAL
0000e9b5   _AO_Count
0000e9b6   _main_loop_cnt
0000e9b7   _flag_relay
0000e9b8   _time
0000e9bf   _errno
0000e9c0   _Monitor_Filter_TIME_CONST_ms_x10
0000e9c1   _Ics_offset
0000e9c2   _Ibs_offset
0000e9c3   _Monitor_LPF_inv_time_const
0000e9c4   _MAX_TIME_SHARING_INDEX
0000e9c5   _Sens_time_Vin
0000e9c6   _tmp_int
0000e9c7   _Machine_state
0000e9c8   _FAULT_RESET_COMPLETE
0000e9c9   _DRIVE_ENABLE
0000e9ca   _FAULT_RESET
0000e9cb   _Ias_offset
0000e9cc   _Rated_frequency
0000e9cd   _P_rate
0000e9ce   _Supply_voltage
0000e9cf   _IGBT_current
0000e9d0   _Control_method
0000e9d1   _Drive_Voltage
0000e9d2   _epwm_isr_num
0000e9d3   _Adc_Temperature
0000e9d4   _I_rate_p
0000e9d5   _V_rate_in
0000e9d6   _I_rate
0000e9d7   _V_rate
0000e9d8   _PWM_frequency_x10_kHz
0000e9d9   _delay_cnt
0000e9da   _Retry_delay
0000e9db   _vc_cnt1
0000e9dc   _Run_Stop
0000e9dd   _RUN_DELAY_TIME
0000e9de   _vc_cnt_set
0000e9df   _tmp_int2
0000e9e0   _Ref_UP_DOWN_TIME
0000e9e1   _tmp_int1
0000e9e2   _Idc_Err_PI_be_c
0000e9e4   _dc_v_ramp
0000e9e6   _Wnc
0000e9e8   _Ka_Idc
0000e9ea   _Dampi
0000e9ec   _Fnc
0000e9ee   _Kp_Idc_factor
0000e9f0   _Kp_Idc
0000e9f2   _Ki_Idc_factor
0000e9f4   _Ki_Idc_T
0000e9f6   _Fnc_change
0000e9f8   _Idc_Err_I_b
0000e9fa   _Idc_Err_PI_b
0000e9fc   _Idc_Err_Anti_b
0000e9fe   _Idc_Err_PI_be_a
0000ea00   _Idc_Err_Anti_a
0000ea02   _Idc_Err_P_b
0000ea04   _Idc_Err_I_c
0000ea06   _Idc_Err_PI_c
0000ea08   _Idc_Err_Anti_c
0000ea0a   _Idc_Err_PI_be_b
0000ea0c   _Idc_Error_b
0000ea0e   _Idc_Err_P_c
0000ea10   _Idc_Error_c
0000ea12   _Ibs_mean_LPF_integrator
0000ea14   _Ics_mean_LPF_integrator
0000ea16   _Vdc_out_LPF_Integrator
0000ea18   _OPEN_DUTY_A
0000ea1a   _Ias_mean_LPF_integrator
0000ea1c   _OPEN_DUTY_B
0000ea1e   _tmp_long
0000ea20   _mode
0000ea22   _flag
0000ea24   _Power_in_LPF_Integrator
0000ea26   _WT
0000ea28   _Vdc_input_LPF_Integrator
0000ea2a   _Idc_Err_V_MIN
0000ea2c   _Cin
0000ea2e   _Idc_Err_V_MAX
0000ea30   _Fnc_max
0000ea32   _Fnc_min
0000ea34   _Fnc_setting
0000ea36   _tmp_float
0000ea38   _OPEN_DUTY_C
0000ea3a   _tmp_float1
0000ea3c   _La
0000ea3e   _R_L
0000ea40   _Cout
0000ea42   _Power_in
0000ea44   _INV_Vdc
0000ea46   _Temperature
0000ea48   _Power_out
0000ea4a   _Iinput_LPF
0000ea4c   _Iinput
0000ea4e   _Iinput_LPF_test
0000ea50   _Iinput_LPF_integrator
0000ea52   _I_scale
0000ea54   _adc_scale_7
0000ea56   _adc_scale_5
0000ea58   _Vdc_out_ref
0000ea5a   _adc_scale_15
0000ea5c   _adc_scale_1
0000ea5e   _adc_scale_0
0000ea60   _adc_scale_3
0000ea62   _adc_scale_2
0000ea64   _Vdc_set_user
0000ea66   _RUN_DELAY_cnt
0000ea68   _TBPHS_delay
0000ea6a   _Vdc_out
0000ea6c   _Retry_delay_cnt
0000ea6e   _Fsw
0000ea70   _Tsamp
0000ea72   _PWM_TMR_PERIOD
0000ea74   _Vdc_out_LPF
0000ea76   _Ics
0000ea78   _Ibs_LPF
0000ea7a   _Vdc_input
0000ea7c   _Ics_LPF
0000ea7e   _Ias
0000ea80   _Voltage_Range
0000ea82   _Ibs
0000ea84   _Ias_LPF
0000ea86   _Vdc_input_Comp1
0000ea88   _Vdc_input_Comp
0000ea8a   _Vdc_input_Comp3
0000ea8c   _Vdc_input_Comp2
0000ea8e   _Kp_Vchange
0000ea90   _Dampv
0000ea92   _Kp_V_min
0000ea94   _Kp_V_max
0000ea96   _Vdc_input_Comp_m
0000ea98   _Idc_Error_a
0000ea9a   _Idc_ref_LPF_integrator
0000ea9c   _Idc_Err_I_a
0000ea9e   _Idc_Err_PI_a
0000eaa0   _Vdc_Err_I_MIN
0000eaa2   _Vdc_Err_I_MAX
0000eaa4   _Idc_ref_LPF
0000eaa6   _Idc_ref
0000eaa8   _Idc_Err_P_a
0000eaaa   _Vdc_Err_P
0000eaac   _Vdc_Err_I
0000eaae   _Vdc_Err_PI_be
0000eab0   _Vdc_Err_Anti
0000eab2   _Vdc_min
0000eab4   _Vdc_input_LPF
0000eab6   _Vdc_Err_PI
0000eab8   _Vdc_Error
0000eaba   _N_SW
0000eabc   _Wnv
0000eabe   _Ka_Vdc
0000eac0   _Fnv_max
0000eac2   _Fnv
0000eac4   _Kp_Vdc_factor
0000eac6   _Kp_Vdc
0000eac8   _Ki_Vdc_factor
0000eaca   _Ki_Vdc
0000eacc   _Fnv_min
0000eace   _ADCTMP3
0000eacf   _ADCTMP5
0000ead0   _ADCTMP1
0000ead1   _ADCTMP2
0000ead2   _ADCTMP15
0000ead3   _ADCTMP0
0000ead4   _DUTY_B
0000ead6   _DUTY_A
0000ead8   _Duty_L_MIN
0000eada   _DUTY_C
0000eadc   _Duty_L_MAX
0000eade   _cmpa_B
0000eae0   _cmpa_A
0000eae2   _cmpa_4A
0000eae4   _cmpa_C
0000eae6   _DUTY_OPEN
0000eae8   _pwm_g1
0000eaf0   __unlock
0000eaf2   __lock
0000eaf4   __cleanup_ptr
0000eaf6   __dtors_ptr
0000eb00   _Device_Info
0000eb01   _Software_Number
0000eb02   _Run_Stop_meth
0000eb03   _Software_Version
0000eb04   _system_first_rst
0000eb05   _i
0000eb06   _State_Index
0000eb07   _Run_Stop_Src
0000eb08   _Ref_method
0000eb09   _Drive_Status
0000eb0a   _Run_Stop_Status
0000eb0b   _Local_Remote
0000eb40   _adc
0000ebc0   _debug_state
0000ebc1   _debug_cnt
0000ebc2   _debug_sum
0000ebc3   _debug_sum_temp
0000ebc4   _debug_wr_sum_flag
0000ebc5   _debug_tx_end
0000ebc6   _debug_wr_size
0000ebc7   _debug_tx_pos
0000ebc8   _debug_rd_addr
0000ebca   _debug_rd_addr_tmp
0000ebcc   _debug_wr_addr
0000ebce   _debug_wr_data
0000ec00   _debug_tx_buf
0000ec40   _Max_Con_cur
0000ec41   _Over_Load
0000ec42   _flagccseq
0000ec43   _OV_Ltd_Fn
0000ec44   _OV_Limit
0000ec45   _OC_Trip
0000ec46   _Over_Load_Time
0000ec47   _OV_Time
0000ec48   _Curr_Lim
0000ec49   _flagGT2_ENA
0000ec4a   _flagPWM_CTR
0000ec4b   _flagFOC
0000ec4c   _flagGT1_ENA
0000ec4d   _flagencrst_complete
0000ec4e   _flagencrst_start
0000ec4f   _flagvar_rst
0000ec50   _flagadoffset_complete
0000ec51   _Fault_Data
0000ec52   _Fault_Time
0000ec53   _FaultInfo
0000ec54   _Fault_Check
0000ec55   _Temp_Retry
0000ec56   _first
0000ec57   _Fault_ret
0000ec58   _Over_Temp_Flag
0000ec59   _first1
0000ec5a   _OVin_set
0000ec5b   _UVin_set
0000ec5c   _OV_set
0000ec5d   _UV_set
0000ec5e   _DC_Build_Up_delay_set
0000ec5f   _UV_Check_Enable
0000ec60   _OV_Temp
0000ec61   _DC_Build_Up_delay_cnt
0000ec62   _flagcontrol
0000ec63   _flagcontroll
0000ec64   _Fault_count
0000ec65   _Fault_State
0000ec66   _flagFOCC
0000ec68   _UnderVoltinCount
0000ec6a   _OverHeatCount
0000ec6c   _OverVoltinCount
0000ec6e   _OverVoltCount
0000ec70   _MaxCon_Curr_Count
0000ec72   _UnderVoltCount
0000ec74   _OL_TimeOver_Count
0000ec76   _point
0000ec80   _TRIP_INFO
0000ec8e   _DO_STATUS
0000ec8f   _DI_STATUS
0000ec90   _DO_Func
0000ec92   _DI_Func
0000ec94   _digital_out_funtion
0000ec9c   _input_function_option
0000eca8   _CpuTimer1
0000ecb0   _CpuTimer2
0000ecb8   _CpuTimer0
0000ecc0   _Count4mA
0000ecc1   _count_4mA
0000ecc2   _Count20mA
0000ecc3   _count
0000ecc4   _count_20mA
0000ecc5   _Count0mA
0000ecc6   _Anaolg_Output_mA_x1
0000ecc7   _count_0mA
0000ecc8   _AO1
0000eccf   _AO2
00320000   .text
00320000   _Read_Data_Registers
00320000   ___text__
0032043c   _Write_Data_Registers_Online
003206b4   _Write_Data_Registers_Offline
00320a8e   _Relay_setup
00320a98   _Init_GPIO
00320aaa   _delay
00320ab8   _delay_long
00320ac6   _LSPCLK_setup
00320ad0   _Init_AD_converter
00320af6   _Parameter_Initialization
00320ff1   _Init_var
00321080   _init_control_value
00321115   _inv_Time_Const
00321145   _Init_dsc
003211a6   _calculateOffset
003211f7   _Gain_setting
00321298   _Voltage_controller
003213be   _current_controller_1
003215d3   _current_controller_2
003216f1   _current_controller_3
003217e3   _Temperature_Calculation
00321871   _asc2hex
00321888   _hex2asc
00321894   _write_txbuf_string
003218af   _write_txbuf_asc
003218c4   _write_txbuf_byte
003218ee   _write_txbuf_word
0032193e   _write_txbuf_long
003219dc   _state0_proc
00321b44   _state1_proc
00321b61   _state2_proc
00321bd4   _state3_proc
00321bec   _state4_proc
00321c0d   _state5_proc
00321c3c   _state6_proc
00321c54   _state7_proc
00321ccd   _sci_debug_init
00321d06   _fault_chk
00321d48   _CheckOverCurrent
00321eb0   _CheckOverVolt
00321f06   _CheckUnderVolt
00321f5c   _CheckOverVolt_in
00321fa9   _CheckUnderVolt_in
00321ffd   _CheckOverHeat
00322035   _CheckFaultDriver
00322044   _TripProc
00322081   _Fault_Recording
00322136   _DMAInitialize
00322141   _DMACH1AddrConfig
00322153   _DMACH1BurstConfig
00322163   _DMACH1TransferConfig
00322173   _DMACH1WrapConfig
00322186   _DMACH1ModeConfig
003221e0   _StartDMACH1
003221e8   _DMACH2AddrConfig
003221fa   _DMACH2BurstConfig
0032220a   _DMACH2TransferConfig
0032221a   _DMACH2WrapConfig
0032222d   _DMACH2ModeConfig
00322287   _StartDMACH2
0032228f   _DMACH3AddrConfig
003222a1   _DMACH3BurstConfig
003222b1   _DMACH3TransferConfig
003222c1   _DMACH3WrapConfig
003222d4   _DMACH3ModeConfig
0032232e   _StartDMACH3
00322336   _DMACH4AddrConfig
00322348   _DMACH4BurstConfig
00322358   _DMACH4TransferConfig
00322368   _DMACH4WrapConfig
0032237b   _DMACH4ModeConfig
003223d5   _StartDMACH4
003223dd   _DMACH5AddrConfig
003223ef   _DMACH5BurstConfig
003223ff   _DMACH5TransferConfig
0032240f   _DMACH5WrapConfig
00322422   _DMACH5ModeConfig
0032247c   _StartDMACH5
00322484   _DMACH6AddrConfig
00322496   _DMACH6BurstConfig
003224a6   _DMACH6TransferConfig
003224b6   _DMACH6WrapConfig
003224c9   _DMACH6ModeConfig
00322523   _StartDMACH6
0032252b   _input_state
00322544   _set_digit_input_funtion
003226cf   _digital_input_proc
00322775   _digital_port_check
003227e6   _digital_out_proc
003228a3   _pwm_buffer_setup
003228ad   _pwm_g1_setup
00322a74   _epwm1_timer_isr
00322afa   _epwm2_timer_isr
00322b7a   _epwm3_timer_isr
00322c02   _scib_init
00322c35   _scic_init
00322c6e   _scib_TxChar
00322c7a   _scib_TxString
00322c86   _scic_TxChar
00322c92   _scic_TxString
00322c9e   _scib_tx_start
00322cc3   _scic_tx_start
00322ce8   _scib_putc
00322d20   _scic_putc
00322d35   _scib_puts
00322d50   _scic_puts
00322d6b   _scic_test
00322d94   _CRC_16
00322db8   _SCIC_Process
00322f5f   _INT13_ISR
00322f69   _INT14_ISR
00322f73   _DATALOG_ISR
00322f7d   _RTOSINT_ISR
00322f87   _EMUINT_ISR
00322f91   _NMI_ISR
00322f9b   _ILLEGAL_ISR
00322fa5   _USER1_ISR
00322faf   _USER2_ISR
00322fb9   _USER3_ISR
00322fc3   _USER4_ISR
00322fcd   _USER5_ISR
00322fd7   _USER6_ISR
00322fe1   _USER7_ISR
00322feb   _USER8_ISR
00322ff5   _USER9_ISR
00322fff   _USER10_ISR
00323009   _USER11_ISR
00323013   _USER12_ISR
0032301d   _SEQ1INT_ISR
00323027   _SEQ2INT_ISR
00323031   _XINT1_ISR
0032303b   _XINT2_ISR
00323045   _ADCINT_ISR
0032304f   _TINT0_ISR
00323059   _WAKEINT_ISR
00323063   _EPWM1_TZINT_ISR
0032306d   _EPWM2_TZINT_ISR
00323077   _EPWM3_TZINT_ISR
00323081   _EPWM4_TZINT_ISR
0032308b   _EPWM5_TZINT_ISR
00323095   _EPWM6_TZINT_ISR
0032309f   _EPWM1_INT_ISR
003230a9   _EPWM2_INT_ISR
003230b3   _EPWM3_INT_ISR
003230bd   _EPWM4_INT_ISR
003230c7   _EPWM5_INT_ISR
003230d1   _EPWM6_INT_ISR
003230db   _ECAP1_INT_ISR
003230e5   _ECAP2_INT_ISR
003230ef   _ECAP3_INT_ISR
003230f9   _ECAP4_INT_ISR
00323103   _ECAP5_INT_ISR
0032310d   _ECAP6_INT_ISR
00323117   _EQEP1_INT_ISR
00323121   _EQEP2_INT_ISR
0032312b   _SPIRXINTA_ISR
00323135   _SPITXINTA_ISR
0032313f   _MRINTB_ISR
00323149   _MXINTB_ISR
00323153   _MRINTA_ISR
0032315d   _MXINTA_ISR
00323167   _DINTCH1_ISR
00323171   _DINTCH2_ISR
0032317b   _DINTCH3_ISR
00323185   _DINTCH4_ISR
0032318f   _DINTCH5_ISR
00323199   _DINTCH6_ISR
003231a3   _I2CINT1A_ISR
003231ad   _I2CINT2A_ISR
003231b7   _SCIRXINTC_ISR
003231c1   _SCITXINTC_ISR
003231cb   _SCIRXINTA_ISR
003231d5   _SCITXINTA_ISR
003231df   _SCIRXINTB_ISR
003231e9   _SCITXINTB_ISR
003231f3   _ECAN0INTA_ISR
003231fd   _ECAN1INTA_ISR
00323207   _ECAN0INTB_ISR
00323211   _ECAN1INTB_ISR
0032321b   _XINT3_ISR
00323225   _XINT4_ISR
0032322f   _XINT5_ISR
00323239   _XINT6_ISR
00323243   _XINT7_ISR
0032324d   _LVF_ISR
00323257   _LUF_ISR
00323261   _PIE_RESERVED
0032326b   _rsvd_ISR
00323275   _InitGpio
003234c5   _Analog_Output_Monitoring
003236ce   _main
003237f0   _Update_var
00323868   _Update_state
003238b9   _dev_DacSetup
003238eb   _dev_InitDACVariable
0032390b   _dev_SendDAC
003239cb   _dev_BackgroundDAC
00323a45   _InitSysCtrl
00323a4e   _ServiceDog
00323a58   _DisableDog
00323a60   _InitPll
00323aae   _InitPeripheralClocks
00323b09   _CsmUnlock
00323b3a   _Change_I2C_RTC
00323b43   _Recover_I2C_EEPROM
00323b4c   _Write_RTC_Data
00323b74   _Read_RTC_Data
00323ba8   _Set_InitialTime
00323bcb   _Write_Time
00323bf6   _Read_Time
00323c20   _Init_I2C_eeprom
00323c49   _Write_EEPROM_Data
00323c80   _Read_EEPROM_Data
00323cba   _Word_Write_data
00323cd4   _Word_Read_data
00323cef   _InitXintf
00323d18   _InitXintf32Gpio
00323d5f   _InitXintf16Gpio
00323d99   _InitECan
00323d9c   _InitECana
00323e1a   _InitECanGpio
00323e1d   _InitECanaGpio
00323e33   FS$$DIV
00323ebb   _InitCpuTimers
00323efa   _ConfigCpuTimer
00323f35   _log
00323f96   _c_int00
00323fdc   _InitPieCtrl
00323ffb   _EnableInterrupts
00324004   I$$DIV
00324015   I$$MOD
00324026   ___memcpy_ff
00324047   _InitPieVectTable
00324067   __args_main
00324082   C$$EXIT
00324082   _abort
00324084   _exit
0032409b   _InitI2C
0032409c   _InitI2CGpio
003240b2   _MemCopy
003240c9   _frexp
003240df   __register_unlock
003240e3   __register_lock
003240e7   __nop
003240f0   _DSP28x_DisableInt
003240f4   _DSP28x_RestoreInt
003240f7   _SetDBGIER
003240fa   _RamfuncsLoadStart
003240fa   ___etext__
003240fa   etext
00324447   _RamfuncsLoadEnd
00338000   ___cinit__
00338000   cinit
0033864e   _PieVectTableInit
0033fff6   code_start
0033fff8   _CsmPwl
00380080   _ADC_cal
00380090   _PartIdRegs
ffffffff   ___binit__
ffffffff   ___c_args__
ffffffff   ___pinit__
ffffffff   binit
ffffffff   pinit

[642 symbols]
